Archive member included to satisfy reference by file (symbol)

/opt/st/stm32cubeide_2.1.1/plugins/com.st.stm32cube.ide.mcu.externaltools.gnu-tools-for-stm32.14.3.rel1.linux64_1.0.100.202602081740/tools/bin/../lib/gcc/arm-none-eabi/14.3.1/../../../../arm-none-eabi/lib/thumb/v8-m.main+fp/hard/libc_nano.a(libc_a-exit.o)
                              /opt/st/stm32cubeide_2.1.1/plugins/com.st.stm32cube.ide.mcu.externaltools.gnu-tools-for-stm32.14.3.rel1.linux64_1.0.100.202602081740/tools/bin/../lib/gcc/arm-none-eabi/14.3.1/../../../../arm-none-eabi/lib/thumb/v8-m.main+fp/hard/crt0.o (exit)
/opt/st/stm32cubeide_2.1.1/plugins/com.st.stm32cube.ide.mcu.externaltools.gnu-tools-for-stm32.14.3.rel1.linux64_1.0.100.202602081740/tools/bin/../lib/gcc/arm-none-eabi/14.3.1/../../../../arm-none-eabi/lib/thumb/v8-m.main+fp/hard/libc_nano.a(libc_a-findfp.o)
                              /opt/st/stm32cubeide_2.1.1/plugins/com.st.stm32cube.ide.mcu.externaltools.gnu-tools-for-stm32.14.3.rel1.linux64_1.0.100.202602081740/tools/bin/../lib/gcc/arm-none-eabi/14.3.1/../../../../arm-none-eabi/lib/thumb/v8-m.main+fp/hard/libc_nano.a(libc_a-exit.o) (__stdio_exit_handler)
/opt/st/stm32cubeide_2.1.1/plugins/com.st.stm32cube.ide.mcu.externaltools.gnu-tools-for-stm32.14.3.rel1.linux64_1.0.100.202602081740/tools/bin/../lib/gcc/arm-none-eabi/14.3.1/../../../../arm-none-eabi/lib/thumb/v8-m.main+fp/hard/libc_nano.a(libc_a-fwalk.o)
                              /opt/st/stm32cubeide_2.1.1/plugins/com.st.stm32cube.ide.mcu.externaltools.gnu-tools-for-stm32.14.3.rel1.linux64_1.0.100.202602081740/tools/bin/../lib/gcc/arm-none-eabi/14.3.1/../../../../arm-none-eabi/lib/thumb/v8-m.main+fp/hard/libc_nano.a(libc_a-findfp.o) (_fwalk_sglue)
/opt/st/stm32cubeide_2.1.1/plugins/com.st.stm32cube.ide.mcu.externaltools.gnu-tools-for-stm32.14.3.rel1.linux64_1.0.100.202602081740/tools/bin/../lib/gcc/arm-none-eabi/14.3.1/../../../../arm-none-eabi/lib/thumb/v8-m.main+fp/hard/libc_nano.a(libc_a-stdio.o)
                              /opt/st/stm32cubeide_2.1.1/plugins/com.st.stm32cube.ide.mcu.externaltools.gnu-tools-for-stm32.14.3.rel1.linux64_1.0.100.202602081740/tools/bin/../lib/gcc/arm-none-eabi/14.3.1/../../../../arm-none-eabi/lib/thumb/v8-m.main+fp/hard/libc_nano.a(libc_a-findfp.o) (__sread)
/opt/st/stm32cubeide_2.1.1/plugins/com.st.stm32cube.ide.mcu.externaltools.gnu-tools-for-stm32.14.3.rel1.linux64_1.0.100.202602081740/tools/bin/../lib/gcc/arm-none-eabi/14.3.1/../../../../arm-none-eabi/lib/thumb/v8-m.main+fp/hard/libc_nano.a(libc_a-vsprintf.o)
                              ./Core/Src/COMUNICATION_PROTOCALS/uart.o (vsprintf)
/opt/st/stm32cubeide_2.1.1/plugins/com.st.stm32cube.ide.mcu.externaltools.gnu-tools-for-stm32.14.3.rel1.linux64_1.0.100.202602081740/tools/bin/../lib/gcc/arm-none-eabi/14.3.1/../../../../arm-none-eabi/lib/thumb/v8-m.main+fp/hard/libc_nano.a(libc_a-memset.o)
                              /opt/st/stm32cubeide_2.1.1/plugins/com.st.stm32cube.ide.mcu.externaltools.gnu-tools-for-stm32.14.3.rel1.linux64_1.0.100.202602081740/tools/bin/../lib/gcc/arm-none-eabi/14.3.1/../../../../arm-none-eabi/lib/thumb/v8-m.main+fp/hard/crt0.o (memset)
/opt/st/stm32cubeide_2.1.1/plugins/com.st.stm32cube.ide.mcu.externaltools.gnu-tools-for-stm32.14.3.rel1.linux64_1.0.100.202602081740/tools/bin/../lib/gcc/arm-none-eabi/14.3.1/../../../../arm-none-eabi/lib/thumb/v8-m.main+fp/hard/libc_nano.a(libc_a-closer.o)
                              /opt/st/stm32cubeide_2.1.1/plugins/com.st.stm32cube.ide.mcu.externaltools.gnu-tools-for-stm32.14.3.rel1.linux64_1.0.100.202602081740/tools/bin/../lib/gcc/arm-none-eabi/14.3.1/../../../../arm-none-eabi/lib/thumb/v8-m.main+fp/hard/libc_nano.a(libc_a-stdio.o) (_close_r)
/opt/st/stm32cubeide_2.1.1/plugins/com.st.stm32cube.ide.mcu.externaltools.gnu-tools-for-stm32.14.3.rel1.linux64_1.0.100.202602081740/tools/bin/../lib/gcc/arm-none-eabi/14.3.1/../../../../arm-none-eabi/lib/thumb/v8-m.main+fp/hard/libc_nano.a(libc_a-reent.o)
                              /opt/st/stm32cubeide_2.1.1/plugins/com.st.stm32cube.ide.mcu.externaltools.gnu-tools-for-stm32.14.3.rel1.linux64_1.0.100.202602081740/tools/bin/../lib/gcc/arm-none-eabi/14.3.1/../../../../arm-none-eabi/lib/thumb/v8-m.main+fp/hard/libc_nano.a(libc_a-closer.o) (errno)
/opt/st/stm32cubeide_2.1.1/plugins/com.st.stm32cube.ide.mcu.externaltools.gnu-tools-for-stm32.14.3.rel1.linux64_1.0.100.202602081740/tools/bin/../lib/gcc/arm-none-eabi/14.3.1/../../../../arm-none-eabi/lib/thumb/v8-m.main+fp/hard/libc_nano.a(libc_a-impure.o)
                              /opt/st/stm32cubeide_2.1.1/plugins/com.st.stm32cube.ide.mcu.externaltools.gnu-tools-for-stm32.14.3.rel1.linux64_1.0.100.202602081740/tools/bin/../lib/gcc/arm-none-eabi/14.3.1/../../../../arm-none-eabi/lib/thumb/v8-m.main+fp/hard/libc_nano.a(libc_a-vsprintf.o) (_impure_ptr)
[...]
Memory Configuration

Name             Origin             Length             Attributes
RAM              0x20000000         0x00044000         xrw
FLASH            0x08000000         0x00080000         xr
*default*        0x00000000         0xffffffff

Linker script and memory map

LOAD /opt/st/stm32cubeide_2.1.1/plugins/com.st.stm32cube.ide.mcu.externaltools.gnu-tools-for-stm32.14.3.rel1.linux64_1.0.100.202602081740/tools/bin/../lib/gcc/arm-none-eabi/14.3.1/thumb/v8-m.main+fp/hard/crti.o
LOAD /opt/st/stm32cubeide_2.1.1/plugins/com.st.stm32cube.ide.mcu.externaltools.gnu-tools-for-stm32.14.3.rel1.linux64_1.0.100.202602081740/tools/bin/../lib/gcc/arm-none-eabi/14.3.1/thumb/v8-m.main+fp/hard/crtbegin.o
LOAD /opt/st/stm32cubeide_2.1.1/plugins/com.st.stm32cube.ide.mcu.externaltools.gnu-tools-for-stm32.14.3.rel1.linux64_1.0.100.202602081740/tools/bin/../lib/gcc/arm-none-eabi/14.3.1/../../../../arm-none-eabi/lib/thumb/v8-m.main+fp/hard/crt0.o
LOAD ./Core/Src/CMD/contactor.o
LOAD ./Core/Src/CMD/fan.o
LOAD ./Core/Src/CMD/valve.o
LOAD ./Core/Src/COMUNICATION_PROTOCALS/can.o
LOAD ./Core/Src/COMUNICATION_PROTOCALS/uart.o
LOAD ./Core/Src/CONTROL/alarms.o
LOAD ./Core/Src/CONTROL/auto_control.o
LOAD ./Core/Src/CONTROL/button.o
LOAD ./Core/Src/CONTROL/print.o
LOAD ./Core/Src/CONTROL/state.o
LOAD ./Core/Src/main.o
LOAD ./Core/Src/stm32h5xx_hal_msp.o
LOAD ./Core/Src/stm32h5xx_it.o
LOAD ./Core/Src/syscalls.o
LOAD ./Core/Src/sysmem.o
LOAD ./Core/Src/system_stm32h5xx.o
LOAD ./Core/Startup/startup_stm32h533retx.o
LOAD ./Drivers/STM32H5xx_HAL_Driver/Src/stm32h5xx_hal.o
LOAD ./Drivers/STM32H5xx_HAL_Driver/Src/stm32h5xx_hal_adc.o
LOAD ./Drivers/STM32H5xx_HAL_Driver/Src/stm32h5xx_hal_adc_ex.o
LOAD ./Drivers/STM32H5xx_HAL_Driver/Src/stm32h5xx_hal_cortex.o
LOAD ./Drivers/STM32H5xx_HAL_Driver/Src/stm32h5xx_hal_dma.o
LOAD ./Drivers/STM32H5xx_HAL_Driver/Src/stm32h5xx_hal_dma_ex.o
LOAD ./Drivers/STM32H5xx_HAL_Driver/Src/stm32h5xx_hal_exti.o
LOAD ./Drivers/STM32H5xx_HAL_Driver/Src/stm32h5xx_hal_fdcan.o
LOAD ./Drivers/STM32H5xx_HAL_Driver/Src/stm32h5xx_hal_flash.o
LOAD ./Drivers/STM32H5xx_HAL_Driver/Src/stm32h5xx_hal_flash_ex.o
LOAD ./Drivers/STM32H5xx_HAL_Driver/Src/stm32h5xx_hal_gpio.o
LOAD ./Drivers/STM32H5xx_HAL_Driver/Src/stm32h5xx_hal_icache.o
LOAD ./Drivers/STM32H5xx_HAL_Driver/Src/stm32h5xx_hal_pwr.o
LOAD ./Drivers/STM32H5xx_HAL_Driver/Src/stm32h5xx_hal_pwr_ex.o
LOAD ./Drivers/STM32H5xx_HAL_Driver/Src/stm32h5xx_hal_rcc.o
LOAD ./Drivers/STM32H5xx_HAL_Driver/Src/stm32h5xx_hal_rcc_ex.o
LOAD ./Drivers/STM32H5xx_HAL_Driver/Src/stm32h5xx_hal_tim.o
LOAD ./Drivers/STM32H5xx_HAL_Driver/Src/stm32h5xx_hal_tim_ex.o
LOAD ./Drivers/STM32H5xx_HAL_Driver/Src/stm32h5xx_hal_uart.o
LOAD ./Drivers/STM32H5xx_HAL_Driver/Src/stm32h5xx_hal_uart_ex.o
START GROUP
LOAD /opt/st/stm32cubeide_2.1.1/plugins/com.st.stm32cube.ide.mcu.externaltools.gnu-tools-for-stm32.14.3.rel1.linux64_1.0.100.202602081740/tools/bin/../lib/gcc/arm-none-eabi/14.3.1/../../../../arm-none-eabi/lib/thumb/v8-m.main+fp/hard/libc_nano.a
LOAD /opt/st/stm32cubeide_2.1.1/plugins/com.st.stm32cube.ide.mcu.externaltools.gnu-tools-for-stm32.14.3.rel1.linux64_1.0.100.202602081740/tools/bin/../lib/gcc/arm-none-eabi/14.3.1/../../../../arm-none-eabi/lib/thumb/v8-m.main+fp/hard/libm.a
END GROUP
START GROUP
LOAD /opt/st/stm32cubeide_2.1.1/plugins/com.st.stm32cube.ide.mcu.externaltools.gnu-tools-for-stm32.14.3.rel1.linux64_1.0.100.202602081740/tools/bin/../lib/gcc/arm-none-eabi/14.3.1/thumb/v8-m.main+fp/hard/libgcc.a
LOAD /opt/st/stm32cubeide_2.1.1/plugins/com.st.stm32cube.ide.mcu.externaltools.gnu-tools-for-stm32.14.3.rel1.linux64_1.0.100.202602081740/tools/bin/../lib/gcc/arm-none-eabi/14.3.1/../../../../arm-none-eabi/lib/thumb/v8-m.main+fp/hard/libc_nano.a
END GROUP
START GROUP
LOAD /opt/st/stm32cubeide_2.1.1/plugins/com.st.stm32cube.ide.mcu.externaltools.gnu-tools-for-stm32.14.3.rel1.linux64_1.0.100.202602081740/tools/bin/../lib/gcc/arm-none-eabi/14.3.1/thumb/v8-m.main+fp/hard/libgcc.a
LOAD /opt/st/stm32cubeide_2.1.1/plugins/com.st.stm32cube.ide.mcu.externaltools.gnu-tools-for-stm32.14.3.rel1.linux64_1.0.100.202602081740/tools/bin/../lib/gcc/arm-none-eabi/14.3.1/../../../../arm-none-eabi/lib/thumb/v8-m.main+fp/hard/libc_nano.a
LOAD /opt/st/stm32cubeide_2.1.1/plugins/com.st.stm32cube.ide.mcu.externaltools.gnu-tools-for-stm32.14.3.rel1.linux64_1.0.100.202602081740/tools/bin/../lib/gcc/arm-none-eabi/14.3.1/../../../../arm-none-eabi/lib/thumb/v8-m.main+fp/hard/libnosys.a
END GROUP
START GROUP
LOAD /opt/st/stm32cubeide_2.1.1/plugins/com.st.stm32cube.ide.mcu.externaltools.gnu-tools-for-stm32.14.3.rel1.linux64_1.0.100.202602081740/tools/bin/../lib/gcc/arm-none-eabi/14.3.1/thumb/v8-m.main+fp/hard/libgcc.a
LOAD /opt/st/stm32cubeide_2.1.1/plugins/com.st.stm32cube.ide.mcu.externaltools.gnu-tools-for-stm32.14.3.rel1.linux64_1.0.100.202602081740/tools/bin/../lib/gcc/arm-none-eabi/14.3.1/../../../../arm-none-eabi/lib/thumb/v8-m.main+fp/hard/libc_nano.a
LOAD /opt/st/stm32cubeide_2.1.1/plugins/com.st.stm32cube.ide.mcu.externaltools.gnu-tools-for-stm32.14.3.rel1.linux64_1.0.100.202602081740/tools/bin/../lib/gcc/arm-none-eabi/14.3.1/../../../../arm-none-eabi/lib/thumb/v8-m.main+fp/hard/libnosys.a
END GROUP
LOAD /opt/st/stm32cubeide_2.1.1/plugins/com.st.stm32cube.ide.mcu.externaltools.gnu-tools-for-stm32.14.3.rel1.linux64_1.0.100.202602081740/tools/bin/../lib/gcc/arm-none-eabi/14.3.1/thumb/v8-m.main+fp/hard/crtend.o
LOAD /opt/st/stm32cubeide_2.1.1/plugins/com.st.stm32cube.ide.mcu.externaltools.gnu-tools-for-stm32.14.3.rel1.linux64_1.0.100.202602081740/tools/bin/../lib/gcc/arm-none-eabi/14.3.1/thumb/v8-m.main+fp/hard/crtn.o
                0x20044000                        _estack = (ORIGIN (RAM) + LENGTH (RAM))
                0x20043c00                        _sstack = (_estack - _Min_Stack_Size)
                0x00000200                        _Min_Heap_Size = 0x200
                0x00000400                        _Min_Stack_Size = 0x400

.isr_vector     0x08000000      0x254
                0x08000000                        . = ALIGN (0x4)
 *(.isr_vector)
 .isr_vector    0x08000000      0x254 ./Core/Startup/startup_stm32h533retx.o
                0x08000000                g_pfnVectors
                0x08000254                        . = ALIGN (0x4)

.text           0x08000258     0xea48
                0x08000258                        . = ALIGN (0x4)
 *(.text)
 .text          0x08000258       0x40 /opt/st/stm32cubeide_2.1.1/plugins/com.st.stm32cube.ide.mcu.externaltools.gnu-tools-for-stm32.14.3.rel1.linux64_1.0.100.202602081740/tools/bin/../lib/gcc/arm-none-eabi/14.3.1/thumb/v8-m.main+fp/hard/crtbegin.o
 .text          0x08000298       0x10 /opt/st/stm32cubeide_2.1.1/plugins/com.st.stm32cube.ide.mcu.externaltools.gnu-tools-for-stm32.14.3.rel1.linux64_1.0.100.202602081740/tools/bin/../lib/gcc/arm-none-eabi/14.3.1/../../../../arm-none-eabi/lib/thumb/v8-m.main+fp/hard/libc_nano.a(libc_a-strlen.o)
                0x08000298                strlen
 .text          0x080002a8      0x254 /opt/st/stm32cubeide_2.1.1/plugins/com.st.stm32cube.ide.mcu.externaltools.gnu-tools-for-stm32.14.3.rel1.linux64_1.0.100.202602081740/tools/bin/../lib/gcc/arm-none-eabi/14.3.1/thumb/v8-m.main+fp/hard/libgcc.a(_arm_muldf3.o)
                0x080002a8                __aeabi_dmul
                0x080002a8                __muldf3
 .text          0x080004fc      0x378 /opt/st/stm32cubeide_2.1.1/plugins/com.st.stm32cube.ide.mcu.externaltools.gnu-tools-for-stm32.14.3.rel1.linux64_1.0.100.202602081740/tools/bin/../lib/gcc/arm-none-eabi/14.3.1/thumb/v8-m.main+fp/hard/libgcc.a(_arm_addsubdf3.o)
                0x080004fc                __aeabi_drsub
                0x08000504                __aeabi_dsub
                0x08000504                __subdf3
                0x08000508                __adddf3
                0x08000508                __aeabi_dadd
                0x08000780                __aeabi_ui2d
                0x08000780                __floatunsidf
                0x080007a0                __floatsidf
                0x080007a0                __aeabi_i2d
                0x080007c4                __extendsfdf2
                0x080007c4                __aeabi_f2d
                0x08000808                __aeabi_ul2d
                0x08000808                __floatundidf
                0x08000818                __floatdidf
                0x08000818                __aeabi_l2d
 .text          0x08000874      0x110 /opt/st/stm32cubeide_2.1.1/plugins/com.st.stm32cube.ide.mcu.externaltools.gnu-tools-for-stm32.14.3.rel1.linux64_1.0.100.202602081740/tools/bin/../lib/gcc/arm-none-eabi/14.3.1/thumb/v8-m.main+fp/hard/libgcc.a(_arm_cmpdf2.o)
                0x08000874                __gtdf2
                0x08000874                __gedf2
                0x0800087c                __ltdf2
                0x0800087c                __ledf2
                0x08000884                __cmpdf2
                0x08000884                __eqdf2
                0x08000884                __nedf2
                0x08000900                __aeabi_cdrcmple
                0x08000910                __aeabi_cdcmple
                0x08000910                __aeabi_cdcmpeq
                0x08000920                __aeabi_dcmpeq
                0x08000934                __aeabi_dcmplt
                0x08000948                __aeabi_dcmple
                0x0800095c                __aeabi_dcmpge
                0x08000970                __aeabi_dcmpgt
 .text          0x08000984       0xa0 /opt/st/stm32cubeide_2.1.1/plugins/com.st.stm32cube.ide.mcu.externaltools.gnu-tools-for-stm32.14.3.rel1.linux64_1.0.100.202602081740/tools/bin/../lib/gcc/arm-none-eabi/14.3.1/thumb/v8-m.main+fp/hard/libgcc.a(_arm_truncdfsf2.o)
                0x08000984                __aeabi_d2f
                0x08000984                __truncdfsf2
 .text          0x08000a24       0x30 /opt/st/stm32cubeide_2.1.1/plugins/com.st.stm32cube.ide.mcu.externaltools.gnu-tools-for-stm32.14.3.rel1.linux64_1.0.100.202602081740/tools/bin/../lib/gcc/arm-none-eabi/14.3.1/thumb/v8-m.main+fp/hard/libgcc.a(_aeabi_uldivmod.o)
                0x08000a24                __aeabi_uldivmod
 .text          0x08000a54      0x34c /opt/st/stm32cubeide_2.1.1/plugins/com.st.stm32cube.ide.mcu.externaltools.gnu-tools-for-stm32.14.3.rel1.linux64_1.0.100.202602081740/tools/bin/../lib/gcc/arm-none-eabi/14.3.1/thumb/v8-m.main+fp/hard/libgcc.a(_udivmoddi4.o)
                0x08000a54                __udivmoddi4
 .text          0x08000da0        0x4 /opt/st/stm32cubeide_2.1.1/plugins/com.st.stm32cube.ide.mcu.externaltools.gnu-tools-for-stm32.14.3.rel1.linux64_1.0.100.202602081740/tools/bin/../lib/gcc/arm-none-eabi/14.3.1/thumb/v8-m.main+fp/hard/libgcc.a(_dvmd_tls.o)
                0x08000da0                __aeabi_ldiv0
                0x08000da0                __aeabi_idiv0
 *(.text*)
 .text.ResistorContactor_CMD
                0x08000da4       0x48 ./Core/Src/CMD/contactor.o
                0x08000da4                ResistorContactor_CMD
 .text.MainContactor_CMD
                0x08000dec       0x4c ./Core/Src/CMD/contactor.o
                0x08000dec                MainContactor_CMD
 .text.Fan_CMD  0x08000e38       0x4c ./Core/Src/CMD/fan.o
                0x08000e38                Fan_CMD
 *fill*         0x08000e84        0x4 
 .text.H2_reaction_tracker
                0x08000e88       0xe4 ./Core/Src/CMD/valve.o
                0x08000e88                H2_reaction_tracker
 *fill*         0x08000f6c        0x4 
 .text.H2_purge_tracker
                0x08000f70       0x7c ./Core/Src/CMD/valve.o
                0x08000f70                H2_purge_tracker
 .text.SupplyValve_CMD
                0x08000fec       0x4c ./Core/Src/CMD/valve.o
                0x08000fec                SupplyValve_CMD
 .text.PurgeValve_CMD
                0x08001038       0x60 ./Core/Src/CMD/valve.o
                0x08001038                PurgeValve_CMD
 .text.config   0x08001098       0x20 ./Core/Src/COMUNICATION_PROTOCALS/can.o
                0x08001098                config
 .text.declare_can_CHECK
                0x080010b8       0x50 ./Core/Src/COMUNICATION_PROTOCALS/can.o
                0x080010b8                declare_can_CHECK
 .text.declare_can_ERROR
                0x08001108       0x50 ./Core/Src/COMUNICATION_PROTOCALS/can.o
                0x08001108                declare_can_ERROR
 .text.declare_can_BMS
                0x08001158       0x50 ./Core/Src/COMUNICATION_PROTOCALS/can.o
                0x08001158                declare_can_BMS
 .text.Slice_DATA
                0x080011a8       0xc0 ./Core/Src/COMUNICATION_PROTOCALS/can.o
                0x080011a8                Slice_DATA
 .text.print    0x08001268       0x48 ./Core/Src/COMUNICATION_PROTOCALS/uart.o
                0x08001268                print
 .text.println  0x080012b0       0x58 ./Core/Src/COMUNICATION_PROTOCALS/uart.o
                0x080012b0                println
 .text.CheckVoltageNominal
                0x08001308      0x13c ./Core/Src/CONTROL/alarms.o
                0x08001308                CheckVoltageNominal
 .text.Check_Alarms
                0x08001444      0x340 ./Core/Src/CONTROL/alarms.o
                0x08001444                Check_Alarms
 .text.SEND_CAN_Message
                0x08001784       0x48 ./Core/Src/CONTROL/alarms.o
                0x08001784                SEND_CAN_Message
 .text.Calculate_OptTemp
                0x080017cc       0x44 ./Core/Src/CONTROL/auto_control.o
                0x080017cc                Calculate_OptTemp
 .text.Automatic_Fan_Control
                0x08001810      0x194 ./Core/Src/CONTROL/auto_control.o
                0x08001810                Automatic_Fan_Control
 .text.Automatic_Purge_Control
                0x080019a4       0xf8 ./Core/Src/CONTROL/auto_control.o
                0x080019a4                Automatic_Purge_Control
 .text.StartECU
                0x08001a9c       0x20 ./Core/Src/CONTROL/button.o
                0x08001a9c                StartECU
 .text.ForceSupply
                0x08001abc       0x44 ./Core/Src/CONTROL/button.o
                0x08001abc                ForceSupply
 .text.ForcePurge
                0x08001b00       0x44 ./Core/Src/CONTROL/button.o
                0x08001b00                ForcePurge
 .text.print_sensors
                0x08001b44      0x12c ./Core/Src/CONTROL/print.o
                0x08001b44                print_sensors
 .text.Run_State_Machine
                0x08001c70       0x80 ./Core/Src/CONTROL/state.o
                0x08001c70                Run_State_Machine
 .text.FC_StandBy_State
                0x08001cf0       0x38 ./Core/Src/CONTROL/state.o
                0x08001cf0                FC_StandBy_State
 .text.FC_StartUp_FanSpoolUp_State
                0x08001d28       0x6c ./Core/Src/CONTROL/state.o
                0x08001d28                FC_StartUp_FanSpoolUp_State
 .text.FC_StartUp_StartUpPurge_State
                0x08001d94       0x70 ./Core/Src/CONTROL/state.o
                0x08001d94                FC_StartUp_StartUpPurge_State
 .text.FC_WarmUp
                0x08001e04       0x74 ./Core/Src/CONTROL/state.o
                0x08001e04                FC_WarmUp
 .text.FC_StartUp_End_State
                0x08001e78       0x50 ./Core/Src/CONTROL/state.o
                0x08001e78                FC_StartUp_End_State
 .text.FC_Run_State
                0x08001ec8       0x70 ./Core/Src/CONTROL/state.o
                0x08001ec8                FC_Run_State
 .text.FC_Shutdown_State
                0x08001f38       0x78 ./Core/Src/CONTROL/state.o
                0x08001f38                FC_Shutdown_State
 .text.FC_Alarm_State
                0x08001fb0       0x38 ./Core/Src/CONTROL/state.o
                0x08001fb0                FC_Alarm_State
 .text.main     0x08001fe8      0x144 ./Core/Src/main.o
                0x08001fe8                main
 .text.Receive_CAN_Message
                0x0800212c       0xa0 ./Core/Src/main.o
                0x0800212c                Receive_CAN_Message
 .text.HAL_ADC_ConvHalfCpltCallback
                0x080021cc      0x1e4 ./Core/Src/main.o
                0x080021cc                HAL_ADC_ConvHalfCpltCallback
 .text.HAL_ADC_ConvCpltCallback
                0x080023b0      0x1e4 ./Core/Src/main.o
                0x080023b0                HAL_ADC_ConvCpltCallback
 .text.HAL_GPIO_EXTI_Rising_Callback
                0x08002594       0xf8 ./Core/Src/main.o
                0x08002594                HAL_GPIO_EXTI_Rising_Callback
 .text.HAL_GPIO_EXTI_Falling_Callback
                0x0800268c       0x50 ./Core/Src/main.o
                0x0800268c                HAL_GPIO_EXTI_Falling_Callback
 .text.HAL_TIM_PeriodElapsedCallback
                0x080026dc       0x5c ./Core/Src/main.o
                0x080026dc                HAL_TIM_PeriodElapsedCallback
 .text.SystemClock_Config
                0x08002738       0xe8 ./Core/Src/main.o
                0x08002738                SystemClock_Config
 .text.MX_ADC1_Init
                0x08002820      0x100 ./Core/Src/main.o
 .text.MX_ADC2_Init
                0x08002920       0xec ./Core/Src/main.o
 .text.MX_FDCAN2_Init
                0x08002a0c       0x8c ./Core/Src/main.o
 .text.MX_GPDMA1_Init
                0x08002a98       0x40 ./Core/Src/main.o
 .text.MX_GPDMA2_Init
                0x08002ad8       0x40 ./Core/Src/main.o
 .text.MX_ICACHE_Init
                0x08002b18       0x26 ./Core/Src/main.o
 *fill*         0x08002b3e        0x2 
 .text.MX_TIM1_Init
                0x08002b40      0x128 ./Core/Src/main.o
 .text.MX_TIM2_Init
                0x08002c68       0x8c ./Core/Src/main.o
 .text.MX_TIM3_Init
                0x08002cf4       0x9c ./Core/Src/main.o
 .text.MX_TIM4_Init
                0x08002d90       0x9c ./Core/Src/main.o
 .text.MX_TIM6_Init
                0x08002e2c       0x90 ./Core/Src/main.o
 .text.MX_TIM12_Init
                0x08002ebc       0x74 ./Core/Src/main.o
 .text.MX_USART2_UART_Init
                0x08002f30       0x98 ./Core/Src/main.o
 .text.MX_USART6_UART_Init
                0x08002fc8        0xe ./Core/Src/main.o
 *fill*         0x08002fd6        0x2 
 .text.MX_GPIO_Init
                0x08002fd8      0x168 ./Core/Src/main.o
 .text.EXTI0_IRQHandler
                0x08003140        0xe ./Core/Src/main.o
                0x08003140                EXTI0_IRQHandler
 .text.EXTI1_IRQHandler
                0x0800314e        0xe ./Core/Src/main.o
                0x0800314e                EXTI1_IRQHandler
 .text.EXTI2_IRQHandler
                0x0800315c        0xe ./Core/Src/main.o
                0x0800315c                EXTI2_IRQHandler
 *fill*         0x0800316a        0x2 
 .text.MPU_Config
                0x0800316c       0x6c ./Core/Src/main.o
 .text.Error_Handler
                0x080031d8        0xc ./Core/Src/main.o
                0x080031d8                Error_Handler
 .text.HAL_MspInit
                0x080031e4        0xe ./Core/Src/stm32h5xx_hal_msp.o
                0x080031e4                HAL_MspInit
 *fill*         0x080031f2        0x2 
 .text.HAL_ADC_MspInit
                0x080031f4      0x4a4 ./Core/Src/stm32h5xx_hal_msp.o
                0x080031f4                HAL_ADC_MspInit
 .text.HAL_FDCAN_MspInit
                0x08003698       0xd4 ./Core/Src/stm32h5xx_hal_msp.o
                0x08003698                HAL_FDCAN_MspInit
 .text.HAL_TIM_PWM_MspInit
                0x0800376c       0x44 ./Core/Src/stm32h5xx_hal_msp.o
                0x0800376c                HAL_TIM_PWM_MspInit
 .text.HAL_TIM_Base_MspInit
                0x080037b0      0x124 ./Core/Src/stm32h5xx_hal_msp.o
                0x080037b0                HAL_TIM_Base_MspInit
 .text.HAL_TIM_MspPostInit
                0x080038d4       0x78 ./Core/Src/stm32h5xx_hal_msp.o
                0x080038d4                HAL_TIM_MspPostInit
 .text.HAL_UART_MspInit
                0x0800394c       0xd0 ./Core/Src/stm32h5xx_hal_msp.o
                0x0800394c                HAL_UART_MspInit
 .text.NMI_Handler
                0x08003a1c        0x8 ./Core/Src/stm32h5xx_it.o
                0x08003a1c                NMI_Handler
 .text.HardFault_Handler
                0x08003a24        0x8 ./Core/Src/stm32h5xx_it.o
                0x08003a24                HardFault_Handler
 .text.MemManage_Handler
                0x08003a2c        0x8 ./Core/Src/stm32h5xx_it.o
                0x08003a2c                MemManage_Handler
 .text.BusFault_Handler
                0x08003a34        0x8 ./Core/Src/stm32h5xx_it.o
                0x08003a34                BusFault_Handler
 .text.UsageFault_Handler
                0x08003a3c        0x8 ./Core/Src/stm32h5xx_it.o
                0x08003a3c                UsageFault_Handler
 .text.SVC_Handler
                0x08003a44        0xe ./Core/Src/stm32h5xx_it.o
                0x08003a44                SVC_Handler
 .text.DebugMon_Handler
                0x08003a52        0xe ./Core/Src/stm32h5xx_it.o
                0x08003a52                DebugMon_Handler
 .text.PendSV_Handler
                0x08003a60        0xe ./Core/Src/stm32h5xx_it.o
                0x08003a60                PendSV_Handler
 .text.SysTick_Handler
                0x08003a6e        0xc ./Core/Src/stm32h5xx_it.o
                0x08003a6e                SysTick_Handler
 *fill*         0x08003a7a        0x2 
 .text.GPDMA1_Channel0_IRQHandler
                0x08003a7c       0x14 ./Core/Src/stm32h5xx_it.o
                0x08003a7c                GPDMA1_Channel0_IRQHandler
 .text.TIM3_IRQHandler
                0x08003a90       0x14 ./Core/Src/stm32h5xx_it.o
                0x08003a90                TIM3_IRQHandler
 .text.TIM4_IRQHandler
                0x08003aa4       0x14 ./Core/Src/stm32h5xx_it.o
                0x08003aa4                TIM4_IRQHandler
 .text.GPDMA2_Channel0_IRQHandler
                0x08003ab8       0x14 ./Core/Src/stm32h5xx_it.o
                0x08003ab8                GPDMA2_Channel0_IRQHandler
 .text.TIM12_IRQHandler
                0x08003acc       0x14 ./Core/Src/stm32h5xx_it.o
                0x08003acc                TIM12_IRQHandler
 .text._sbrk    0x08003ae0       0x6c ./Core/Src/sysmem.o
                0x08003ae0                _sbrk
 .text.SystemInit
                0x08003b4c      0x100 ./Core/Src/system_stm32h5xx.o
                0x08003b4c                SystemInit
 .text.Reset_Handler
                0x08003c4c       0x5c ./Core/Startup/startup_stm32h533retx.o
                0x08003c4c                Reset_Handler
 .text.Default_Handler
                0x08003ca8        0x2 ./Core/Startup/startup_stm32h533retx.o
                0x08003ca8                TIM8_TRG_COM_IRQHandler
                0x08003ca8                TIM8_CC_IRQHandler
                0x08003ca8                EXTI5_IRQHandler
                0x08003ca8                I3C1_ER_IRQHandler
                0x08003ca8                SPI4_IRQHandler
                0x08003ca8                GPDMA2_Channel1_IRQHandler
                0x08003ca8                FLASH_S_IRQHandler
                0x08003ca8                EXTI13_IRQHandler
                0x08003ca8                TIM1_CC_IRQHandler
                0x08003ca8                GPDMA2_Channel3_IRQHandler
                0x08003ca8                TAMP_IRQHandler
                0x08003ca8                TIM6_IRQHandler
                0x08003ca8                EXTI12_IRQHandler
                0x08003ca8                USB_DRD_FS_IRQHandler
                0x08003ca8                EXTI3_IRQHandler
                0x08003ca8                GPDMA1_Channel5_IRQHandler
                0x08003ca8                EXTI8_IRQHandler
                0x08003ca8                GPDMA2_Channel5_IRQHandler
                0x08003ca8                LPTIM2_IRQHandler
                0x08003ca8                I2C3_ER_IRQHandler
                0x08003ca8                GPDMA2_Channel2_IRQHandler
                0x08003ca8                I2C2_EV_IRQHandler
                0x08003ca8                FPU_IRQHandler
                0x08003ca8                GPDMA1_Channel3_IRQHandler
                0x08003ca8                GPDMA1_Channel7_IRQHandler
                0x08003ca8                FDCAN1_IT1_IRQHandler
                0x08003ca8                RAMCFG_IRQHandler
                0x08003ca8                DCACHE1_IRQHandler
                0x08003ca8                SPI1_IRQHandler
                0x08003ca8                OCTOSPI1_IRQHandler
                0x08003ca8                GPDMA1_Channel2_IRQHandler
                0x08003ca8                TIM8_UP_IRQHandler
                0x08003ca8                RCC_S_IRQHandler
                0x08003ca8                ADC1_IRQHandler
                0x08003ca8                PKA_IRQHandler
                0x08003ca8                USART6_IRQHandler
                0x08003ca8                I3C2_ER_IRQHandler
                0x08003ca8                EXTI15_IRQHandler
                0x08003ca8                USART3_IRQHandler
                0x08003ca8                RTC_IRQHandler
                0x08003ca8                EXTI9_IRQHandler
                0x08003ca8                UART5_IRQHandler
                0x08003ca8                I3C2_EV_IRQHandler
                0x08003ca8                I2C1_EV_IRQHandler
                0x08003ca8                GPDMA1_Channel1_IRQHandler
                0x08003ca8                UART4_IRQHandler
                0x08003ca8                SecureFault_Handler
                0x08003ca8                RCC_IRQHandler
                0x08003ca8                TIM1_TRG_COM_IRQHandler
                0x08003ca8                Default_Handler
                0x08003ca8                CEC_IRQHandler
                0x08003ca8                OTFDEC1_IRQHandler
                0x08003ca8                GPDMA2_Channel4_IRQHandler
                0x08003ca8                TIM7_IRQHandler
                0x08003ca8                SDMMC1_IRQHandler
                0x08003ca8                SAES_IRQHandler
                0x08003ca8                TIM5_IRQHandler
                0x08003ca8                UCPD1_IRQHandler
                0x08003ca8                I3C1_EV_IRQHandler
                0x08003ca8                TIM15_IRQHandler
                0x08003ca8                PVD_AVD_IRQHandler
                0x08003ca8                I2C3_EV_IRQHandler
                0x08003ca8                ADC2_IRQHandler
                0x08003ca8                SPI2_IRQHandler
                0x08003ca8                EXTI14_IRQHandler
                0x08003ca8                EXTI11_IRQHandler
                0x08003ca8                CRS_IRQHandler
                0x08003ca8                EXTI4_IRQHandler
                0x08003ca8                RTC_S_IRQHandler
                0x08003ca8                RNG_IRQHandler
                0x08003ca8                FDCAN2_IT1_IRQHandler
                0x08003ca8                GPDMA2_Channel6_IRQHandler
                0x08003ca8                TIM1_UP_IRQHandler
                0x08003ca8                WWDG_IRQHandler
                0x08003ca8                FDCAN2_IT0_IRQHandler
                0x08003ca8                IWDG_IRQHandler
                0x08003ca8                LPUART1_IRQHandler
                0x08003ca8                FDCAN1_IT0_IRQHandler
                0x08003ca8                TIM2_IRQHandler
                0x08003ca8                GPDMA1_Channel4_IRQHandler
                0x08003ca8                EXTI7_IRQHandler
                0x08003ca8                TIM1_BRK_IRQHandler
                0x08003ca8                AES_IRQHandler
                0x08003ca8                DAC1_IRQHandler
                0x08003ca8                DTS_IRQHandler
                0x08003ca8                GTZC_IRQHandler
                0x08003ca8                USART2_IRQHandler
                0x08003ca8                GPDMA1_Channel6_IRQHandler
                0x08003ca8                GPDMA2_Channel7_IRQHandler
                0x08003ca8                I2C2_ER_IRQHandler
                0x08003ca8                TIM8_BRK_IRQHandler
                0x08003ca8                FLASH_IRQHandler
                0x08003ca8                USART1_IRQHandler
                0x08003ca8                EXTI10_IRQHandler
                0x08003ca8                SPI3_IRQHandler
                0x08003ca8                I2C1_ER_IRQHandler
                0x08003ca8                FMC_IRQHandler
                0x08003ca8                EXTI6_IRQHandler
                0x08003ca8                LPTIM1_IRQHandler
                0x08003ca8                DCMI_PSSI_IRQHandler
                0x08003ca8                ICACHE_IRQHandler
                0x08003ca8                HASH_IRQHandler
 *fill*         0x08003caa        0x2 
 .text.HAL_Init
                0x08003cac       0x50 ./Drivers/STM32H5xx_HAL_Driver/Src/stm32h5xx_hal.o
                0x08003cac                HAL_Init
 .text.HAL_InitTick
                0x08003cfc       0xec ./Drivers/STM32H5xx_HAL_Driver/Src/stm32h5xx_hal.o
                0x08003cfc                HAL_InitTick
 .text.HAL_IncTick
                0x08003de8       0x28 ./Drivers/STM32H5xx_HAL_Driver/Src/stm32h5xx_hal.o
                0x08003de8                HAL_IncTick
 .text.HAL_GetTick
                0x08003e10       0x18 ./Drivers/STM32H5xx_HAL_Driver/Src/stm32h5xx_hal.o
                0x08003e10                HAL_GetTick
 .text.LL_ADC_SetCommonClock
                0x08003e28       0x26 ./Drivers/STM32H5xx_HAL_Driver/Src/stm32h5xx_hal_adc.o
 .text.LL_ADC_SetCommonPathInternalCh
                0x08003e4e       0x26 ./Drivers/STM32H5xx_HAL_Driver/Src/stm32h5xx_hal_adc.o
 .text.LL_ADC_GetCommonPathInternalCh
                0x08003e74       0x1c ./Drivers/STM32H5xx_HAL_Driver/Src/stm32h5xx_hal_adc.o
 .text.LL_ADC_EnableChannelVDDcore
                0x08003e90       0x28 ./Drivers/STM32H5xx_HAL_Driver/Src/stm32h5xx_hal_adc.o
 .text.LL_ADC_EnableChannel0_GPIO
                0x08003eb8       0x24 ./Drivers/STM32H5xx_HAL_Driver/Src/stm32h5xx_hal_adc.o
 .text.LL_ADC_SetOffset
                0x08003edc       0x48 ./Drivers/STM32H5xx_HAL_Driver/Src/stm32h5xx_hal_adc.o
 .text.LL_ADC_GetOffsetChannel
                0x08003f24       0x2c ./Drivers/STM32H5xx_HAL_Driver/Src/stm32h5xx_hal_adc.o
 .text.LL_ADC_SetOffsetState
                0x08003f50       0x36 ./Drivers/STM32H5xx_HAL_Driver/Src/stm32h5xx_hal_adc.o
 .text.LL_ADC_SetOffsetSign
                0x08003f86       0x36 ./Drivers/STM32H5xx_HAL_Driver/Src/stm32h5xx_hal_adc.o
 .text.LL_ADC_SetOffsetSaturation
                0x08003fbc       0x36 ./Drivers/STM32H5xx_HAL_Driver/Src/stm32h5xx_hal_adc.o
 .text.LL_ADC_SetSamplingTimeCommonConfig
                0x08003ff2       0x26 ./Drivers/STM32H5xx_HAL_Driver/Src/stm32h5xx_hal_adc.o
 .text.LL_ADC_REG_IsTriggerSourceSWStart
                0x08004018       0x26 ./Drivers/STM32H5xx_HAL_Driver/Src/stm32h5xx_hal_adc.o
 .text.LL_ADC_REG_SetSequencerRanks
                0x0800403e       0x58 ./Drivers/STM32H5xx_HAL_Driver/Src/stm32h5xx_hal_adc.o
 .text.LL_ADC_SetChannelSamplingTime
                0x08004096       0x56 ./Drivers/STM32H5xx_HAL_Driver/Src/stm32h5xx_hal_adc.o
 .text.LL_ADC_SetChannelSingleDiff
                0x080040ec       0x48 ./Drivers/STM32H5xx_HAL_Driver/Src/stm32h5xx_hal_adc.o
 .text.LL_ADC_GetMultimode
                0x08004134       0x1c ./Drivers/STM32H5xx_HAL_Driver/Src/stm32h5xx_hal_adc.o
 .text.LL_ADC_DisableDeepPowerDown
                0x08004150       0x24 ./Drivers/STM32H5xx_HAL_Driver/Src/stm32h5xx_hal_adc.o
 .text.LL_ADC_IsDeepPowerDownEnabled
                0x08004174       0x28 ./Drivers/STM32H5xx_HAL_Driver/Src/stm32h5xx_hal_adc.o
 .text.LL_ADC_EnableInternalRegulator
                0x0800419c       0x28 ./Drivers/STM32H5xx_HAL_Driver/Src/stm32h5xx_hal_adc.o
 .text.LL_ADC_IsInternalRegulatorEnabled
                0x080041c4       0x28 ./Drivers/STM32H5xx_HAL_Driver/Src/stm32h5xx_hal_adc.o
 .text.LL_ADC_Enable
                0x080041ec       0x28 ./Drivers/STM32H5xx_HAL_Driver/Src/stm32h5xx_hal_adc.o
 .text.LL_ADC_IsEnabled
                0x08004214       0x26 ./Drivers/STM32H5xx_HAL_Driver/Src/stm32h5xx_hal_adc.o
 .text.LL_ADC_REG_StartConversion
                0x0800423a       0x28 ./Drivers/STM32H5xx_HAL_Driver/Src/stm32h5xx_hal_adc.o
 .text.LL_ADC_REG_IsConversionOngoing
                0x08004262       0x26 ./Drivers/STM32H5xx_HAL_Driver/Src/stm32h5xx_hal_adc.o
 .text.LL_ADC_INJ_IsConversionOngoing
                0x08004288       0x26 ./Drivers/STM32H5xx_HAL_Driver/Src/stm32h5xx_hal_adc.o
 *fill*         0x080042ae        0x2 
 .text.HAL_ADC_Init
                0x080042b0      0x2a8 ./Drivers/STM32H5xx_HAL_Driver/Src/stm32h5xx_hal_adc.o
                0x080042b0                HAL_ADC_Init
 .text.HAL_ADC_Start_DMA
                0x08004558      0x254 ./Drivers/STM32H5xx_HAL_Driver/Src/stm32h5xx_hal_adc.o
                0x08004558                HAL_ADC_Start_DMA
 .text.HAL_ADC_ErrorCallback
                0x080047ac       0x14 ./Drivers/STM32H5xx_HAL_Driver/Src/stm32h5xx_hal_adc.o
                0x080047ac                HAL_ADC_ErrorCallback
 .text.HAL_ADC_ConfigChannel
                0x080047c0      0x82c ./Drivers/STM32H5xx_HAL_Driver/Src/stm32h5xx_hal_adc.o
                0x080047c0                HAL_ADC_ConfigChannel
 .text.ADC_Enable
                0x08004fec      0x104 ./Drivers/STM32H5xx_HAL_Driver/Src/stm32h5xx_hal_adc.o
                0x08004fec                ADC_Enable
 .text.ADC_DMAConvCplt
                0x080050f0       0xd8 ./Drivers/STM32H5xx_HAL_Driver/Src/stm32h5xx_hal_adc.o
                0x080050f0                ADC_DMAConvCplt
 .text.ADC_DMAHalfConvCplt
                0x080051c8       0x1c ./Drivers/STM32H5xx_HAL_Driver/Src/stm32h5xx_hal_adc.o
                0x080051c8                ADC_DMAHalfConvCplt
 .text.ADC_DMAError
                0x080051e4       0x34 ./Drivers/STM32H5xx_HAL_Driver/Src/stm32h5xx_hal_adc.o
                0x080051e4                ADC_DMAError
 .text.__NVIC_SetPriorityGrouping
                0x08005218       0x48 ./Drivers/STM32H5xx_HAL_Driver/Src/stm32h5xx_hal_cortex.o
 .text.__NVIC_GetPriorityGrouping
                0x08005260       0x1c ./Drivers/STM32H5xx_HAL_Driver/Src/stm32h5xx_hal_cortex.o
 .text.__NVIC_EnableIRQ
                0x0800527c       0x3c ./Drivers/STM32H5xx_HAL_Driver/Src/stm32h5xx_hal_cortex.o
 .text.__NVIC_SetPriority
                0x080052b8       0x54 ./Drivers/STM32H5xx_HAL_Driver/Src/stm32h5xx_hal_cortex.o
 .text.NVIC_EncodePriority
                0x0800530c       0x66 ./Drivers/STM32H5xx_HAL_Driver/Src/stm32h5xx_hal_cortex.o
 .text.HAL_NVIC_SetPriorityGrouping
                0x08005372       0x16 ./Drivers/STM32H5xx_HAL_Driver/Src/stm32h5xx_hal_cortex.o
                0x08005372                HAL_NVIC_SetPriorityGrouping
 .text.HAL_NVIC_SetPriority
                0x08005388       0x34 ./Drivers/STM32H5xx_HAL_Driver/Src/stm32h5xx_hal_cortex.o
                0x08005388                HAL_NVIC_SetPriority
 .text.HAL_NVIC_EnableIRQ
                0x080053bc       0x1c ./Drivers/STM32H5xx_HAL_Driver/Src/stm32h5xx_hal_cortex.o
                0x080053bc                HAL_NVIC_EnableIRQ
 .text.HAL_SYSTICK_Config
                0x080053d8       0x44 ./Drivers/STM32H5xx_HAL_Driver/Src/stm32h5xx_hal_cortex.o
                0x080053d8                HAL_SYSTICK_Config
 .text.HAL_SYSTICK_CLKSourceConfig
                0x0800541c       0xb0 ./Drivers/STM32H5xx_HAL_Driver/Src/stm32h5xx_hal_cortex.o
                0x0800541c                HAL_SYSTICK_CLKSourceConfig
 .text.HAL_SYSTICK_GetCLKSourceConfig
                0x080054cc       0x6c ./Drivers/STM32H5xx_HAL_Driver/Src/stm32h5xx_hal_cortex.o
                0x080054cc                HAL_SYSTICK_GetCLKSourceConfig
 .text.HAL_MPU_Enable
                0x08005538       0x44 ./Drivers/STM32H5xx_HAL_Driver/Src/stm32h5xx_hal_cortex.o
                0x08005538                HAL_MPU_Enable
 .text.HAL_MPU_Disable
                0x0800557c       0x40 ./Drivers/STM32H5xx_HAL_Driver/Src/stm32h5xx_hal_cortex.o
                0x0800557c                HAL_MPU_Disable
 .text.HAL_MPU_ConfigRegion
                0x080055bc       0x1c ./Drivers/STM32H5xx_HAL_Driver/Src/stm32h5xx_hal_cortex.o
                0x080055bc                HAL_MPU_ConfigRegion
 .text.HAL_MPU_ConfigMemoryAttributes
                0x080055d8       0x1c ./Drivers/STM32H5xx_HAL_Driver/Src/stm32h5xx_hal_cortex.o
                0x080055d8                HAL_MPU_ConfigMemoryAttributes
 .text.MPU_ConfigRegion
                0x080055f4       0x6e ./Drivers/STM32H5xx_HAL_Driver/Src/stm32h5xx_hal_cortex.o
 .text.MPU_ConfigMemoryAttributes
                0x08005662       0x6c ./Drivers/STM32H5xx_HAL_Driver/Src/stm32h5xx_hal_cortex.o
 .text.HAL_DMA_Start_IT
                0x080056ce       0xcc ./Drivers/STM32H5xx_HAL_Driver/Src/stm32h5xx_hal_dma.o
                0x080056ce                HAL_DMA_Start_IT
 .text.HAL_DMA_IRQHandler
                0x0800579a      0x2c2 ./Drivers/STM32H5xx_HAL_Driver/Src/stm32h5xx_hal_dma.o
                0x0800579a                HAL_DMA_IRQHandler
 .text.HAL_DMA_ConfigChannelAttributes
                0x08005a5c       0x78 ./Drivers/STM32H5xx_HAL_Driver/Src/stm32h5xx_hal_dma.o
                0x08005a5c                HAL_DMA_ConfigChannelAttributes
 .text.DMA_SetConfig
                0x08005ad4       0x4a ./Drivers/STM32H5xx_HAL_Driver/Src/stm32h5xx_hal_dma.o
 *fill*         0x08005b1e        0x2 
 .text.HAL_DMAEx_List_Init
                0x08005b20      0x258 ./Drivers/STM32H5xx_HAL_Driver/Src/stm32h5xx_hal_dma_ex.o
                0x08005b20                HAL_DMAEx_List_Init
 .text.HAL_DMAEx_List_Start_IT
                0x08005d78      0x134 ./Drivers/STM32H5xx_HAL_Driver/Src/stm32h5xx_hal_dma_ex.o
                0x08005d78                HAL_DMAEx_List_Start_IT
 .text.HAL_DMAEx_List_BuildNode
                0x08005eac       0x2c ./Drivers/STM32H5xx_HAL_Driver/Src/stm32h5xx_hal_dma_ex.o
                0x08005eac                HAL_DMAEx_List_BuildNode
 .text.HAL_DMAEx_List_GetNodeConfig
                0x08005ed8       0x2c ./Drivers/STM32H5xx_HAL_Driver/Src/stm32h5xx_hal_dma_ex.o
                0x08005ed8                HAL_DMAEx_List_GetNodeConfig
 .text.HAL_DMAEx_List_InsertNode
                0x08005f04      0x192 ./Drivers/STM32H5xx_HAL_Driver/Src/stm32h5xx_hal_dma_ex.o
                0x08005f04                HAL_DMAEx_List_InsertNode
 .text.HAL_DMAEx_List_SetCircularMode
                0x08006096       0xc0 ./Drivers/STM32H5xx_HAL_Driver/Src/stm32h5xx_hal_dma_ex.o
                0x08006096                HAL_DMAEx_List_SetCircularMode
 *fill*         0x08006156        0x2 
 .text.HAL_DMAEx_List_LinkQ
                0x08006158      0x138 ./Drivers/STM32H5xx_HAL_Driver/Src/stm32h5xx_hal_dma_ex.o
                0x08006158                HAL_DMAEx_List_LinkQ
 .text.DMA_List_Init
                0x08006290      0x2b0 ./Drivers/STM32H5xx_HAL_Driver/Src/stm32h5xx_hal_dma_ex.o
 .text.DMA_List_BuildNode
                0x08006540      0x2c0 ./Drivers/STM32H5xx_HAL_Driver/Src/stm32h5xx_hal_dma_ex.o
 .text.DMA_List_GetNodeConfig
                0x08006800      0x214 ./Drivers/STM32H5xx_HAL_Driver/Src/stm32h5xx_hal_dma_ex.o
 .text.DMA_List_CheckNodesBaseAddresses
                0x08006a14       0x90 ./Drivers/STM32H5xx_HAL_Driver/Src/stm32h5xx_hal_dma_ex.o
 .text.DMA_List_CheckNodesTypes
                0x08006aa4       0x78 ./Drivers/STM32H5xx_HAL_Driver/Src/stm32h5xx_hal_dma_ex.o
 .text.DMA_List_GetCLLRNodeInfo
                0x08006b1c       0x60 ./Drivers/STM32H5xx_HAL_Driver/Src/stm32h5xx_hal_dma_ex.o
 .text.DMA_List_FindNode
                0x08006b7c      0x13e ./Drivers/STM32H5xx_HAL_Driver/Src/stm32h5xx_hal_dma_ex.o
 *fill*         0x08006cba        0x2 
 .text.HAL_FDCAN_Init
                0x08006cbc      0x2b4 ./Drivers/STM32H5xx_HAL_Driver/Src/stm32h5xx_hal_fdcan.o
                0x08006cbc                HAL_FDCAN_Init
 .text.HAL_FDCAN_ConfigGlobalFilter
                0x08006f70       0x62 ./Drivers/STM32H5xx_HAL_Driver/Src/stm32h5xx_hal_fdcan.o
                0x08006f70                HAL_FDCAN_ConfigGlobalFilter
 .text.HAL_FDCAN_Start
                0x08006fd2       0x50 ./Drivers/STM32H5xx_HAL_Driver/Src/stm32h5xx_hal_fdcan.o
                0x08006fd2                HAL_FDCAN_Start
 .text.HAL_FDCAN_AddMessageToTxFifoQ
                0x08007022       0x88 ./Drivers/STM32H5xx_HAL_Driver/Src/stm32h5xx_hal_fdcan.o
                0x08007022                HAL_FDCAN_AddMessageToTxFifoQ
 *fill*         0x080070aa        0x2 
 .text.HAL_FDCAN_GetRxMessage
                0x080070ac      0x210 ./Drivers/STM32H5xx_HAL_Driver/Src/stm32h5xx_hal_fdcan.o
                0x080070ac                HAL_FDCAN_GetRxMessage
 .text.HAL_FDCAN_GetRxFifoFillLevel
                0x080072bc       0x3c ./Drivers/STM32H5xx_HAL_Driver/Src/stm32h5xx_hal_fdcan.o
                0x080072bc                HAL_FDCAN_GetRxFifoFillLevel
 .text.FDCAN_CalcultateRamBlockAddresses
                0x080072f8       0xc4 ./Drivers/STM32H5xx_HAL_Driver/Src/stm32h5xx_hal_fdcan.o
 .text.FDCAN_CopyMessageToRAM
                0x080073bc       0xf8 ./Drivers/STM32H5xx_HAL_Driver/Src/stm32h5xx_hal_fdcan.o
 .text.HAL_GPIO_Init
                0x080074b4      0x2bc ./Drivers/STM32H5xx_HAL_Driver/Src/stm32h5xx_hal_gpio.o
                0x080074b4                HAL_GPIO_Init
 .text.HAL_GPIO_ReadPin
                0x08007770       0x30 ./Drivers/STM32H5xx_HAL_Driver/Src/stm32h5xx_hal_gpio.o
                0x08007770                HAL_GPIO_ReadPin
 .text.HAL_GPIO_WritePin
                0x080077a0       0x30 ./Drivers/STM32H5xx_HAL_Driver/Src/stm32h5xx_hal_gpio.o
                0x080077a0                HAL_GPIO_WritePin
 .text.HAL_GPIO_EXTI_IRQHandler
                0x080077d0       0x4c ./Drivers/STM32H5xx_HAL_Driver/Src/stm32h5xx_hal_gpio.o
                0x080077d0                HAL_GPIO_EXTI_IRQHandler
 .text.HAL_ICACHE_ConfigAssociativityMode
                0x0800781c       0x40 ./Drivers/STM32H5xx_HAL_Driver/Src/stm32h5xx_hal_icache.o
                0x0800781c                HAL_ICACHE_ConfigAssociativityMode
 .text.HAL_ICACHE_Enable
                0x0800785c       0x20 ./Drivers/STM32H5xx_HAL_Driver/Src/stm32h5xx_hal_icache.o
                0x0800785c                HAL_ICACHE_Enable
 .text.HAL_RCC_OscConfig
                0x0800787c      0x870 ./Drivers/STM32H5xx_HAL_Driver/Src/stm32h5xx_hal_rcc.o
                0x0800787c                HAL_RCC_OscConfig
 .text.HAL_RCC_ClockConfig
                0x080080ec      0x370 ./Drivers/STM32H5xx_HAL_Driver/Src/stm32h5xx_hal_rcc.o
                0x080080ec                HAL_RCC_ClockConfig
 .text.HAL_RCC_GetSysClockFreq
                0x0800845c      0x258 ./Drivers/STM32H5xx_HAL_Driver/Src/stm32h5xx_hal_rcc.o
                0x0800845c                HAL_RCC_GetSysClockFreq
 .text.HAL_RCC_GetHCLKFreq
                0x080086b4       0x38 ./Drivers/STM32H5xx_HAL_Driver/Src/stm32h5xx_hal_rcc.o
                0x080086b4                HAL_RCC_GetHCLKFreq
 .text.HAL_RCC_GetPCLK1Freq
                0x080086ec       0x2c ./Drivers/STM32H5xx_HAL_Driver/Src/stm32h5xx_hal_rcc.o
                0x080086ec                HAL_RCC_GetPCLK1Freq
 .text.HAL_RCC_GetPCLK2Freq
                0x08008718       0x2c ./Drivers/STM32H5xx_HAL_Driver/Src/stm32h5xx_hal_rcc.o
                0x08008718                HAL_RCC_GetPCLK2Freq
 .text.HAL_RCC_GetPCLK3Freq
                0x08008744       0x2c ./Drivers/STM32H5xx_HAL_Driver/Src/stm32h5xx_hal_rcc.o
                0x08008744                HAL_RCC_GetPCLK3Freq
 .text.HAL_RCCEx_PeriphCLKConfig
                0x08008770     0x1384 ./Drivers/STM32H5xx_HAL_Driver/Src/stm32h5xx_hal_rcc_ex.o
                0x08008770                HAL_RCCEx_PeriphCLKConfig
 .text.HAL_RCCEx_GetPLL1ClockFreq
                0x08009af4      0x2d8 ./Drivers/STM32H5xx_HAL_Driver/Src/stm32h5xx_hal_rcc_ex.o
                0x08009af4                HAL_RCCEx_GetPLL1ClockFreq
 .text.HAL_RCCEx_GetPLL2ClockFreq
                0x08009dcc      0x2d8 ./Drivers/STM32H5xx_HAL_Driver/Src/stm32h5xx_hal_rcc_ex.o
                0x08009dcc                HAL_RCCEx_GetPLL2ClockFreq
 .text.HAL_RCCEx_GetPLL3ClockFreq
                0x0800a0a4      0x2d8 ./Drivers/STM32H5xx_HAL_Driver/Src/stm32h5xx_hal_rcc_ex.o
                0x0800a0a4                HAL_RCCEx_GetPLL3ClockFreq
 .text.HAL_RCCEx_GetPeriphCLKFreq
                0x0800a37c     0x16ac ./Drivers/STM32H5xx_HAL_Driver/Src/stm32h5xx_hal_rcc_ex.o
                0x0800a37c                HAL_RCCEx_GetPeriphCLKFreq
 .text.RCCEx_PLL2_Config
                0x0800ba28      0x130 ./Drivers/STM32H5xx_HAL_Driver/Src/stm32h5xx_hal_rcc_ex.o
 .text.RCCEx_PLL3_Config
                0x0800bb58      0x130 ./Drivers/STM32H5xx_HAL_Driver/Src/stm32h5xx_hal_rcc_ex.o
 .text.HAL_TIM_Base_Init
                0x0800bc88       0xae ./Drivers/STM32H5xx_HAL_Driver/Src/stm32h5xx_hal_tim.o
                0x0800bc88                HAL_TIM_Base_Init
 *fill*         0x0800bd36        0x2 
 .text.HAL_TIM_Base_Start
                0x0800bd38      0x14c ./Drivers/STM32H5xx_HAL_Driver/Src/stm32h5xx_hal_tim.o
                0x0800bd38                HAL_TIM_Base_Start
 .text.HAL_TIM_Base_Start_IT
                0x0800be84      0x15c ./Drivers/STM32H5xx_HAL_Driver/Src/stm32h5xx_hal_tim.o
                0x0800be84                HAL_TIM_Base_Start_IT
 .text.HAL_TIM_PWM_Init
                0x0800bfe0       0xae ./Drivers/STM32H5xx_HAL_Driver/Src/stm32h5xx_hal_tim.o
                0x0800bfe0                HAL_TIM_PWM_Init
 *fill*         0x0800c08e        0x2 
 .text.HAL_TIM_PWM_Start
                0x0800c090      0x288 ./Drivers/STM32H5xx_HAL_Driver/Src/stm32h5xx_hal_tim.o
                0x0800c090                HAL_TIM_PWM_Start
 .text.HAL_TIM_IRQHandler
                0x0800c318      0x29e ./Drivers/STM32H5xx_HAL_Driver/Src/stm32h5xx_hal_tim.o
                0x0800c318                HAL_TIM_IRQHandler
 *fill*         0x0800c5b6        0x2 
 .text.HAL_TIM_PWM_ConfigChannel
                0x0800c5b8      0x228 ./Drivers/STM32H5xx_HAL_Driver/Src/stm32h5xx_hal_tim.o
                0x0800c5b8                HAL_TIM_PWM_ConfigChannel
 .text.HAL_TIM_ConfigClockSource
                0x0800c7e0      0x23c ./Drivers/STM32H5xx_HAL_Driver/Src/stm32h5xx_hal_tim.o
                0x0800c7e0                HAL_TIM_ConfigClockSource
 .text.HAL_TIM_OC_DelayElapsedCallback
                0x0800ca1c       0x14 ./Drivers/STM32H5xx_HAL_Driver/Src/stm32h5xx_hal_tim.o
                0x0800ca1c                HAL_TIM_OC_DelayElapsedCallback
 .text.HAL_TIM_IC_CaptureCallback
                0x0800ca30       0x14 ./Drivers/STM32H5xx_HAL_Driver/Src/stm32h5xx_hal_tim.o
                0x0800ca30                HAL_TIM_IC_CaptureCallback
 .text.HAL_TIM_PWM_PulseFinishedCallback
                0x0800ca44       0x14 ./Drivers/STM32H5xx_HAL_Driver/Src/stm32h5xx_hal_tim.o
                0x0800ca44                HAL_TIM_PWM_PulseFinishedCallback
 .text.HAL_TIM_TriggerCallback
                0x0800ca58       0x14 ./Drivers/STM32H5xx_HAL_Driver/Src/stm32h5xx_hal_tim.o
                0x0800ca58                HAL_TIM_TriggerCallback
 .text.TIM_Base_SetConfig
                0x0800ca6c      0x1cc ./Drivers/STM32H5xx_HAL_Driver/Src/stm32h5xx_hal_tim.o
                0x0800ca6c                TIM_Base_SetConfig
 .text.TIM_OC1_SetConfig
                0x0800cc38      0x134 ./Drivers/STM32H5xx_HAL_Driver/Src/stm32h5xx_hal_tim.o
 .text.TIM_OC2_SetConfig
                0x0800cd6c      0x130 ./Drivers/STM32H5xx_HAL_Driver/Src/stm32h5xx_hal_tim.o
                0x0800cd6c                TIM_OC2_SetConfig
 .text.TIM_OC3_SetConfig
                0x0800ce9c      0x12c ./Drivers/STM32H5xx_HAL_Driver/Src/stm32h5xx_hal_tim.o
 .text.TIM_OC4_SetConfig
                0x0800cfc8      0x130 ./Drivers/STM32H5xx_HAL_Driver/Src/stm32h5xx_hal_tim.o
 .text.TIM_OC5_SetConfig
                0x0800d0f8       0xd4 ./Drivers/STM32H5xx_HAL_Driver/Src/stm32h5xx_hal_tim.o
 .text.TIM_OC6_SetConfig
                0x0800d1cc       0xd8 ./Drivers/STM32H5xx_HAL_Driver/Src/stm32h5xx_hal_tim.o
 .text.TIM_TI1_ConfigInputStage
                0x0800d2a4       0x5e ./Drivers/STM32H5xx_HAL_Driver/Src/stm32h5xx_hal_tim.o
 .text.TIM_TI2_ConfigInputStage
                0x0800d302       0x60 ./Drivers/STM32H5xx_HAL_Driver/Src/stm32h5xx_hal_tim.o
 .text.TIM_ITRx_SetConfig
                0x0800d362       0x3a ./Drivers/STM32H5xx_HAL_Driver/Src/stm32h5xx_hal_tim.o
 .text.TIM_ETR_SetConfig
                0x0800d39c       0x40 ./Drivers/STM32H5xx_HAL_Driver/Src/stm32h5xx_hal_tim.o
                0x0800d39c                TIM_ETR_SetConfig
 .text.TIM_CCxChannelCmd
                0x0800d3dc       0x4a ./Drivers/STM32H5xx_HAL_Driver/Src/stm32h5xx_hal_tim.o
                0x0800d3dc                TIM_CCxChannelCmd
 *fill*         0x0800d426        0x2 
 .text.HAL_TIMEx_MasterConfigSynchronization
                0x0800d428      0x1a0 ./Drivers/STM32H5xx_HAL_Driver/Src/stm32h5xx_hal_tim_ex.o
                0x0800d428                HAL_TIMEx_MasterConfigSynchronization
 .text.HAL_TIMEx_ConfigBreakDeadTime
                0x0800d5c8      0x134 ./Drivers/STM32H5xx_HAL_Driver/Src/stm32h5xx_hal_tim_ex.o
                0x0800d5c8                HAL_TIMEx_ConfigBreakDeadTime
 .text.HAL_TIMEx_CommutCallback
                0x0800d6fc       0x14 ./Drivers/STM32H5xx_HAL_Driver/Src/stm32h5xx_hal_tim_ex.o
                0x0800d6fc                HAL_TIMEx_CommutCallback
 .text.HAL_TIMEx_BreakCallback
                0x0800d710       0x14 ./Drivers/STM32H5xx_HAL_Driver/Src/stm32h5xx_hal_tim_ex.o
                0x0800d710                HAL_TIMEx_BreakCallback
 .text.HAL_TIMEx_Break2Callback
                0x0800d724       0x14 ./Drivers/STM32H5xx_HAL_Driver/Src/stm32h5xx_hal_tim_ex.o
                0x0800d724                HAL_TIMEx_Break2Callback
 .text.HAL_TIMEx_EncoderIndexCallback
                0x0800d738       0x14 ./Drivers/STM32H5xx_HAL_Driver/Src/stm32h5xx_hal_tim_ex.o
                0x0800d738                HAL_TIMEx_EncoderIndexCallback
 .text.HAL_TIMEx_DirectionChangeCallback
                0x0800d74c       0x14 ./Drivers/STM32H5xx_HAL_Driver/Src/stm32h5xx_hal_tim_ex.o
                0x0800d74c                HAL_TIMEx_DirectionChangeCallback
 .text.HAL_TIMEx_IndexErrorCallback
                0x0800d760       0x14 ./Drivers/STM32H5xx_HAL_Driver/Src/stm32h5xx_hal_tim_ex.o
                0x0800d760                HAL_TIMEx_IndexErrorCallback
 .text.HAL_TIMEx_TransitionErrorCallback
                0x0800d774       0x14 ./Drivers/STM32H5xx_HAL_Driver/Src/stm32h5xx_hal_tim_ex.o
                0x0800d774                HAL_TIMEx_TransitionErrorCallback
 .text.HAL_UART_Init
                0x0800d788       0xa0 ./Drivers/STM32H5xx_HAL_Driver/Src/stm32h5xx_hal_uart.o
                0x0800d788                HAL_UART_Init
 .text.HAL_UART_Transmit
                0x0800d828      0x150 ./Drivers/STM32H5xx_HAL_Driver/Src/stm32h5xx_hal_uart.o
                0x0800d828                HAL_UART_Transmit
 .text.UART_SetConfig
                0x0800d978      0x35c ./Drivers/STM32H5xx_HAL_Driver/Src/stm32h5xx_hal_uart.o
                0x0800d978                UART_SetConfig
 .text.UART_AdvFeatureConfig
                0x0800dcd4      0x144 ./Drivers/STM32H5xx_HAL_Driver/Src/stm32h5xx_hal_uart.o
                0x0800dcd4                UART_AdvFeatureConfig
 .text.UART_CheckIdleState
                0x0800de18      0x154 ./Drivers/STM32H5xx_HAL_Driver/Src/stm32h5xx_hal_uart.o
                0x0800de18                UART_CheckIdleState
 .text.UART_WaitOnFlagUntilTimeout
                0x0800df6c       0xda ./Drivers/STM32H5xx_HAL_Driver/Src/stm32h5xx_hal_uart.o
                0x0800df6c                UART_WaitOnFlagUntilTimeout
 .text.UART_EndRxTransfer
                0x0800e046       0xcc ./Drivers/STM32H5xx_HAL_Driver/Src/stm32h5xx_hal_uart.o
 .text.HAL_UARTEx_DisableFifoMode
                0x0800e112       0x72 ./Drivers/STM32H5xx_HAL_Driver/Src/stm32h5xx_hal_uart_ex.o
                0x0800e112                HAL_UARTEx_DisableFifoMode
 .text.HAL_UARTEx_SetTxFifoThreshold
                0x0800e184       0x7c ./Drivers/STM32H5xx_HAL_Driver/Src/stm32h5xx_hal_uart_ex.o
                0x0800e184                HAL_UARTEx_SetTxFifoThreshold
 .text.HAL_UARTEx_SetRxFifoThreshold
                0x0800e200       0x7c ./Drivers/STM32H5xx_HAL_Driver/Src/stm32h5xx_hal_uart_ex.o
                0x0800e200                HAL_UARTEx_SetRxFifoThreshold
 .text.UARTEx_SetNbDataToProcess
                0x0800e27c       0x9c ./Drivers/STM32H5xx_HAL_Driver/Src/stm32h5xx_hal_uart_ex.o
 .text._vsprintf_r
                0x0800e318       0x2c /opt/st/stm32cubeide_2.1.1/plugins/com.st.stm32cube.ide.mcu.externaltools.gnu-tools-for-stm32.14.3.rel1.linux64_1.0.100.202602081740/tools/bin/../lib/gcc/arm-none-eabi/14.3.1/../../../../arm-none-eabi/lib/thumb/v8-m.main+fp/hard/libc_nano.a(libc_a-vsprintf.o)
                0x0800e318                _vsiprintf_r
                0x0800e318                _vsprintf_r
 .text.vsprintf
                0x0800e344       0x14 /opt/st/stm32cubeide_2.1.1/plugins/com.st.stm32cube.ide.mcu.externaltools.gnu-tools-for-stm32.14.3.rel1.linux64_1.0.100.202602081740/tools/bin/../lib/gcc/arm-none-eabi/14.3.1/../../../../arm-none-eabi/lib/thumb/v8-m.main+fp/hard/libc_nano.a(libc_a-vsprintf.o)
                0x0800e344                vsprintf
                0x0800e344                vsiprintf
 .text.memset   0x0800e358       0x10 /opt/st/stm32cubeide_2.1.1/plugins/com.st.stm32cube.ide.mcu.externaltools.gnu-tools-for-stm32.14.3.rel1.linux64_1.0.100.202602081740/tools/bin/../lib/gcc/arm-none-eabi/14.3.1/../../../../arm-none-eabi/lib/thumb/v8-m.main+fp/hard/libc_nano.a(libc_a-memset.o)
                0x0800e358                memset
 .text.__errno  0x0800e368        0xc /opt/st/stm32cubeide_2.1.1/plugins/com.st.stm32cube.ide.mcu.externaltools.gnu-tools-for-stm32.14.3.rel1.linux64_1.0.100.202602081740/tools/bin/../lib/gcc/arm-none-eabi/14.3.1/../../../../arm-none-eabi/lib/thumb/v8-m.main+fp/hard/libc_nano.a(libc_a-errno.o)
                0x0800e368                __errno
 .text.__libc_init_array
                0x0800e374       0x48 /opt/st/stm32cubeide_2.1.1/plugins/com.st.stm32cube.ide.mcu.externaltools.gnu-tools-for-stm32.14.3.rel1.linux64_1.0.100.202602081740/tools/bin/../lib/gcc/arm-none-eabi/14.3.1/../../../../arm-none-eabi/lib/thumb/v8-m.main+fp/hard/libc_nano.a(libc_a-init.o)
                0x0800e374                __libc_init_array
 .text.__retarget_lock_acquire_recursive
                0x0800e3bc        0x2 /opt/st/stm32cubeide_2.1.1/plugins/com.st.stm32cube.ide.mcu.externaltools.gnu-tools-for-stm32.14.3.rel1.linux64_1.0.100.202602081740/tools/bin/../lib/gcc/arm-none-eabi/14.3.1/../../../../arm-none-eabi/lib/thumb/v8-m.main+fp/hard/libc_nano.a(libc_a-lock.o)
                0x0800e3bc                __retarget_lock_acquire_recursive
 .text.__retarget_lock_release_recursive
                0x0800e3be        0x2 /opt/st/stm32cubeide_2.1.1/plugins/com.st.stm32cube.ide.mcu.externaltools.gnu-tools-for-stm32.14.3.rel1.linux64_1.0.100.202602081740/tools/bin/../lib/gcc/arm-none-eabi/14.3.1/../../../../arm-none-eabi/lib/thumb/v8-m.main+fp/hard/libc_nano.a(libc_a-lock.o)
                0x0800e3be                __retarget_lock_release_recursive
 .text._free_r  0x0800e3c0       0x94 /opt/st/stm32cubeide_2.1.1/plugins/com.st.stm32cube.ide.mcu.externaltools.gnu-tools-for-stm32.14.3.rel1.linux64_1.0.100.202602081740/tools/bin/../lib/gcc/arm-none-eabi/14.3.1/../../../../arm-none-eabi/lib/thumb/v8-m.main+fp/hard/libc_nano.a(libc_a-freer.o)
                0x0800e3c0                _free_r
 .text.sbrk_aligned
                0x0800e454       0x44 /opt/st/stm32cubeide_2.1.1/plugins/com.st.stm32cube.ide.mcu.externaltools.gnu-tools-for-stm32.14.3.rel1.linux64_1.0.100.202602081740/tools/bin/../lib/gcc/arm-none-eabi/14.3.1/../../../../arm-none-eabi/lib/thumb/v8-m.main+fp/hard/libc_nano.a(libc_a-mallocr.o)
 .text._malloc_r
                0x0800e498      0x100 /opt/st/stm32cubeide_2.1.1/plugins/com.st.stm32cube.ide.mcu.externaltools.gnu-tools-for-stm32.14.3.rel1.linux64_1.0.100.202602081740/tools/bin/../lib/gcc/arm-none-eabi/14.3.1/../../../../arm-none-eabi/lib/thumb/v8-m.main+fp/hard/libc_nano.a(libc_a-mallocr.o)
                0x0800e498                _malloc_r
 .text.__malloc_lock
                0x0800e598        0xc /opt/st/stm32cubeide_2.1.1/plugins/com.st.stm32cube.ide.mcu.externaltools.gnu-tools-for-stm32.14.3.rel1.linux64_1.0.100.202602081740/tools/bin/../lib/gcc/arm-none-eabi/14.3.1/../../../../arm-none-eabi/lib/thumb/v8-m.main+fp/hard/libc_nano.a(libc_a-mlock.o)
                0x0800e598                __malloc_lock
 .text.__malloc_unlock
                0x0800e5a4        0xc /opt/st/stm32cubeide_2.1.1/plugins/com.st.stm32cube.ide.mcu.externaltools.gnu-tools-for-stm32.14.3.rel1.linux64_1.0.100.202602081740/tools/bin/../lib/gcc/arm-none-eabi/14.3.1/../../../../arm-none-eabi/lib/thumb/v8-m.main+fp/hard/libc_nano.a(libc_a-mlock.o)
                0x0800e5a4                __malloc_unlock
 .text.__ssputs_r
                0x0800e5b0       0xc0 /opt/st/stm32cubeide_2.1.1/plugins/com.st.stm32cube.ide.mcu.externaltools.gnu-tools-for-stm32.14.3.rel1.linux64_1.0.100.202602081740/tools/bin/../lib/gcc/arm-none-eabi/14.3.1/../../../../arm-none-eabi/lib/thumb/v8-m.main+fp/hard/libc_nano.a(libc_a-nano-svfprintf.o)
                0x0800e5b0                __ssputs_r
 .text._svfprintf_r
                0x0800e670      0x1f0 /opt/st/stm32cubeide_2.1.1/plugins/com.st.stm32cube.ide.mcu.externaltools.gnu-tools-for-stm32.14.3.rel1.linux64_1.0.100.202602081740/tools/bin/../lib/gcc/arm-none-eabi/14.3.1/../../../../arm-none-eabi/lib/thumb/v8-m.main+fp/hard/libc_nano.a(libc_a-nano-svfprintf.o)
                0x0800e670                _svfprintf_r
                0x0800e670                _svfiprintf_r
 .text._printf_common
                0x0800e860       0xe4 /opt/st/stm32cubeide_2.1.1/plugins/com.st.stm32cube.ide.mcu.externaltools.gnu-tools-for-stm32.14.3.rel1.linux64_1.0.100.202602081740/tools/bin/../lib/gcc/arm-none-eabi/14.3.1/../../../../arm-none-eabi/lib/thumb/v8-m.main+fp/hard/libc_nano.a(libc_a-nano-vfprintf_i.o)
                0x0800e860                _printf_common
 .text._printf_i
                0x0800e944      0x24c /opt/st/stm32cubeide_2.1.1/plugins/com.st.stm32cube.ide.mcu.externaltools.gnu-tools-for-stm32.14.3.rel1.linux64_1.0.100.202602081740/tools/bin/../lib/gcc/arm-none-eabi/14.3.1/../../../../arm-none-eabi/lib/thumb/v8-m.main+fp/hard/libc_nano.a(libc_a-nano-vfprintf_i.o)
                0x0800e944                _printf_i
 .text.memmove  0x0800eb90       0x32 /opt/st/stm32cubeide_2.1.1/plugins/com.st.stm32cube.ide.mcu.externaltools.gnu-tools-for-stm32.14.3.rel1.linux64_1.0.100.202602081740/tools/bin/../lib/gcc/arm-none-eabi/14.3.1/../../../../arm-none-eabi/lib/thumb/v8-m.main+fp/hard/libc_nano.a(libc_a-memmove.o)
                0x0800eb90                memmove
 *fill*         0x0800ebc2        0x2 
 .text._sbrk_r  0x0800ebc4       0x20 /opt/st/stm32cubeide_2.1.1/plugins/com.st.stm32cube.ide.mcu.externaltools.gnu-tools-for-stm32.14.3.rel1.linux64_1.0.100.202602081740/tools/bin/../lib/gcc/arm-none-eabi/14.3.1/../../../../arm-none-eabi/lib/thumb/v8-m.main+fp/hard/libc_nano.a(libc_a-sbrkr.o)
                0x0800ebc4                _sbrk_r
 .text.memchr   0x0800ebe4       0x1c /opt/st/stm32cubeide_2.1.1/plugins/com.st.stm32cube.ide.mcu.externaltools.gnu-tools-for-stm32.14.3.rel1.linux64_1.0.100.202602081740/tools/bin/../lib/gcc/arm-none-eabi/14.3.1/../../../../arm-none-eabi/lib/thumb/v8-m.main+fp/hard/libc_nano.a(libc_a-memchr-stub.o)
                0x0800ebe4                memchr
 .text.memcpy   0x0800ec00       0x1a /opt/st/stm32cubeide_2.1.1/plugins/com.st.stm32cube.ide.mcu.externaltools.gnu-tools-for-stm32.14.3.rel1.linux64_1.0.100.202602081740/tools/bin/../lib/gcc/arm-none-eabi/14.3.1/../../../../arm-none-eabi/lib/thumb/v8-m.main+fp/hard/libc_nano.a(libc_a-memcpy-stub.o)
                0x0800ec00                memcpy
 .text._realloc_r
                0x0800ec1a       0x5c /opt/st/stm32cubeide_2.1.1/plugins/com.st.stm32cube.ide.mcu.externaltools.gnu-tools-for-stm32.14.3.rel1.linux64_1.0.100.202602081740/tools/bin/../lib/gcc/arm-none-eabi/14.3.1/../../../../arm-none-eabi/lib/thumb/v8-m.main+fp/hard/libc_nano.a(libc_a-reallocr.o)
                0x0800ec1a                _realloc_r
 .text._malloc_usable_size_r
                0x0800ec76       0x10 /opt/st/stm32cubeide_2.1.1/plugins/com.st.stm32cube.ide.mcu.externaltools.gnu-tools-for-stm32.14.3.rel1.linux64_1.0.100.202602081740/tools/bin/../lib/gcc/arm-none-eabi/14.3.1/../../../../arm-none-eabi/lib/thumb/v8-m.main+fp/hard/libc_nano.a(libc_a-msizer.o)
                0x0800ec76                _malloc_usable_size_r
 *(.glue_7)
 .glue_7        0x0800ec86        0x0 linker stubs
 *(.glue_7t)
 .glue_7t       0x0800ec86        0x0 linker stubs
 *(.eh_frame)
 *fill*         0x0800ec86        0x2 
 .eh_frame      0x0800ec88        0x0 /opt/st/stm32cubeide_2.1.1/plugins/com.st.stm32cube.ide.mcu.externaltools.gnu-tools-for-stm32.14.3.rel1.linux64_1.0.100.202602081740/tools/bin/../lib/gcc/arm-none-eabi/14.3.1/thumb/v8-m.main+fp/hard/crtbegin.o
 *(.init)
 .init          0x0800ec88        0x4 /opt/st/stm32cubeide_2.1.1/plugins/com.st.stm32cube.ide.mcu.externaltools.gnu-tools-for-stm32.14.3.rel1.linux64_1.0.100.202602081740/tools/bin/../lib/gcc/arm-none-eabi/14.3.1/thumb/v8-m.main+fp/hard/crti.o
                0x0800ec88                _init
 .init          0x0800ec8c        0x8 /opt/st/stm32cubeide_2.1.1/plugins/com.st.stm32cube.ide.mcu.externaltools.gnu-tools-for-stm32.14.3.rel1.linux64_1.0.100.202602081740/tools/bin/../lib/gcc/arm-none-eabi/14.3.1/thumb/v8-m.main+fp/hard/crtn.o
 *(.fini)
 .fini          0x0800ec94        0x4 /opt/st/stm32cubeide_2.1.1/plugins/com.st.stm32cube.ide.mcu.externaltools.gnu-tools-for-stm32.14.3.rel1.linux64_1.0.100.202602081740/tools/bin/../lib/gcc/arm-none-eabi/14.3.1/thumb/v8-m.main+fp/hard/crti.o
                0x0800ec94                _fini
 .fini          0x0800ec98        0x8 /opt/st/stm32cubeide_2.1.1/plugins/com.st.stm32cube.ide.mcu.externaltools.gnu-tools-for-stm32.14.3.rel1.linux64_1.0.100.202602081740/tools/bin/../lib/gcc/arm-none-eabi/14.3.1/thumb/v8-m.main+fp/hard/crtn.o
                0x0800eca0                        . = ALIGN (0x4)
                0x0800eca0                        _etext = .

.vfp11_veneer   0x0800eca0        0x0
 .vfp11_veneer  0x0800eca0        0x0 linker stubs

.v4_bx          0x0800eca0        0x0
 .v4_bx         0x0800eca0        0x0 linker stubs

.iplt           0x0800eca0        0x0
 .iplt          0x0800eca0        0x0 /opt/st/stm32cubeide_2.1.1/plugins/com.st.stm32cube.ide.mcu.externaltools.gnu-tools-for-stm32.14.3.rel1.linux64_1.0.100.202602081740/tools/bin/../lib/gcc/arm-none-eabi/14.3.1/thumb/v8-m.main+fp/hard/crtbegin.o

.rodata         0x0800eca0      0x19c
                0x0800eca0                        . = ALIGN (0x4)
 *(.rodata)
 .rodata        0x0800eca0        0x2 ./Core/Src/COMUNICATION_PROTOCALS/uart.o
 *fill*         0x0800eca2        0x2 
 .rodata        0x0800eca4       0x77 ./Core/Src/CONTROL/button.o
 *fill*         0x0800ed1b        0x1 
 .rodata        0x0800ed1c       0x7f ./Core/Src/CONTROL/print.o
 *fill*         0x0800ed9b        0x1 
 .rodata        0x0800ed9c       0x19 ./Core/Src/main.o
 *(.rodata*)
 *fill*         0x0800edb5        0x3 
 .rodata.AHBPrescTable
                0x0800edb8       0x10 ./Core/Src/system_stm32h5xx.o
                0x0800edb8                AHBPrescTable
 .rodata.APBPrescTable
                0x0800edc8        0x8 ./Core/Src/system_stm32h5xx.o
                0x0800edc8                APBPrescTable
 .rodata.DLCtoBytes
                0x0800edd0       0x10 ./Drivers/STM32H5xx_HAL_Driver/Src/stm32h5xx_hal_fdcan.o
 .rodata.UARTPrescTable
                0x0800ede0       0x18 ./Drivers/STM32H5xx_HAL_Driver/Src/stm32h5xx_hal_uart.o
                0x0800ede0                UARTPrescTable
 .rodata.numerator.1
                0x0800edf8        0x8 ./Drivers/STM32H5xx_HAL_Driver/Src/stm32h5xx_hal_uart_ex.o
 .rodata.denominator.0
                0x0800ee00        0x8 ./Drivers/STM32H5xx_HAL_Driver/Src/stm32h5xx_hal_uart_ex.o
 .rodata._svfprintf_r.str1.1
                0x0800ee08       0x33 /opt/st/stm32cubeide_2.1.1/plugins/com.st.stm32cube.ide.mcu.externaltools.gnu-tools-for-stm32.14.3.rel1.linux64_1.0.100.202602081740/tools/bin/../lib/gcc/arm-none-eabi/14.3.1/../../../../arm-none-eabi/lib/thumb/v8-m.main+fp/hard/libc_nano.a(libc_a-nano-svfprintf.o)
                                 0x11 (size before relaxing)
 .rodata._printf_i.str1.1
                0x0800ee3b       0x22 /opt/st/stm32cubeide_2.1.1/plugins/com.st.stm32cube.ide.mcu.externaltools.gnu-tools-for-stm32.14.3.rel1.linux64_1.0.100.202602081740/tools/bin/../lib/gcc/arm-none-eabi/14.3.1/../../../../arm-none-eabi/lib/thumb/v8-m.main+fp/hard/libc_nano.a(libc_a-nano-vfprintf_i.o)
                0x0800ee60                        . = ALIGN (0x4)
 *fill*         0x0800ee3b        0x1 

.ARM.extab      0x0800ee3c        0x0
                0x0800ee3c                        . = ALIGN (0x4)
 *(.ARM.extab* .gnu.linkonce.armextab.*)
                0x0800ee3c                        . = ALIGN (0x4)

.ARM            0x0800ee3c        0x8
                0x0800ee3c                        . = ALIGN (0x4)
                0x0800ee3c                        __exidx_start = .
 *(.ARM.exidx*)
 .ARM.exidx     0x0800ee3c        0x8 /opt/st/stm32cubeide_2.1.1/plugins/com.st.stm32cube.ide.mcu.externaltools.gnu-tools-for-stm32.14.3.rel1.linux64_1.0.100.202602081740/tools/bin/../lib/gcc/arm-none-eabi/14.3.1/../../../../arm-none-eabi/lib/thumb/v8-m.main+fp/hard/libc_nano.a(libc_a-strlen.o)
 .ARM.exidx     0x0800ee44        0x0 /opt/st/stm32cubeide_2.1.1/plugins/com.st.stm32cube.ide.mcu.externaltools.gnu-tools-for-stm32.14.3.rel1.linux64_1.0.100.202602081740/tools/bin/../lib/gcc/arm-none-eabi/14.3.1/thumb/v8-m.main+fp/hard/libgcc.a(_udivmoddi4.o)
                                  0x8 (size before relaxing)
                0x0800ee44                        __exidx_end = .
                0x0800ee44                        . = ALIGN (0x4)

.preinit_array  0x0800ee44        0x0
                0x0800ee44                        . = ALIGN (0x4)
                0x0800ee44                        PROVIDE (__preinit_array_start = .)
 *(.preinit_array*)
                0x0800ee44                        PROVIDE (__preinit_array_end = .)
                0x0800ee44                        . = ALIGN (0x4)

.init_array     0x0800ee44        0x4
                0x0800ee44                        . = ALIGN (0x4)
                0x0800ee44                        PROVIDE (__init_array_start = .)
 *(SORT_BY_NAME(.init_array.*))
 *(.init_array*)
 .init_array    0x0800ee44        0x4 /opt/st/stm32cubeide_2.1.1/plugins/com.st.stm32cube.ide.mcu.externaltools.gnu-tools-for-stm32.14.3.rel1.linux64_1.0.100.202602081740/tools/bin/../lib/gcc/arm-none-eabi/14.3.1/thumb/v8-m.main+fp/hard/crtbegin.o
                0x0800ee48                        PROVIDE (__init_array_end = .)
                0x0800ee48                        . = ALIGN (0x4)

.fini_array     0x0800ee48        0x4
                0x0800ee48                        . = ALIGN (0x4)
                [!provide]                        PROVIDE (__fini_array_start = .)
 *(SORT_BY_NAME(.fini_array.*))
 *(.fini_array*)
 .fini_array    0x0800ee48        0x4 /opt/st/stm32cubeide_2.1.1/plugins/com.st.stm32cube.ide.mcu.externaltools.gnu-tools-for-stm32.14.3.rel1.linux64_1.0.100.202602081740/tools/bin/../lib/gcc/arm-none-eabi/14.3.1/thumb/v8-m.main+fp/hard/crtbegin.o
                [!provide]                        PROVIDE (__fini_array_end = .)
                0x0800ee4c                        . = ALIGN (0x4)
                0x0800ee4c                        _sidata = LOADADDR (.data)

.rel.dyn        0x0800ee4c        0x0
 .rel.iplt      0x0800ee4c        0x0 /opt/st/stm32cubeide_2.1.1/plugins/com.st.stm32cube.ide.mcu.externaltools.gnu-tools-for-stm32.14.3.rel1.linux64_1.0.100.202602081740/tools/bin/../lib/gcc/arm-none-eabi/14.3.1/thumb/v8-m.main+fp/hard/crtbegin.o

.data           0x20000000       0x74 load address 0x0800ee4c
                0x20000000                        . = ALIGN (0x4)
                0x20000000                        _sdata = .
 *(.data)
 *(.data*)
 .data.Alarm    0x20000000        0x1 ./Core/Src/CONTROL/alarms.o
                0x20000000                Alarm
 *fill*         0x20000001        0x3 
 .data.Alarm_Entry
                0x20000004        0x4 ./Core/Src/CONTROL/alarms.o
                0x20000004                Alarm_Entry
 .data.ResistorContactorStatus
                0x20000008        0x1 ./Core/Src/main.o
                0x20000008                ResistorContactorStatus
 .data.MainContactorStatus
                0x20000009        0x1 ./Core/Src/main.o
                0x20000009                MainContactorStatus
 *fill*         0x2000000a        0x2 
 .data.purgas   0x2000000c        0x4 ./Core/Src/main.o
                0x2000000c                purgas
 .data.Entry    0x20000010        0x4 ./Core/Src/main.o
                0x20000010                Entry
 .data.Delay_Restart
                0x20000014        0x4 ./Core/Src/main.o
                0x20000014                Delay_Restart
 .data.SystemCoreClock
                0x20000018        0x4 ./Core/Src/system_stm32h5xx.o
                0x20000018                SystemCoreClock
 .data.uwTickPrio
                0x2000001c        0x4 ./Drivers/STM32H5xx_HAL_Driver/Src/stm32h5xx_hal.o
                0x2000001c                uwTickPrio
 .data.uwTickFreq
                0x20000020        0x1 ./Drivers/STM32H5xx_HAL_Driver/Src/stm32h5xx_hal.o
                0x20000020                uwTickFreq
 *fill*         0x20000021        0x3 
 .data._impure_ptr
                0x20000024        0x4 /opt/st/stm32cubeide_2.1.1/plugins/com.st.stm32cube.ide.mcu.externaltools.gnu-tools-for-stm32.14.3.rel1.linux64_1.0.100.202602081740/tools/bin/../lib/gcc/arm-none-eabi/14.3.1/../../../../arm-none-eabi/lib/thumb/v8-m.main+fp/hard/libc_nano.a(libc_a-impure.o)
                0x20000024                _impure_ptr
 .data._impure_data
                0x20000028       0x4c /opt/st/stm32cubeide_2.1.1/plugins/com.st.stm32cube.ide.mcu.externaltools.gnu-tools-for-stm32.14.3.rel1.linux64_1.0.100.202602081740/tools/bin/../lib/gcc/arm-none-eabi/14.3.1/../../../../arm-none-eabi/lib/thumb/v8-m.main+fp/hard/libc_nano.a(libc_a-impure.o)
                0x20000028                _impure_data
 *(.RamFunc)
 *(.RamFunc*)
                0x20000074                        . = ALIGN (0x4)
                0x20000074                        _edata = .

.igot.plt       0x20000074        0x0 load address 0x0800eec0
 .igot.plt      0x20000074        0x0 /opt/st/stm32cubeide_2.1.1/plugins/com.st.stm32cube.ide.mcu.externaltools.gnu-tools-for-stm32.14.3.rel1.linux64_1.0.100.202602081740/tools/bin/../lib/gcc/arm-none-eabi/14.3.1/thumb/v8-m.main+fp/hard/crtbegin.o
                0x20000074                        . = ALIGN (0x4)

.bss            0x20000074      0x948 load address 0x0800eec0
                0x20000074                        _sbss = .
                0x20000074                        __bss_start__ = _sbss
 *(.bss)
 .bss           0x20000074       0x1c /opt/st/stm32cubeide_2.1.1/plugins/com.st.stm32cube.ide.mcu.externaltools.gnu-tools-for-stm32.14.3.rel1.linux64_1.0.100.202602081740/tools/bin/../lib/gcc/arm-none-eabi/14.3.1/thumb/v8-m.main+fp/hard/crtbegin.o
 *(.bss*)
 .bss.fault_start_time
                0x20000090        0x4 ./Core/Src/CONTROL/alarms.o
 .bss.Current_To_Voltage
                0x20000094        0x4 ./Core/Src/CONTROL/alarms.o
                0x20000094                Current_To_Voltage
 .bss.fault     0x20000098        0x4 ./Core/Src/CONTROL/alarms.o
                0x20000098                fault
 .bss.last_reading
                0x2000009c        0x4 ./Core/Src/CONTROL/alarms.o
                0x2000009c                last_reading
 .bss.Topt      0x200000a0        0x4 ./Core/Src/CONTROL/auto_control.o
                0x200000a0                Topt
 .bss.PurgeActive
                0x200000a4        0x4 ./Core/Src/CONTROL/auto_control.o
                0x200000a4                PurgeActive
 .bss.inteiro   0x200000a8        0x4 ./Core/Src/CONTROL/print.o
                0x200000a8                inteiro
 .bss.decimal   0x200000ac        0x4 ./Core/Src/CONTROL/print.o
                0x200000ac                decimal
 .bss.startuppurge_start_time
                0x200000b0        0x4 ./Core/Src/CONTROL/state.o
                0x200000b0                startuppurge_start_time
 .bss.hadc1     0x200000b4       0x68 ./Core/Src/main.o
                0x200000b4                hadc1
 .bss.hadc2     0x2000011c       0x68 ./Core/Src/main.o
                0x2000011c                hadc2
 .bss.Node_GPDMA1_Channel0
                0x20000184       0x24 ./Core/Src/main.o
                0x20000184                Node_GPDMA1_Channel0
 .bss.List_GPDMA1_Channel0
                0x200001a8       0x18 ./Core/Src/main.o
                0x200001a8                List_GPDMA1_Channel0
 .bss.handle_GPDMA1_Channel0
                0x200001c0       0x78 ./Core/Src/main.o
                0x200001c0                handle_GPDMA1_Channel0
 .bss.Node_GPDMA2_Channel0
                0x20000238       0x24 ./Core/Src/main.o
                0x20000238                Node_GPDMA2_Channel0
 .bss.List_GPDMA2_Channel0
                0x2000025c       0x18 ./Core/Src/main.o
                0x2000025c                List_GPDMA2_Channel0
 .bss.handle_GPDMA2_Channel0
                0x20000274       0x78 ./Core/Src/main.o
                0x20000274                handle_GPDMA2_Channel0
 .bss.hfdcan2   0x200002ec       0x64 ./Core/Src/main.o
                0x200002ec                hfdcan2
 .bss.CHECK     0x20000350       0x24 ./Core/Src/main.o
                0x20000350                CHECK
 .bss.ERROR_CAN
                0x20000374       0x24 ./Core/Src/main.o
                0x20000374                ERROR_CAN
 .bss.BMS_CAN   0x20000398       0x24 ./Core/Src/main.o
                0x20000398                BMS_CAN
 .bss.RxHeader  0x200003bc       0x28 ./Core/Src/main.o
                0x200003bc                RxHeader
 .bss.huart2    0x200003e4       0x94 ./Core/Src/main.o
                0x200003e4                huart2
 .bss.htim1     0x20000478       0x4c ./Core/Src/main.o
                0x20000478                htim1
 .bss.htim2     0x200004c4       0x4c ./Core/Src/main.o
                0x200004c4                htim2
 .bss.htim3     0x20000510       0x4c ./Core/Src/main.o
                0x20000510                htim3
 .bss.htim4     0x2000055c       0x4c ./Core/Src/main.o
                0x2000055c                htim4
 .bss.htim6     0x200005a8       0x4c ./Core/Src/main.o
                0x200005a8                htim6
 .bss.htim12    0x200005f4       0x4c ./Core/Src/main.o
                0x200005f4                htim12
 .bss.ADC_VC    0x20000640       0xc8 ./Core/Src/main.o
                0x20000640                ADC_VC
 .bss.ADC_TP    0x20000708       0xc8 ./Core/Src/main.o
                0x20000708                ADC_TP
 .bss.DATA      0x200007d0        0x8 ./Core/Src/main.o
                0x200007d0                DATA
 .bss.ERRO_C    0x200007d8        0x8 ./Core/Src/main.o
                0x200007d8                ERRO_C
 .bss.RxData    0x200007e0        0x8 ./Core/Src/main.o
                0x200007e0                RxData
 .bss.BMS       0x200007e8        0x8 ./Core/Src/main.o
                0x200007e8                BMS
 .bss.PurgeValveStatus
                0x200007f0        0x1 ./Core/Src/main.o
                0x200007f0                PurgeValveStatus
 .bss.SupplyValveStatus
                0x200007f1        0x1 ./Core/Src/main.o
                0x200007f1                SupplyValveStatus
 .bss.FcActualState
                0x200007f2        0x1 ./Core/Src/main.o
                0x200007f2                FcActualState
 *fill*         0x200007f3        0x1 
 .bss.Voltage   0x200007f4        0x4 ./Core/Src/main.o
                0x200007f4                Voltage
 .bss.Pressure  0x200007f8        0x4 ./Core/Src/main.o
                0x200007f8                Pressure
 .bss.Temp      0x200007fc        0x4 ./Core/Src/main.o
                0x200007fc                Temp
 .bss.Current   0x20000800        0x4 ./Core/Src/main.o
                0x20000800                Current
 .bss.Fan_power
                0x20000804        0x4 ./Core/Src/main.o
                0x20000804                Fan_power
 .bss.PreviousFanCmd
                0x20000808        0x4 ./Core/Src/main.o
                0x20000808                PreviousFanCmd
 .bss.last_H2_calc
                0x2000080c        0x4 ./Core/Src/main.o
                0x2000080c                last_H2_calc
 .bss.H2_consumed
                0x20000810        0x4 ./Core/Src/main.o
                0x20000810                H2_consumed
 .bss.H2_reacted
                0x20000814        0x4 ./Core/Src/main.o
                0x20000814                H2_reacted
 .bss.delta_t   0x20000818        0x4 ./Core/Src/main.o
                0x20000818                delta_t
 .bss.amp_segundo
                0x2000081c        0x4 ./Core/Src/main.o
                0x2000081c                amp_segundo
 .bss.Time      0x20000820        0x4 ./Core/Src/main.o
                0x20000820                Time
 .bss.fanspoolup_start_time
                0x20000824        0x4 ./Core/Src/main.o
                0x20000824                fanspoolup_start_time
 .bss.warmup_start_time
                0x20000828        0x4 ./Core/Src/main.o
                0x20000828                warmup_start_time
 .bss.shutdown_start_time
                0x2000082c        0x4 ./Core/Src/main.o
                0x2000082c                shutdown_start_time
 .bss.PurgeLastCallTime
                0x20000830        0x4 ./Core/Src/main.o
                0x20000830                PurgeLastCallTime
 .bss.PurgeStartTime
                0x20000834        0x4 ./Core/Src/main.o
                0x20000834                PurgeStartTime
 .bss.FanLastCallTime
                0x20000838        0x4 ./Core/Src/main.o
                0x20000838                FanLastCallTime
 .bss.LastITerm
                0x2000083c        0x4 ./Core/Src/main.o
                0x2000083c                LastITerm
 .bss.LastTempDiff
                0x20000840        0x4 ./Core/Src/main.o
                0x20000840                LastTempDiff
 .bss.ForceSupplyActive
                0x20000844        0x1 ./Core/Src/main.o
                0x20000844                ForceSupplyActive
 .bss.ForcePurgeActive
                0x20000845        0x1 ./Core/Src/main.o
                0x20000845                ForcePurgeActive
 *fill*         0x20000846        0x2 
 .bss.ForceSupplyOpenTime
                0x20000848        0x4 ./Core/Src/main.o
                0x20000848                ForceSupplyOpenTime
 .bss.ForcePurgeOpenTime
                0x2000084c        0x4 ./Core/Src/main.o
                0x2000084c                ForcePurgeOpenTime
 .bss.Start     0x20000850        0x4 ./Core/Src/main.o
                0x20000850                Start
 .bss.Delay_S   0x20000854        0x4 ./Core/Src/main.o
                0x20000854                Delay_S
 .bss.Delay_P   0x20000858        0x4 ./Core/Src/main.o
                0x20000858                Delay_P
 .bss.flag_5ms  0x2000085c        0x4 ./Core/Src/main.o
                0x2000085c                flag_5ms
 .bss.flag_25ms
                0x20000860        0x4 ./Core/Src/main.o
                0x20000860                flag_25ms
 .bss.flag_150ms
                0x20000864        0x4 ./Core/Src/main.o
                0x20000864                flag_150ms
 .bss.HAL_RCC_ADC_CLK_ENABLED
                0x20000868        0x4 ./Core/Src/stm32h5xx_hal_msp.o
 .bss.__sbrk_heap_end
                0x2000086c        0x4 ./Core/Src/sysmem.o
 .bss.uwTick    0x20000870        0x4 ./Drivers/STM32H5xx_HAL_Driver/Src/stm32h5xx_hal.o
                0x20000870                uwTick
 .bss.__sf      0x20000874      0x138 /opt/st/stm32cubeide_2.1.1/plugins/com.st.stm32cube.ide.mcu.externaltools.gnu-tools-for-stm32.14.3.rel1.linux64_1.0.100.202602081740/tools/bin/../lib/gcc/arm-none-eabi/14.3.1/../../../../arm-none-eabi/lib/thumb/v8-m.main+fp/hard/libc_nano.a(libc_a-findfp.o)
                0x20000874                __sf
 .bss.errno     0x200009ac        0x4 /opt/st/stm32cubeide_2.1.1/plugins/com.st.stm32cube.ide.mcu.externaltools.gnu-tools-for-stm32.14.3.rel1.linux64_1.0.100.202602081740/tools/bin/../lib/gcc/arm-none-eabi/14.3.1/../../../../arm-none-eabi/lib/thumb/v8-m.main+fp/hard/libc_nano.a(libc_a-reent.o)
                0x200009ac                errno
 .bss.__lock___malloc_recursive_mutex
                0x200009b0        0x1 /opt/st/stm32cubeide_2.1.1/plugins/com.st.stm32cube.ide.mcu.externaltools.gnu-tools-for-stm32.14.3.rel1.linux64_1.0.100.202602081740/tools/bin/../lib/gcc/arm-none-eabi/14.3.1/../../../../arm-none-eabi/lib/thumb/v8-m.main+fp/hard/libc_nano.a(libc_a-lock.o)
                0x200009b0                __lock___malloc_recursive_mutex
 *fill*         0x200009b1        0x3 
 .bss.__malloc_sbrk_start
                0x200009b4        0x4 /opt/st/stm32cubeide_2.1.1/plugins/com.st.stm32cube.ide.mcu.externaltools.gnu-tools-for-stm32.14.3.rel1.linux64_1.0.100.202602081740/tools/bin/../lib/gcc/arm-none-eabi/14.3.1/../../../../arm-none-eabi/lib/thumb/v8-m.main+fp/hard/libc_nano.a(libc_a-mallocr.o)
                0x200009b4                __malloc_sbrk_start
 .bss.__malloc_free_list
                0x200009b8        0x4 /opt/st/stm32cubeide_2.1.1/plugins/com.st.stm32cube.ide.mcu.externaltools.gnu-tools-for-stm32.14.3.rel1.linux64_1.0.100.202602081740/tools/bin/../lib/gcc/arm-none-eabi/14.3.1/../../../../arm-none-eabi/lib/thumb/v8-m.main+fp/hard/libc_nano.a(libc_a-mallocr.o)
                0x200009b8                __malloc_free_list
 *(COMMON)
                0x200009bc                        . = ALIGN (0x4)
                0x200009bc                        _ebss = .
                0x200009bc                        __bss_end__ = _ebss

._user_heap_stack
                0x200009bc      0x604 load address 0x0800eec0
                0x200009c0                        . = ALIGN (0x8)
 *fill*         0x200009bc        0x4 
                [!provide]                        PROVIDE (end = .)
                0x200009c0                        PROVIDE (_end = .)
                0x20000bc0                        . = (. + _Min_Heap_Size)
 *fill*         0x200009c0      0x200 
                0x20000fc0                        . = (. + _Min_Stack_Size)
 *fill*         0x20000bc0      0x400 
                0x20000fc0                        . = ALIGN (0x8)

/DISCARD/
 libc.a(*)
 libm.a(*)
 libgcc.a(*)

.ARM.attributes
                0x00000000       0x36
 *(.ARM.attributes)
 .ARM.attributes
                0x00000000       0x26 /opt/st/stm32cubeide_2.1.1/plugins/com.st.stm32cube.ide.mcu.externaltools.gnu-tools-for-stm32.14.3.rel1.linux64_1.0.100.202602081740/tools/bin/../lib/gcc/arm-none-eabi/14.3.1/thumb/v8-m.main+fp/hard/crti.o
 .ARM.attributes
                0x00000026       0x38 /opt/st/stm32cubeide_2.1.1/plugins/com.st.stm32cube.ide.mcu.externaltools.gnu-tools-for-stm32.14.3.rel1.linux64_1.0.100.202602081740/tools/bin/../lib/gcc/arm-none-eabi/14.3.1/thumb/v8-m.main+fp/hard/crtbegin.o
 .ARM.attributes
                0x0000005e       0x3a ./Core/Src/CMD/contactor.o
 .ARM.attributes
                0x00000098       0x3a ./Core/Src/CMD/fan.o
 .ARM.attributes
                0x000000d2       0x3a ./Core/Src/CMD/valve.o
 .ARM.attributes
                0x0000010c       0x3a ./Core/Src/COMUNICATION_PROTOCALS/can.o
 .ARM.attributes
                0x00000146       0x3a ./Core/Src/COMUNICATION_PROTOCALS/uart.o
 .ARM.attributes
                0x00000180       0x3a ./Core/Src/CONTROL/alarms.o
 .ARM.attributes
                0x000001ba       0x3a ./Core/Src/CONTROL/auto_control.o
 .ARM.attributes
                0x000001f4       0x3a ./Core/Src/CONTROL/button.o
 .ARM.attributes
                0x0000022e       0x3a ./Core/Src/CONTROL/print.o
 .ARM.attributes
                0x00000268       0x3a ./Core/Src/CONTROL/state.o
 .ARM.attributes
                0x000002a2       0x3a ./Core/Src/main.o
 .ARM.attributes
                0x000002dc       0x3a ./Core/Src/stm32h5xx_hal_msp.o
 .ARM.attributes
                0x00000316       0x3a ./Core/Src/stm32h5xx_it.o
 .ARM.attributes
                0x00000350       0x3a ./Core/Src/sysmem.o
 .ARM.attributes
                0x0000038a       0x3a ./Core/Src/system_stm32h5xx.o
 .ARM.attributes
                0x000003c4       0x24 ./Core/Startup/startup_stm32h533retx.o
 .ARM.attributes
                0x000003e8       0x3a ./Drivers/STM32H5xx_HAL_Driver/Src/stm32h5xx_hal.o
 .ARM.attributes
                0x00000422       0x3a ./Drivers/STM32H5xx_HAL_Driver/Src/stm32h5xx_hal_adc.o
 .ARM.attributes
                0x0000045c       0x3a ./Drivers/STM32H5xx_HAL_Driver/Src/stm32h5xx_hal_cortex.o
 .ARM.attributes
                0x00000496       0x3a ./Drivers/STM32H5xx_HAL_Driver/Src/stm32h5xx_hal_dma.o
 .ARM.attributes
                0x000004d0       0x3a ./Drivers/STM32H5xx_HAL_Driver/Src/stm32h5xx_hal_dma_ex.o
 .ARM.attributes
                0x0000050a       0x3a ./Drivers/STM32H5xx_HAL_Driver/Src/stm32h5xx_hal_fdcan.o
 .ARM.attributes
                0x00000544       0x3a ./Drivers/STM32H5xx_HAL_Driver/Src/stm32h5xx_hal_gpio.o
 .ARM.attributes
                0x0000057e       0x3a ./Drivers/STM32H5xx_HAL_Driver/Src/stm32h5xx_hal_icache.o
 .ARM.attributes
                0x000005b8       0x3a ./Drivers/STM32H5xx_HAL_Driver/Src/stm32h5xx_hal_rcc.o
 .ARM.attributes
                0x000005f2       0x3a ./Drivers/STM32H5xx_HAL_Driver/Src/stm32h5xx_hal_rcc_ex.o
 .ARM.attributes
                0x0000062c       0x3a ./Drivers/STM32H5xx_HAL_Driver/Src/stm32h5xx_hal_tim.o
 .ARM.attributes
                0x00000666       0x3a ./Drivers/STM32H5xx_HAL_Driver/Src/stm32h5xx_hal_tim_ex.o
 .ARM.attributes
                0x000006a0       0x3a ./Drivers/STM32H5xx_HAL_Driver/Src/stm32h5xx_hal_uart.o
 .ARM.attributes
                0x000006da       0x3a ./Drivers/STM32H5xx_HAL_Driver/Src/stm32h5xx_hal_uart_ex.o
 .ARM.attributes
                0x00000714       0x38 /opt/st/stm32cubeide_2.1.1/plugins/com.st.stm32cube.ide.mcu.externaltools.gnu-tools-for-stm32.14.3.rel1.linux64_1.0.100.202602081740/tools/bin/../lib/gcc/arm-none-eabi/14.3.1/../../../../arm-none-eabi/lib/thumb/v8-m.main+fp/hard/libc_nano.a(libc_a-findfp.o)
 .ARM.attributes
                0x0000074c       0x38 /opt/st/stm32cubeide_2.1.1/plugins/com.st.stm32cube.ide.mcu.externaltools.gnu-tools-for-stm32.14.3.rel1.linux64_1.0.100.202602081740/tools/bin/../lib/gcc/arm-none-eabi/14.3.1/../../../../arm-none-eabi/lib/thumb/v8-m.main+fp/hard/libc_nano.a(libc_a-vsprintf.o)
 .ARM.attributes
                0x00000784       0x38 /opt/st/stm32cubeide_2.1.1/plugins/com.st.stm32cube.ide.mcu.externaltools.gnu-tools-for-stm32.14.3.rel1.linux64_1.0.100.202602081740/tools/bin/../lib/gcc/arm-none-eabi/14.3.1/../../../../arm-none-eabi/lib/thumb/v8-m.main+fp/hard/libc_nano.a(libc_a-memset.o)
 .ARM.attributes
                0x000007bc       0x38 /opt/st/stm32cubeide_2.1.1/plugins/com.st.stm32cube.ide.mcu.externaltools.gnu-tools-for-stm32.14.3.rel1.linux64_1.0.100.202602081740/tools/bin/../lib/gcc/arm-none-eabi/14.3.1/../../../../arm-none-eabi/lib/thumb/v8-m.main+fp/hard/libc_nano.a(libc_a-reent.o)
 .ARM.attributes
                0x000007f4       0x38 /opt/st/stm32cubeide_2.1.1/plugins/com.st.stm32cube.ide.mcu.externaltools.gnu-tools-for-stm32.14.3.rel1.linux64_1.0.100.202602081740/tools/bin/../lib/gcc/arm-none-eabi/14.3.1/../../../../arm-none-eabi/lib/thumb/v8-m.main+fp/hard/libc_nano.a(libc_a-impure.o)
 .ARM.attributes
                0x0000082c       0x38 /opt/st/stm32cubeide_2.1.1/plugins/com.st.stm32cube.ide.mcu.externaltools.gnu-tools-for-stm32.14.3.rel1.linux64_1.0.100.202602081740/tools/bin/../lib/gcc/arm-none-eabi/14.3.1/../../../../arm-none-eabi/lib/thumb/v8-m.main+fp/hard/libc_nano.a(libc_a-errno.o)
 .ARM.attributes
                0x00000864       0x38 /opt/st/stm32cubeide_2.1.1/plugins/com.st.stm32cube.ide.mcu.externaltools.gnu-tools-for-stm32.14.3.rel1.linux64_1.0.100.202602081740/tools/bin/../lib/gcc/arm-none-eabi/14.3.1/../../../../arm-none-eabi/lib/thumb/v8-m.main+fp/hard/libc_nano.a(libc_a-init.o)
 .ARM.attributes
                0x0000089c       0x38 /opt/st/stm32cubeide_2.1.1/plugins/com.st.stm32cube.ide.mcu.externaltools.gnu-tools-for-stm32.14.3.rel1.linux64_1.0.100.202602081740/tools/bin/../lib/gcc/arm-none-eabi/14.3.1/../../../../arm-none-eabi/lib/thumb/v8-m.main+fp/hard/libc_nano.a(libc_a-lock.o)
 .ARM.attributes
                0x000008d4       0x24 /opt/st/stm32cubeide_2.1.1/plugins/com.st.stm32cube.ide.mcu.externaltools.gnu-tools-for-stm32.14.3.rel1.linux64_1.0.100.202602081740/tools/bin/../lib/gcc/arm-none-eabi/14.3.1/../../../../arm-none-eabi/lib/thumb/v8-m.main+fp/hard/libc_nano.a(libc_a-strlen.o)
 .ARM.attributes
                0x000008f8       0x38 /opt/st/stm32cubeide_2.1.1/plugins/com.st.stm32cube.ide.mcu.externaltools.gnu-tools-for-stm32.14.3.rel1.linux64_1.0.100.202602081740/tools/bin/../lib/gcc/arm-none-eabi/14.3.1/../../../../arm-none-eabi/lib/thumb/v8-m.main+fp/hard/libc_nano.a(libc_a-freer.o)
 .ARM.attributes
                0x00000930       0x38 /opt/st/stm32cubeide_2.1.1/plugins/com.st.stm32cube.ide.mcu.externaltools.gnu-tools-for-stm32.14.3.rel1.linux64_1.0.100.202602081740/tools/bin/../lib/gcc/arm-none-eabi/14.3.1/../../../../arm-none-eabi/lib/thumb/v8-m.main+fp/hard/libc_nano.a(libc_a-mallocr.o)
 .ARM.attributes
                0x00000968       0x38 /opt/st/stm32cubeide_2.1.1/plugins/com.st.stm32cube.ide.mcu.externaltools.gnu-tools-for-stm32.14.3.rel1.linux64_1.0.100.202602081740/tools/bin/../lib/gcc/arm-none-eabi/14.3.1/../../../../arm-none-eabi/lib/thumb/v8-m.main+fp/hard/libc_nano.a(libc_a-mlock.o)
 .ARM.attributes
                0x000009a0       0x38 /opt/st/stm32cubeide_2.1.1/plugins/com.st.stm32cube.ide.mcu.externaltools.gnu-tools-for-stm32.14.3.rel1.linux64_1.0.100.202602081740/tools/bin/../lib/gcc/arm-none-eabi/14.3.1/../../../../arm-none-eabi/lib/thumb/v8-m.main+fp/hard/libc_nano.a(libc_a-nano-svfprintf.o)
 .ARM.attributes
                0x000009d8       0x38 /opt/st/stm32cubeide_2.1.1/plugins/com.st.stm32cube.ide.mcu.externaltools.gnu-tools-for-stm32.14.3.rel1.linux64_1.0.100.202602081740/tools/bin/../lib/gcc/arm-none-eabi/14.3.1/../../../../arm-none-eabi/lib/thumb/v8-m.main+fp/hard/libc_nano.a(libc_a-nano-vfprintf_i.o)
 .ARM.attributes
                0x00000a10       0x38 /opt/st/stm32cubeide_2.1.1/plugins/com.st.stm32cube.ide.mcu.externaltools.gnu-tools-for-stm32.14.3.rel1.linux64_1.0.100.202602081740/tools/bin/../lib/gcc/arm-none-eabi/14.3.1/../../../../arm-none-eabi/lib/thumb/v8-m.main+fp/hard/libc_nano.a(libc_a-memmove.o)
 .ARM.attributes
                0x00000a48       0x38 /opt/st/stm32cubeide_2.1.1/plugins/com.st.stm32cube.ide.mcu.externaltools.gnu-tools-for-stm32.14.3.rel1.linux64_1.0.100.202602081740/tools/bin/../lib/gcc/arm-none-eabi/14.3.1/../../../../arm-none-eabi/lib/thumb/v8-m.main+fp/hard/libc_nano.a(libc_a-sbrkr.o)
 .ARM.attributes
                0x00000a80       0x38 /opt/st/stm32cubeide_2.1.1/plugins/com.st.stm32cube.ide.mcu.externaltools.gnu-tools-for-stm32.14.3.rel1.linux64_1.0.100.202602081740/tools/bin/../lib/gcc/arm-none-eabi/14.3.1/../../../../arm-none-eabi/lib/thumb/v8-m.main+fp/hard/libc_nano.a(libc_a-memchr-stub.o)
 .ARM.attributes
                0x00000ab8       0x38 /opt/st/stm32cubeide_2.1.1/plugins/com.st.stm32cube.ide.mcu.externaltools.gnu-tools-for-stm32.14.3.rel1.linux64_1.0.100.202602081740/tools/bin/../lib/gcc/arm-none-eabi/14.3.1/../../../../arm-none-eabi/lib/thumb/v8-m.main+fp/hard/libc_nano.a(libc_a-memcpy-stub.o)
 .ARM.attributes
                0x00000af0       0x38 /opt/st/stm32cubeide_2.1.1/plugins/com.st.stm32cube.ide.mcu.externaltools.gnu-tools-for-stm32.14.3.rel1.linux64_1.0.100.202602081740/tools/bin/../lib/gcc/arm-none-eabi/14.3.1/../../../../arm-none-eabi/lib/thumb/v8-m.main+fp/hard/libc_nano.a(libc_a-reallocr.o)
 .ARM.attributes
                0x00000b28       0x38 /opt/st/stm32cubeide_2.1.1/plugins/com.st.stm32cube.ide.mcu.externaltools.gnu-tools-for-stm32.14.3.rel1.linux64_1.0.100.202602081740/tools/bin/../lib/gcc/arm-none-eabi/14.3.1/../../../../arm-none-eabi/lib/thumb/v8-m.main+fp/hard/libc_nano.a(libc_a-msizer.o)
 .ARM.attributes
                0x00000b60       0x26 /opt/st/stm32cubeide_2.1.1/plugins/com.st.stm32cube.ide.mcu.externaltools.gnu-tools-for-stm32.14.3.rel1.linux64_1.0.100.202602081740/tools/bin/../lib/gcc/arm-none-eabi/14.3.1/thumb/v8-m.main+fp/hard/libgcc.a(_arm_muldf3.o)
 .ARM.attributes
                0x00000b86       0x26 /opt/st/stm32cubeide_2.1.1/plugins/com.st.stm32cube.ide.mcu.externaltools.gnu-tools-for-stm32.14.3.rel1.linux64_1.0.100.202602081740/tools/bin/../lib/gcc/arm-none-eabi/14.3.1/thumb/v8-m.main+fp/hard/libgcc.a(_arm_addsubdf3.o)
 .ARM.attributes
                0x00000bac       0x26 /opt/st/stm32cubeide_2.1.1/plugins/com.st.stm32cube.ide.mcu.externaltools.gnu-tools-for-stm32.14.3.rel1.linux64_1.0.100.202602081740/tools/bin/../lib/gcc/arm-none-eabi/14.3.1/thumb/v8-m.main+fp/hard/libgcc.a(_arm_cmpdf2.o)
 .ARM.attributes
                0x00000bd2       0x26 /opt/st/stm32cubeide_2.1.1/plugins/com.st.stm32cube.ide.mcu.externaltools.gnu-tools-for-stm32.14.3.rel1.linux64_1.0.100.202602081740/tools/bin/../lib/gcc/arm-none-eabi/14.3.1/thumb/v8-m.main+fp/hard/libgcc.a(_arm_truncdfsf2.o)
 .ARM.attributes
                0x00000bf8       0x26 /opt/st/stm32cubeide_2.1.1/plugins/com.st.stm32cube.ide.mcu.externaltools.gnu-tools-for-stm32.14.3.rel1.linux64_1.0.100.202602081740/tools/bin/../lib/gcc/arm-none-eabi/14.3.1/thumb/v8-m.main+fp/hard/libgcc.a(_aeabi_uldivmod.o)
 .ARM.attributes