Archive member included to satisfy reference by file (symbol)

/opt/st/stm32cubeide_2.1.1/plugins/com.st.stm32cube.ide.mcu.externaltools.gnu-tools-for-stm32.14.3.rel1.linux64_1.0.100.202602081740/tools/bin/../lib/gcc/arm-none-eabi/14.3.1/../../../../arm-none-eabi/lib/thumb/v8-m.main+fp/hard/libc_nano.a(libc_a-exit.o)
                              /opt/st/stm32cubeide_2.1.1/plugins/com.st.stm32cube.ide.mcu.externaltools.gnu-tools-for-stm32.14.3.rel1.linux64_1.0.100.202602081740/tools/bin/../lib/gcc/arm-none-eabi/14.3.1/../../../../arm-none-eabi/lib/thumb/v8-m.main+fp/hard/crt0.o (exit)
/opt/st/stm32cubeide_2.1.1/plugins/com.st.stm32cube.ide.mcu.externaltools.gnu-tools-for-stm32.14.3.rel1.linux64_1.0.100.202602081740/tools/bin/../lib/gcc/arm-none-eabi/14.3.1/../../../../arm-none-eabi/lib/thumb/v8-m.main+fp/hard/libc_nano.a(libc_a-findfp.o)
                              /opt/st/stm32cubeide_2.1.1/plugins/com.st.stm32cube.ide.mcu.externaltools.gnu-tools-for-stm32.14.3.rel1.linux64_1.0.100.202602081740/tools/bin/../lib/gcc/arm-none-eabi/14.3.1/../../../../arm-none-eabi/lib/thumb/v8-m.main+fp/hard/libc_nano.a(libc_a-exit.o) (__stdio_exit_handler)
/opt/st/stm32cubeide_2.1.1/plugins/com.st.stm32cube.ide.mcu.externaltools.gnu-tools-for-stm32.14.3.rel1.linux64_1.0.100.202602081740/tools/bin/../lib/gcc/arm-none-eabi/14.3.1/../../../../arm-none-eabi/lib/thumb/v8-m.main+fp/hard/libc_nano.a(libc_a-fwalk.o)
                              /opt/st/stm32cubeide_2.1.1/plugins/com.st.stm32cube.ide.mcu.externaltools.gnu-tools-for-stm32.14.3.rel1.linux64_1.0.100.202602081740/tools/bin/../lib/gcc/arm-none-eabi/14.3.1/../../../../arm-none-eabi/lib/thumb/v8-m.main+fp/hard/libc_nano.a(libc_a-findfp.o) (_fwalk_sglue)
/opt/st/stm32cubeide_2.1.1/plugins/com.st.stm32cube.ide.mcu.externaltools.gnu-tools-for-stm32.14.3.rel1.linux64_1.0.100.202602081740/tools/bin/../lib/gcc/arm-none-eabi/14.3.1/../../../../arm-none-eabi/lib/thumb/v8-m.main+fp/hard/libc_nano.a(libc_a-stdio.o)
                              /opt/st/stm32cubeide_2.1.1/plugins/com.st.stm32cube.ide.mcu.externaltools.gnu-tools-for-stm32.14.3.rel1.linux64_1.0.100.202602081740/tools/bin/../lib/gcc/arm-none-eabi/14.3.1/../../../../arm-none-eabi/lib/thumb/v8-m.main+fp/hard/libc_nano.a(libc_a-findfp.o) (__sread)
/opt/st/stm32cubeide_2.1.1/plugins/com.st.stm32cube.ide.mcu.externaltools.gnu-tools-for-stm32.14.3.rel1.linux64_1.0.100.202602081740/tools/bin/../lib/gcc/arm-none-eabi/14.3.1/../../../../arm-none-eabi/lib/thumb/v8-m.main+fp/hard/libc_nano.a(libc_a-vsprintf.o)
                              ./Core/Src/COMUNICATION_PROTOCALS/uart.o (vsprintf)
/opt/st/stm32cubeide_2.1.1/plugins/com.st.stm32cube.ide.mcu.externaltools.gnu-tools-for-stm32.14.3.rel1.linux64_1.0.100.202602081740/tools/bin/../lib/gcc/arm-none-eabi/14.3.1/../../../../arm-none-eabi/lib/thumb/v8-m.main+fp/hard/libc_nano.a(libc_a-memset.o)
                              /opt/st/stm32cubeide_2.1.1/plugins/com.st.stm32cube.ide.mcu.externaltools.gnu-tools-for-stm32.14.3.rel1.linux64_1.0.100.202602081740/tools/bin/../lib/gcc/arm-none-eabi/14.3.1/../../../../arm-none-eabi/lib/thumb/v8-m.main+fp/hard/crt0.o (memset)
/opt/st/stm32cubeide_2.1.1/plugins/com.st.stm32cube.ide.mcu.externaltools.gnu-tools-for-stm32.14.3.rel1.linux64_1.0.100.202602081740/tools/bin/../lib/gcc/arm-none-eabi/14.3.1/../../../../arm-none-eabi/lib/thumb/v8-m.main+fp/hard/libc_nano.a(libc_a-closer.o)
                              /opt/st/stm32cubeide_2.1.1/plugins/com.st.stm32cube.ide.mcu.externaltools.gnu-tools-for-stm32.14.3.rel1.linux64_1.0.100.202602081740/tools/bin/../lib/gcc/arm-none-eabi/14.3.1/../../../../arm-none-eabi/lib/thumb/v8-m.main+fp/hard/libc_nano.a(libc_a-stdio.o) (_close_r)
/opt/st/stm32cubeide_2.1.1/plugins/com.st.stm32cube.ide.mcu.externaltools.gnu-tools-for-stm32.14.3.rel1.linux64_1.0.100.202602081740/tools/bin/../lib/gcc/arm-none-eabi/14.3.1/../../../../arm-none-eabi/lib/thumb/v8-m.main+fp/hard/libc_nano.a(libc_a-reent.o)
                              /opt/st/stm32cubeide_2.1.1/plugins/com.st.stm32cube.ide.mcu.externaltools.gnu-tools-for-stm32.14.3.rel1.linux64_1.0.100.202602081740/tools/bin/../lib/gcc/arm-none-eabi/14.3.1/../../../../arm-none-eabi/lib/thumb/v8-m.main+fp/hard/libc_nano.a(libc_a-closer.o) (errno)
/opt/st/stm32cubeide_2.1.1/plugins/com.st.stm32cube.ide.mcu.externaltools.gnu-tools-for-stm32.14.3.rel1.linux64_1.0.100.202602081740/tools/bin/../lib/gcc/arm-none-eabi/14.3.1/../../../../arm-none-eabi/lib/thumb/v8-m.main+fp/hard/libc_nano.a(libc_a-impure.o)
                              /opt/st/stm32cubeide_2.1.1/plugins/com.st.stm32cube.ide.mcu.externaltools.gnu-tools-for-stm32.14.3.rel1.linux64_1.0.100.202602081740/tools/bin/../lib/gcc/arm-none-eabi/14.3.1/../../../../arm-none-eabi/lib/thumb/v8-m.main+fp/hard/libc_nano.a(libc_a-vsprintf.o) (_impure_ptr)
[...]
Memory Configuration

Name             Origin             Length             Attributes
RAM              0x20000000         0x00044000         xrw
FLASH            0x08000000         0x00080000         xr
*default*        0x00000000         0xffffffff

Linker script and memory map

LOAD /opt/st/stm32cubeide_2.1.1/plugins/com.st.stm32cube.ide.mcu.externaltools.gnu-tools-for-stm32.14.3.rel1.linux64_1.0.100.202602081740/tools/bin/../lib/gcc/arm-none-eabi/14.3.1/thumb/v8-m.main+fp/hard/crti.o
LOAD /opt/st/stm32cubeide_2.1.1/plugins/com.st.stm32cube.ide.mcu.externaltools.gnu-tools-for-stm32.14.3.rel1.linux64_1.0.100.202602081740/tools/bin/../lib/gcc/arm-none-eabi/14.3.1/thumb/v8-m.main+fp/hard/crtbegin.o
LOAD /opt/st/stm32cubeide_2.1.1/plugins/com.st.stm32cube.ide.mcu.externaltools.gnu-tools-for-stm32.14.3.rel1.linux64_1.0.100.202602081740/tools/bin/../lib/gcc/arm-none-eabi/14.3.1/../../../../arm-none-eabi/lib/thumb/v8-m.main+fp/hard/crt0.o
LOAD ./Core/Src/CMD/contactor.o
LOAD ./Core/Src/CMD/fan.o
LOAD ./Core/Src/CMD/valve.o
LOAD ./Core/Src/COMUNICATION_PROTOCALS/can.o
LOAD ./Core/Src/COMUNICATION_PROTOCALS/uart.o
LOAD ./Core/Src/CONTROL/alarms.o
LOAD ./Core/Src/CONTROL/auto_control.o
LOAD ./Core/Src/CONTROL/button.o
LOAD ./Core/Src/CONTROL/print.o
LOAD ./Core/Src/CONTROL/state.o
LOAD ./Core/Src/main.o
LOAD ./Core/Src/stm32h5xx_hal_msp.o
LOAD ./Core/Src/stm32h5xx_it.o
LOAD ./Core/Src/syscalls.o
LOAD ./Core/Src/sysmem.o
LOAD ./Core/Src/system_stm32h5xx.o
LOAD ./Core/Startup/startup_stm32h533retx.o
LOAD ./Drivers/STM32H5xx_HAL_Driver/Src/stm32h5xx_hal.o
LOAD ./Drivers/STM32H5xx_HAL_Driver/Src/stm32h5xx_hal_adc.o
LOAD ./Drivers/STM32H5xx_HAL_Driver/Src/stm32h5xx_hal_adc_ex.o
LOAD ./Drivers/STM32H5xx_HAL_Driver/Src/stm32h5xx_hal_cortex.o
LOAD ./Drivers/STM32H5xx_HAL_Driver/Src/stm32h5xx_hal_dma.o
LOAD ./Drivers/STM32H5xx_HAL_Driver/Src/stm32h5xx_hal_dma_ex.o
LOAD ./Drivers/STM32H5xx_HAL_Driver/Src/stm32h5xx_hal_exti.o
LOAD ./Drivers/STM32H5xx_HAL_Driver/Src/stm32h5xx_hal_fdcan.o
LOAD ./Drivers/STM32H5xx_HAL_Driver/Src/stm32h5xx_hal_flash.o
LOAD ./Drivers/STM32H5xx_HAL_Driver/Src/stm32h5xx_hal_flash_ex.o
LOAD ./Drivers/STM32H5xx_HAL_Driver/Src/stm32h5xx_hal_gpio.o
LOAD ./Drivers/STM32H5xx_HAL_Driver/Src/stm32h5xx_hal_icache.o
LOAD ./Drivers/STM32H5xx_HAL_Driver/Src/stm32h5xx_hal_pwr.o
LOAD ./Drivers/STM32H5xx_HAL_Driver/Src/stm32h5xx_hal_pwr_ex.o
LOAD ./Drivers/STM32H5xx_HAL_Driver/Src/stm32h5xx_hal_rcc.o
LOAD ./Drivers/STM32H5xx_HAL_Driver/Src/stm32h5xx_hal_rcc_ex.o
LOAD ./Drivers/STM32H5xx_HAL_Driver/Src/stm32h5xx_hal_tim.o
LOAD ./Drivers/STM32H5xx_HAL_Driver/Src/stm32h5xx_hal_tim_ex.o
LOAD ./Drivers/STM32H5xx_HAL_Driver/Src/stm32h5xx_hal_uart.o
LOAD ./Drivers/STM32H5xx_HAL_Driver/Src/stm32h5xx_hal_uart_ex.o
START GROUP
LOAD /opt/st/stm32cubeide_2.1.1/plugins/com.st.stm32cube.ide.mcu.externaltools.gnu-tools-for-stm32.14.3.rel1.linux64_1.0.100.202602081740/tools/bin/../lib/gcc/arm-none-eabi/14.3.1/../../../../arm-none-eabi/lib/thumb/v8-m.main+fp/hard/libc_nano.a
LOAD /opt/st/stm32cubeide_2.1.1/plugins/com.st.stm32cube.ide.mcu.externaltools.gnu-tools-for-stm32.14.3.rel1.linux64_1.0.100.202602081740/tools/bin/../lib/gcc/arm-none-eabi/14.3.1/../../../../arm-none-eabi/lib/thumb/v8-m.main+fp/hard/libm.a
END GROUP
START GROUP
LOAD /opt/st/stm32cubeide_2.1.1/plugins/com.st.stm32cube.ide.mcu.externaltools.gnu-tools-for-stm32.14.3.rel1.linux64_1.0.100.202602081740/tools/bin/../lib/gcc/arm-none-eabi/14.3.1/thumb/v8-m.main+fp/hard/libgcc.a
LOAD /opt/st/stm32cubeide_2.1.1/plugins/com.st.stm32cube.ide.mcu.externaltools.gnu-tools-for-stm32.14.3.rel1.linux64_1.0.100.202602081740/tools/bin/../lib/gcc/arm-none-eabi/14.3.1/../../../../arm-none-eabi/lib/thumb/v8-m.main+fp/hard/libc_nano.a
END GROUP
START GROUP
LOAD /opt/st/stm32cubeide_2.1.1/plugins/com.st.stm32cube.ide.mcu.externaltools.gnu-tools-for-stm32.14.3.rel1.linux64_1.0.100.202602081740/tools/bin/../lib/gcc/arm-none-eabi/14.3.1/thumb/v8-m.main+fp/hard/libgcc.a
LOAD /opt/st/stm32cubeide_2.1.1/plugins/com.st.stm32cube.ide.mcu.externaltools.gnu-tools-for-stm32.14.3.rel1.linux64_1.0.100.202602081740/tools/bin/../lib/gcc/arm-none-eabi/14.3.1/../../../../arm-none-eabi/lib/thumb/v8-m.main+fp/hard/libc_nano.a
LOAD /opt/st/stm32cubeide_2.1.1/plugins/com.st.stm32cube.ide.mcu.externaltools.gnu-tools-for-stm32.14.3.rel1.linux64_1.0.100.202602081740/tools/bin/../lib/gcc/arm-none-eabi/14.3.1/../../../../arm-none-eabi/lib/thumb/v8-m.main+fp/hard/libnosys.a
END GROUP
START GROUP
LOAD /opt/st/stm32cubeide_2.1.1/plugins/com.st.stm32cube.ide.mcu.externaltools.gnu-tools-for-stm32.14.3.rel1.linux64_1.0.100.202602081740/tools/bin/../lib/gcc/arm-none-eabi/14.3.1/thumb/v8-m.main+fp/hard/libgcc.a
LOAD /opt/st/stm32cubeide_2.1.1/plugins/com.st.stm32cube.ide.mcu.externaltools.gnu-tools-for-stm32.14.3.rel1.linux64_1.0.100.202602081740/tools/bin/../lib/gcc/arm-none-eabi/14.3.1/../../../../arm-none-eabi/lib/thumb/v8-m.main+fp/hard/libc_nano.a
LOAD /opt/st/stm32cubeide_2.1.1/plugins/com.st.stm32cube.ide.mcu.externaltools.gnu-tools-for-stm32.14.3.rel1.linux64_1.0.100.202602081740/tools/bin/../lib/gcc/arm-none-eabi/14.3.1/../../../../arm-none-eabi/lib/thumb/v8-m.main+fp/hard/libnosys.a
END GROUP
LOAD /opt/st/stm32cubeide_2.1.1/plugins/com.st.stm32cube.ide.mcu.externaltools.gnu-tools-for-stm32.14.3.rel1.linux64_1.0.100.202602081740/tools/bin/../lib/gcc/arm-none-eabi/14.3.1/thumb/v8-m.main+fp/hard/crtend.o
LOAD /opt/st/stm32cubeide_2.1.1/plugins/com.st.stm32cube.ide.mcu.externaltools.gnu-tools-for-stm32.14.3.rel1.linux64_1.0.100.202602081740/tools/bin/../lib/gcc/arm-none-eabi/14.3.1/thumb/v8-m.main+fp/hard/crtn.o
                0x20044000                        _estack = (ORIGIN (RAM) + LENGTH (RAM))
                0x20043c00                        _sstack = (_estack - _Min_Stack_Size)
                0x00000200                        _Min_Heap_Size = 0x200
                0x00000400                        _Min_Stack_Size = 0x400

.isr_vector     0x08000000      0x254
                0x08000000                        . = ALIGN (0x4)
 *(.isr_vector)
 .isr_vector    0x08000000      0x254 ./Core/Startup/startup_stm32h533retx.o
                0x08000000                g_pfnVectors
                0x08000254                        . = ALIGN (0x4)

.text           0x08000258     0xe940
                0x08000258                        . = ALIGN (0x4)
 *(.text)
 .text          0x08000258       0x40 /opt/st/stm32cubeide_2.1.1/plugins/com.st.stm32cube.ide.mcu.externaltools.gnu-tools-for-stm32.14.3.rel1.linux64_1.0.100.202602081740/tools/bin/../lib/gcc/arm-none-eabi/14.3.1/thumb/v8-m.main+fp/hard/crtbegin.o
 .text          0x08000298       0x10 /opt/st/stm32cubeide_2.1.1/plugins/com.st.stm32cube.ide.mcu.externaltools.gnu-tools-for-stm32.14.3.rel1.linux64_1.0.100.202602081740/tools/bin/../lib/gcc/arm-none-eabi/14.3.1/../../../../arm-none-eabi/lib/thumb/v8-m.main+fp/hard/libc_nano.a(libc_a-strlen.o)
                0x08000298                strlen
 .text          0x080002a8      0x254 /opt/st/stm32cubeide_2.1.1/plugins/com.st.stm32cube.ide.mcu.externaltools.gnu-tools-for-stm32.14.3.rel1.linux64_1.0.100.202602081740/tools/bin/../lib/gcc/arm-none-eabi/14.3.1/thumb/v8-m.main+fp/hard/libgcc.a(_arm_muldf3.o)
                0x080002a8                __aeabi_dmul
                0x080002a8                __muldf3
 .text          0x080004fc      0x378 /opt/st/stm32cubeide_2.1.1/plugins/com.st.stm32cube.ide.mcu.externaltools.gnu-tools-for-stm32.14.3.rel1.linux64_1.0.100.202602081740/tools/bin/../lib/gcc/arm-none-eabi/14.3.1/thumb/v8-m.main+fp/hard/libgcc.a(_arm_addsubdf3.o)
                0x080004fc                __aeabi_drsub
                0x08000504                __aeabi_dsub
                0x08000504                __subdf3
                0x08000508                __adddf3
                0x08000508                __aeabi_dadd
                0x08000780                __aeabi_ui2d
                0x08000780                __floatunsidf
                0x080007a0                __floatsidf
                0x080007a0                __aeabi_i2d
                0x080007c4                __extendsfdf2
                0x080007c4                __aeabi_f2d
                0x08000808                __aeabi_ul2d
                0x08000808                __floatundidf
                0x08000818                __floatdidf
                0x08000818                __aeabi_l2d
 .text          0x08000874      0x110 /opt/st/stm32cubeide_2.1.1/plugins/com.st.stm32cube.ide.mcu.externaltools.gnu-tools-for-stm32.14.3.rel1.linux64_1.0.100.202602081740/tools/bin/../lib/gcc/arm-none-eabi/14.3.1/thumb/v8-m.main+fp/hard/libgcc.a(_arm_cmpdf2.o)
                0x08000874                __gtdf2
                0x08000874                __gedf2
                0x0800087c                __ltdf2
                0x0800087c                __ledf2
                0x08000884                __cmpdf2
                0x08000884                __eqdf2
                0x08000884                __nedf2
                0x08000900                __aeabi_cdrcmple
                0x08000910                __aeabi_cdcmple
                0x08000910                __aeabi_cdcmpeq
                0x08000920                __aeabi_dcmpeq
                0x08000934                __aeabi_dcmplt
                0x08000948                __aeabi_dcmple
                0x0800095c                __aeabi_dcmpge
                0x08000970                __aeabi_dcmpgt
 .text          0x08000984       0xa0 /opt/st/stm32cubeide_2.1.1/plugins/com.st.stm32cube.ide.mcu.externaltools.gnu-tools-for-stm32.14.3.rel1.linux64_1.0.100.202602081740/tools/bin/../lib/gcc/arm-none-eabi/14.3.1/thumb/v8-m.main+fp/hard/libgcc.a(_arm_truncdfsf2.o)
                0x08000984                __aeabi_d2f
                0x08000984                __truncdfsf2
 .text          0x08000a24       0x30 /opt/st/stm32cubeide_2.1.1/plugins/com.st.stm32cube.ide.mcu.externaltools.gnu-tools-for-stm32.14.3.rel1.linux64_1.0.100.202602081740/tools/bin/../lib/gcc/arm-none-eabi/14.3.1/thumb/v8-m.main+fp/hard/libgcc.a(_aeabi_uldivmod.o)
                0x08000a24                __aeabi_uldivmod
 .text          0x08000a54      0x34c /opt/st/stm32cubeide_2.1.1/plugins/com.st.stm32cube.ide.mcu.externaltools.gnu-tools-for-stm32.14.3.rel1.linux64_1.0.100.202602081740/tools/bin/../lib/gcc/arm-none-eabi/14.3.1/thumb/v8-m.main+fp/hard/libgcc.a(_udivmoddi4.o)
                0x08000a54                __udivmoddi4
 .text          0x08000da0        0x4 /opt/st/stm32cubeide_2.1.1/plugins/com.st.stm32cube.ide.mcu.externaltools.gnu-tools-for-stm32.14.3.rel1.linux64_1.0.100.202602081740/tools/bin/../lib/gcc/arm-none-eabi/14.3.1/thumb/v8-m.main+fp/hard/libgcc.a(_dvmd_tls.o)
                0x08000da0                __aeabi_ldiv0
                0x08000da0                __aeabi_idiv0
 *(.text*)
 .text.ResistorContactor_CMD
                0x08000da4       0x48 ./Core/Src/CMD/contactor.o
                0x08000da4                ResistorContactor_CMD
 .text.MainContactor_CMD
                0x08000dec       0x4c ./Core/Src/CMD/contactor.o
                0x08000dec                MainContactor_CMD
 .text.Fan_CMD  0x08000e38       0x4c ./Core/Src/CMD/fan.o
                0x08000e38                Fan_CMD
 *fill*         0x08000e84        0x4 
 .text.H2_reaction_tracker
                0x08000e88       0xe4 ./Core/Src/CMD/valve.o
                0x08000e88                H2_reaction_tracker
 *fill*         0x08000f6c        0x4 
 .text.H2_purge_tracker
                0x08000f70       0x7c ./Core/Src/CMD/valve.o
                0x08000f70                H2_purge_tracker
 .text.SupplyValve_CMD
                0x08000fec       0x4c ./Core/Src/CMD/valve.o
                0x08000fec                SupplyValve_CMD
 .text.PurgeValve_CMD
                0x08001038       0x60 ./Core/Src/CMD/valve.o
                0x08001038                PurgeValve_CMD
 .text.config   0x08001098       0x20 ./Core/Src/COMUNICATION_PROTOCALS/can.o
                0x08001098                config
 .text.declare_can_CHECK
                0x080010b8       0x50 ./Core/Src/COMUNICATION_PROTOCALS/can.o
                0x080010b8                declare_can_CHECK
 .text.declare_can_ERROR
                0x08001108       0x50 ./Core/Src/COMUNICATION_PROTOCALS/can.o
                0x08001108                declare_can_ERROR
 .text.Slice_DATA
                0x08001158       0xc0 ./Core/Src/COMUNICATION_PROTOCALS/can.o
                0x08001158                Slice_DATA
 .text.print    0x08001218       0x48 ./Core/Src/COMUNICATION_PROTOCALS/uart.o
                0x08001218                print
 .text.println  0x08001260       0x58 ./Core/Src/COMUNICATION_PROTOCALS/uart.o
                0x08001260                println
 .text.CheckVoltageNominal
                0x080012b8      0x144 ./Core/Src/CONTROL/alarms.o
                0x080012b8                CheckVoltageNominal
 .text.Check_Alarms
                0x080013fc      0x310 ./Core/Src/CONTROL/alarms.o
                0x080013fc                Check_Alarms
 .text.SEND_CAN_Message
                0x0800170c       0x34 ./Core/Src/CONTROL/alarms.o
                0x0800170c                SEND_CAN_Message
 .text.Calculate_OptTemp
                0x08001740       0x44 ./Core/Src/CONTROL/auto_control.o
                0x08001740                Calculate_OptTemp
 .text.Automatic_Fan_Control
                0x08001784      0x194 ./Core/Src/CONTROL/auto_control.o
                0x08001784                Automatic_Fan_Control
 .text.Automatic_Purge_Control
                0x08001918       0xf8 ./Core/Src/CONTROL/auto_control.o
                0x08001918                Automatic_Purge_Control
 .text.StartECU
                0x08001a10       0x20 ./Core/Src/CONTROL/button.o
                0x08001a10                StartECU
 .text.ForceSupply
                0x08001a30       0x44 ./Core/Src/CONTROL/button.o
                0x08001a30                ForceSupply
 .text.ForcePurge
                0x08001a74       0x44 ./Core/Src/CONTROL/button.o
                0x08001a74                ForcePurge
 .text.print_sensors
                0x08001ab8      0x12c ./Core/Src/CONTROL/print.o
                0x08001ab8                print_sensors
 .text.Run_State_Machine
                0x08001be4       0x80 ./Core/Src/CONTROL/state.o
                0x08001be4                Run_State_Machine
 .text.FC_StandBy_State
                0x08001c64       0x38 ./Core/Src/CONTROL/state.o
                0x08001c64                FC_StandBy_State
 .text.FC_StartUp_FanSpoolUp_State
                0x08001c9c       0x6c ./Core/Src/CONTROL/state.o
                0x08001c9c                FC_StartUp_FanSpoolUp_State
 .text.FC_StartUp_StartUpPurge_State
                0x08001d08       0x68 ./Core/Src/CONTROL/state.o
                0x08001d08                FC_StartUp_StartUpPurge_State
 .text.FC_WarmUp
                0x08001d70       0x6c ./Core/Src/CONTROL/state.o
                0x08001d70                FC_WarmUp
 .text.FC_StartUp_End_State
                0x08001ddc       0x4c ./Core/Src/CONTROL/state.o
                0x08001ddc                FC_StartUp_End_State
 .text.FC_Run_State
                0x08001e28       0x68 ./Core/Src/CONTROL/state.o
                0x08001e28                FC_Run_State
 .text.FC_Shutdown_State
                0x08001e90       0x78 ./Core/Src/CONTROL/state.o
                0x08001e90                FC_Shutdown_State
 .text.FC_Alarm_State
                0x08001f08       0x38 ./Core/Src/CONTROL/state.o
                0x08001f08                FC_Alarm_State
 .text.main     0x08001f40      0x144 ./Core/Src/main.o
                0x08001f40                main
 .text.Receive_CAN_Message
                0x08002084       0xa0 ./Core/Src/main.o
                0x08002084                Receive_CAN_Message
 .text.HAL_ADC_ConvHalfCpltCallback
                0x08002124      0x1e4 ./Core/Src/main.o
                0x08002124                HAL_ADC_ConvHalfCpltCallback
 .text.HAL_ADC_ConvCpltCallback
                0x08002308      0x1e4 ./Core/Src/main.o
                0x08002308                HAL_ADC_ConvCpltCallback
 .text.HAL_GPIO_EXTI_Rising_Callback
                0x080024ec       0xf8 ./Core/Src/main.o
                0x080024ec                HAL_GPIO_EXTI_Rising_Callback
 .text.HAL_GPIO_EXTI_Falling_Callback
                0x080025e4       0x50 ./Core/Src/main.o
                0x080025e4                HAL_GPIO_EXTI_Falling_Callback
 .text.HAL_TIM_PeriodElapsedCallback
                0x08002634       0x5c ./Core/Src/main.o
                0x08002634                HAL_TIM_PeriodElapsedCallback
 .text.SystemClock_Config
                0x08002690       0xe8 ./Core/Src/main.o
                0x08002690                SystemClock_Config
 .text.MX_ADC1_Init
                0x08002778      0x100 ./Core/Src/main.o
 .text.MX_ADC2_Init
                0x08002878       0xec ./Core/Src/main.o
 .text.MX_FDCAN2_Init
                0x08002964       0x8c ./Core/Src/main.o
 .text.MX_GPDMA1_Init
                0x080029f0       0x40 ./Core/Src/main.o
 .text.MX_GPDMA2_Init
                0x08002a30       0x40 ./Core/Src/main.o
 .text.MX_ICACHE_Init
                0x08002a70       0x26 ./Core/Src/main.o
 *fill*         0x08002a96        0x2 
 .text.MX_TIM1_Init
                0x08002a98      0x128 ./Core/Src/main.o
 .text.MX_TIM2_Init
                0x08002bc0       0x8c ./Core/Src/main.o
 .text.MX_TIM3_Init
                0x08002c4c       0x9c ./Core/Src/main.o
 .text.MX_TIM4_Init
                0x08002ce8       0x9c ./Core/Src/main.o
 .text.MX_TIM6_Init
                0x08002d84       0x90 ./Core/Src/main.o
 .text.MX_TIM12_Init
                0x08002e14       0x74 ./Core/Src/main.o
 .text.MX_USART2_UART_Init
                0x08002e88       0x98 ./Core/Src/main.o
 .text.MX_USART6_UART_Init
                0x08002f20        0xe ./Core/Src/main.o
 *fill*         0x08002f2e        0x2 
 .text.MX_GPIO_Init
                0x08002f30      0x160 ./Core/Src/main.o
 .text.EXTI0_IRQHandler
                0x08003090        0xe ./Core/Src/main.o
                0x08003090                EXTI0_IRQHandler
 .text.EXTI1_IRQHandler
                0x0800309e        0xe ./Core/Src/main.o
                0x0800309e                EXTI1_IRQHandler
 .text.EXTI2_IRQHandler
                0x080030ac        0xe ./Core/Src/main.o
                0x080030ac                EXTI2_IRQHandler
 *fill*         0x080030ba        0x2 
 .text.MPU_Config
                0x080030bc       0x6c ./Core/Src/main.o
 .text.Error_Handler
                0x08003128        0xc ./Core/Src/main.o
                0x08003128                Error_Handler
 .text.HAL_MspInit
                0x08003134        0xe ./Core/Src/stm32h5xx_hal_msp.o
                0x08003134                HAL_MspInit
 *fill*         0x08003142        0x2 
 .text.HAL_ADC_MspInit
                0x08003144      0x4a4 ./Core/Src/stm32h5xx_hal_msp.o
                0x08003144                HAL_ADC_MspInit
 .text.HAL_FDCAN_MspInit
                0x080035e8       0xd4 ./Core/Src/stm32h5xx_hal_msp.o
                0x080035e8                HAL_FDCAN_MspInit
 .text.HAL_TIM_PWM_MspInit
                0x080036bc       0x44 ./Core/Src/stm32h5xx_hal_msp.o
                0x080036bc                HAL_TIM_PWM_MspInit
 .text.HAL_TIM_Base_MspInit
                0x08003700       0xcc ./Core/Src/stm32h5xx_hal_msp.o
                0x08003700                HAL_TIM_Base_MspInit
 .text.HAL_TIM_MspPostInit
                0x080037cc       0x78 ./Core/Src/stm32h5xx_hal_msp.o
                0x080037cc                HAL_TIM_MspPostInit
 .text.HAL_UART_MspInit
                0x08003844       0xd0 ./Core/Src/stm32h5xx_hal_msp.o
                0x08003844                HAL_UART_MspInit
 .text.NMI_Handler
                0x08003914        0x8 ./Core/Src/stm32h5xx_it.o
                0x08003914                NMI_Handler
 .text.HardFault_Handler
                0x0800391c        0x8 ./Core/Src/stm32h5xx_it.o
                0x0800391c                HardFault_Handler
 .text.MemManage_Handler
                0x08003924        0x8 ./Core/Src/stm32h5xx_it.o
                0x08003924                MemManage_Handler
 .text.BusFault_Handler
                0x0800392c        0x8 ./Core/Src/stm32h5xx_it.o
                0x0800392c                BusFault_Handler
 .text.UsageFault_Handler
                0x08003934        0x8 ./Core/Src/stm32h5xx_it.o
                0x08003934                UsageFault_Handler
 .text.SVC_Handler
                0x0800393c        0xe ./Core/Src/stm32h5xx_it.o
                0x0800393c                SVC_Handler
 .text.DebugMon_Handler
                0x0800394a        0xe ./Core/Src/stm32h5xx_it.o
                0x0800394a                DebugMon_Handler
 .text.PendSV_Handler
                0x08003958        0xe ./Core/Src/stm32h5xx_it.o
                0x08003958                PendSV_Handler
 .text.SysTick_Handler
                0x08003966        0xc ./Core/Src/stm32h5xx_it.o
                0x08003966                SysTick_Handler
 *fill*         0x08003972        0x2 
 .text.GPDMA1_Channel0_IRQHandler
                0x08003974       0x14 ./Core/Src/stm32h5xx_it.o
                0x08003974                GPDMA1_Channel0_IRQHandler
 .text.TIM3_IRQHandler
                0x08003988       0x14 ./Core/Src/stm32h5xx_it.o
                0x08003988                TIM3_IRQHandler
 .text.TIM4_IRQHandler
                0x0800399c       0x14 ./Core/Src/stm32h5xx_it.o
                0x0800399c                TIM4_IRQHandler
 .text.GPDMA2_Channel0_IRQHandler
                0x080039b0       0x14 ./Core/Src/stm32h5xx_it.o
                0x080039b0                GPDMA2_Channel0_IRQHandler
 .text.TIM12_IRQHandler
                0x080039c4       0x14 ./Core/Src/stm32h5xx_it.o
                0x080039c4                TIM12_IRQHandler
 .text._sbrk    0x080039d8       0x6c ./Core/Src/sysmem.o
                0x080039d8                _sbrk
 .text.SystemInit
                0x08003a44      0x100 ./Core/Src/system_stm32h5xx.o
                0x08003a44                SystemInit
 .text.Reset_Handler
                0x08003b44       0x5c ./Core/Startup/startup_stm32h533retx.o
                0x08003b44                Reset_Handler
 .text.Default_Handler
                0x08003ba0        0x2 ./Core/Startup/startup_stm32h533retx.o
                0x08003ba0                TIM8_TRG_COM_IRQHandler
                0x08003ba0                TIM8_CC_IRQHandler
                0x08003ba0                EXTI5_IRQHandler
                0x08003ba0                I3C1_ER_IRQHandler
                0x08003ba0                SPI4_IRQHandler
                0x08003ba0                GPDMA2_Channel1_IRQHandler
                0x08003ba0                FLASH_S_IRQHandler
                0x08003ba0                EXTI13_IRQHandler
                0x08003ba0                TIM1_CC_IRQHandler
                0x08003ba0                GPDMA2_Channel3_IRQHandler
                0x08003ba0                TAMP_IRQHandler
                0x08003ba0                TIM6_IRQHandler
                0x08003ba0                EXTI12_IRQHandler
                0x08003ba0                USB_DRD_FS_IRQHandler
                0x08003ba0                EXTI3_IRQHandler
                0x08003ba0                GPDMA1_Channel5_IRQHandler
                0x08003ba0                EXTI8_IRQHandler
                0x08003ba0                GPDMA2_Channel5_IRQHandler
                0x08003ba0                LPTIM2_IRQHandler
                0x08003ba0                I2C3_ER_IRQHandler
                0x08003ba0                GPDMA2_Channel2_IRQHandler
                0x08003ba0                I2C2_EV_IRQHandler
                0x08003ba0                FPU_IRQHandler
                0x08003ba0                GPDMA1_Channel3_IRQHandler
                0x08003ba0                GPDMA1_Channel7_IRQHandler
                0x08003ba0                FDCAN1_IT1_IRQHandler
                0x08003ba0                RAMCFG_IRQHandler
                0x08003ba0                DCACHE1_IRQHandler
                0x08003ba0                SPI1_IRQHandler
                0x08003ba0                OCTOSPI1_IRQHandler
                0x08003ba0                GPDMA1_Channel2_IRQHandler
                0x08003ba0                TIM8_UP_IRQHandler
                0x08003ba0                RCC_S_IRQHandler
                0x08003ba0                ADC1_IRQHandler
                0x08003ba0                PKA_IRQHandler
                0x08003ba0                USART6_IRQHandler
                0x08003ba0                I3C2_ER_IRQHandler
                0x08003ba0                EXTI15_IRQHandler
                0x08003ba0                USART3_IRQHandler
                0x08003ba0                RTC_IRQHandler
                0x08003ba0                EXTI9_IRQHandler
                0x08003ba0                UART5_IRQHandler
                0x08003ba0                I3C2_EV_IRQHandler
                0x08003ba0                I2C1_EV_IRQHandler
                0x08003ba0                GPDMA1_Channel1_IRQHandler
                0x08003ba0                UART4_IRQHandler
                0x08003ba0                SecureFault_Handler
                0x08003ba0                RCC_IRQHandler
                0x08003ba0                TIM1_TRG_COM_IRQHandler
                0x08003ba0                Default_Handler
                0x08003ba0                CEC_IRQHandler
                0x08003ba0                OTFDEC1_IRQHandler
                0x08003ba0                GPDMA2_Channel4_IRQHandler
                0x08003ba0                TIM7_IRQHandler
                0x08003ba0                SDMMC1_IRQHandler
                0x08003ba0                SAES_IRQHandler
                0x08003ba0                TIM5_IRQHandler
                0x08003ba0                UCPD1_IRQHandler
                0x08003ba0                I3C1_EV_IRQHandler
                0x08003ba0                TIM15_IRQHandler
                0x08003ba0                PVD_AVD_IRQHandler
                0x08003ba0                I2C3_EV_IRQHandler
                0x08003ba0                ADC2_IRQHandler
                0x08003ba0                SPI2_IRQHandler
                0x08003ba0                EXTI14_IRQHandler
                0x08003ba0                EXTI11_IRQHandler
                0x08003ba0                CRS_IRQHandler
                0x08003ba0                EXTI4_IRQHandler
                0x08003ba0                RTC_S_IRQHandler
                0x08003ba0                RNG_IRQHandler
                0x08003ba0                FDCAN2_IT1_IRQHandler
                0x08003ba0                GPDMA2_Channel6_IRQHandler
                0x08003ba0                TIM1_UP_IRQHandler
                0x08003ba0                WWDG_IRQHandler
                0x08003ba0                FDCAN2_IT0_IRQHandler
                0x08003ba0                IWDG_IRQHandler
                0x08003ba0                LPUART1_IRQHandler
                0x08003ba0                FDCAN1_IT0_IRQHandler
                0x08003ba0                TIM2_IRQHandler
                0x08003ba0                GPDMA1_Channel4_IRQHandler
                0x08003ba0                EXTI7_IRQHandler
                0x08003ba0                TIM1_BRK_IRQHandler
                0x08003ba0                AES_IRQHandler
                0x08003ba0                DAC1_IRQHandler
                0x08003ba0                DTS_IRQHandler
                0x08003ba0                GTZC_IRQHandler
                0x08003ba0                USART2_IRQHandler
                0x08003ba0                GPDMA1_Channel6_IRQHandler
                0x08003ba0                GPDMA2_Channel7_IRQHandler
                0x08003ba0                I2C2_ER_IRQHandler
                0x08003ba0                TIM8_BRK_IRQHandler
                0x08003ba0                FLASH_IRQHandler
                0x08003ba0                USART1_IRQHandler
                0x08003ba0                EXTI10_IRQHandler
                0x08003ba0                SPI3_IRQHandler
                0x08003ba0                I2C1_ER_IRQHandler
                0x08003ba0                FMC_IRQHandler
                0x08003ba0                EXTI6_IRQHandler
                0x08003ba0                LPTIM1_IRQHandler
                0x08003ba0                DCMI_PSSI_IRQHandler
                0x08003ba0                ICACHE_IRQHandler
                0x08003ba0                HASH_IRQHandler
 *fill*         0x08003ba2        0x2 
 .text.HAL_Init
                0x08003ba4       0x50 ./Drivers/STM32H5xx_HAL_Driver/Src/stm32h5xx_hal.o
                0x08003ba4                HAL_Init
 .text.HAL_InitTick
                0x08003bf4       0xec ./Drivers/STM32H5xx_HAL_Driver/Src/stm32h5xx_hal.o
                0x08003bf4                HAL_InitTick
 .text.HAL_IncTick
                0x08003ce0       0x28 ./Drivers/STM32H5xx_HAL_Driver/Src/stm32h5xx_hal.o
                0x08003ce0                HAL_IncTick
 .text.HAL_GetTick
                0x08003d08       0x18 ./Drivers/STM32H5xx_HAL_Driver/Src/stm32h5xx_hal.o
                0x08003d08                HAL_GetTick
 .text.LL_ADC_SetCommonClock
                0x08003d20       0x26 ./Drivers/STM32H5xx_HAL_Driver/Src/stm32h5xx_hal_adc.o
 .text.LL_ADC_SetCommonPathInternalCh
                0x08003d46       0x26 ./Drivers/STM32H5xx_HAL_Driver/Src/stm32h5xx_hal_adc.o
 .text.LL_ADC_GetCommonPathInternalCh
                0x08003d6c       0x1c ./Drivers/STM32H5xx_HAL_Driver/Src/stm32h5xx_hal_adc.o
 .text.LL_ADC_EnableChannelVDDcore
                0x08003d88       0x28 ./Drivers/STM32H5xx_HAL_Driver/Src/stm32h5xx_hal_adc.o
 .text.LL_ADC_EnableChannel0_GPIO
                0x08003db0       0x24 ./Drivers/STM32H5xx_HAL_Driver/Src/stm32h5xx_hal_adc.o
 .text.LL_ADC_SetOffset
                0x08003dd4       0x48 ./Drivers/STM32H5xx_HAL_Driver/Src/stm32h5xx_hal_adc.o
 .text.LL_ADC_GetOffsetChannel
                0x08003e1c       0x2c ./Drivers/STM32H5xx_HAL_Driver/Src/stm32h5xx_hal_adc.o
 .text.LL_ADC_SetOffsetState
                0x08003e48       0x36 ./Drivers/STM32H5xx_HAL_Driver/Src/stm32h5xx_hal_adc.o
 .text.LL_ADC_SetOffsetSign
                0x08003e7e       0x36 ./Drivers/STM32H5xx_HAL_Driver/Src/stm32h5xx_hal_adc.o
 .text.LL_ADC_SetOffsetSaturation
                0x08003eb4       0x36 ./Drivers/STM32H5xx_HAL_Driver/Src/stm32h5xx_hal_adc.o
 .text.LL_ADC_SetSamplingTimeCommonConfig
                0x08003eea       0x26 ./Drivers/STM32H5xx_HAL_Driver/Src/stm32h5xx_hal_adc.o
 .text.LL_ADC_REG_IsTriggerSourceSWStart
                0x08003f10       0x26 ./Drivers/STM32H5xx_HAL_Driver/Src/stm32h5xx_hal_adc.o
 .text.LL_ADC_REG_SetSequencerRanks
                0x08003f36       0x58 ./Drivers/STM32H5xx_HAL_Driver/Src/stm32h5xx_hal_adc.o
 .text.LL_ADC_SetChannelSamplingTime
                0x08003f8e       0x56 ./Drivers/STM32H5xx_HAL_Driver/Src/stm32h5xx_hal_adc.o
 .text.LL_ADC_SetChannelSingleDiff
                0x08003fe4       0x48 ./Drivers/STM32H5xx_HAL_Driver/Src/stm32h5xx_hal_adc.o
 .text.LL_ADC_GetMultimode
                0x0800402c       0x1c ./Drivers/STM32H5xx_HAL_Driver/Src/stm32h5xx_hal_adc.o
 .text.LL_ADC_DisableDeepPowerDown
                0x08004048       0x24 ./Drivers/STM32H5xx_HAL_Driver/Src/stm32h5xx_hal_adc.o
 .text.LL_ADC_IsDeepPowerDownEnabled
                0x0800406c       0x28 ./Drivers/STM32H5xx_HAL_Driver/Src/stm32h5xx_hal_adc.o
 .text.LL_ADC_EnableInternalRegulator
                0x08004094       0x28 ./Drivers/STM32H5xx_HAL_Driver/Src/stm32h5xx_hal_adc.o
 .text.LL_ADC_IsInternalRegulatorEnabled
                0x080040bc       0x28 ./Drivers/STM32H5xx_HAL_Driver/Src/stm32h5xx_hal_adc.o
 .text.LL_ADC_Enable
                0x080040e4       0x28 ./Drivers/STM32H5xx_HAL_Driver/Src/stm32h5xx_hal_adc.o
 .text.LL_ADC_IsEnabled
                0x0800410c       0x26 ./Drivers/STM32H5xx_HAL_Driver/Src/stm32h5xx_hal_adc.o
 .text.LL_ADC_REG_StartConversion
                0x08004132       0x28 ./Drivers/STM32H5xx_HAL_Driver/Src/stm32h5xx_hal_adc.o
 .text.LL_ADC_REG_IsConversionOngoing
                0x0800415a       0x26 ./Drivers/STM32H5xx_HAL_Driver/Src/stm32h5xx_hal_adc.o
 .text.LL_ADC_INJ_IsConversionOngoing
                0x08004180       0x26 ./Drivers/STM32H5xx_HAL_Driver/Src/stm32h5xx_hal_adc.o
 *fill*         0x080041a6        0x2 
 .text.HAL_ADC_Init
                0x080041a8      0x2a8 ./Drivers/STM32H5xx_HAL_Driver/Src/stm32h5xx_hal_adc.o
                0x080041a8                HAL_ADC_Init
 .text.HAL_ADC_Start_DMA
                0x08004450      0x254 ./Drivers/STM32H5xx_HAL_Driver/Src/stm32h5xx_hal_adc.o
                0x08004450                HAL_ADC_Start_DMA
 .text.HAL_ADC_ErrorCallback
                0x080046a4       0x14 ./Drivers/STM32H5xx_HAL_Driver/Src/stm32h5xx_hal_adc.o
                0x080046a4                HAL_ADC_ErrorCallback
 .text.HAL_ADC_ConfigChannel
                0x080046b8      0x82c ./Drivers/STM32H5xx_HAL_Driver/Src/stm32h5xx_hal_adc.o
                0x080046b8                HAL_ADC_ConfigChannel
 .text.ADC_Enable
                0x08004ee4      0x104 ./Drivers/STM32H5xx_HAL_Driver/Src/stm32h5xx_hal_adc.o
                0x08004ee4                ADC_Enable
 .text.ADC_DMAConvCplt
                0x08004fe8       0xd8 ./Drivers/STM32H5xx_HAL_Driver/Src/stm32h5xx_hal_adc.o
                0x08004fe8                ADC_DMAConvCplt
 .text.ADC_DMAHalfConvCplt
                0x080050c0       0x1c ./Drivers/STM32H5xx_HAL_Driver/Src/stm32h5xx_hal_adc.o
                0x080050c0                ADC_DMAHalfConvCplt
 .text.ADC_DMAError
                0x080050dc       0x34 ./Drivers/STM32H5xx_HAL_Driver/Src/stm32h5xx_hal_adc.o
                0x080050dc                ADC_DMAError
 .text.__NVIC_SetPriorityGrouping
                0x08005110       0x48 ./Drivers/STM32H5xx_HAL_Driver/Src/stm32h5xx_hal_cortex.o
 .text.__NVIC_GetPriorityGrouping
                0x08005158       0x1c ./Drivers/STM32H5xx_HAL_Driver/Src/stm32h5xx_hal_cortex.o
 .text.__NVIC_EnableIRQ
                0x08005174       0x3c ./Drivers/STM32H5xx_HAL_Driver/Src/stm32h5xx_hal_cortex.o
 .text.__NVIC_SetPriority
                0x080051b0       0x54 ./Drivers/STM32H5xx_HAL_Driver/Src/stm32h5xx_hal_cortex.o
 .text.NVIC_EncodePriority
                0x08005204       0x66 ./Drivers/STM32H5xx_HAL_Driver/Src/stm32h5xx_hal_cortex.o
 .text.HAL_NVIC_SetPriorityGrouping
                0x0800526a       0x16 ./Drivers/STM32H5xx_HAL_Driver/Src/stm32h5xx_hal_cortex.o
                0x0800526a                HAL_NVIC_SetPriorityGrouping
 .text.HAL_NVIC_SetPriority
                0x08005280       0x34 ./Drivers/STM32H5xx_HAL_Driver/Src/stm32h5xx_hal_cortex.o
                0x08005280                HAL_NVIC_SetPriority
 .text.HAL_NVIC_EnableIRQ
                0x080052b4       0x1c ./Drivers/STM32H5xx_HAL_Driver/Src/stm32h5xx_hal_cortex.o
                0x080052b4                HAL_NVIC_EnableIRQ
 .text.HAL_SYSTICK_Config
                0x080052d0       0x44 ./Drivers/STM32H5xx_HAL_Driver/Src/stm32h5xx_hal_cortex.o
                0x080052d0                HAL_SYSTICK_Config
 .text.HAL_SYSTICK_CLKSourceConfig
                0x08005314       0xb0 ./Drivers/STM32H5xx_HAL_Driver/Src/stm32h5xx_hal_cortex.o
                0x08005314                HAL_SYSTICK_CLKSourceConfig
 .text.HAL_SYSTICK_GetCLKSourceConfig
                0x080053c4       0x6c ./Drivers/STM32H5xx_HAL_Driver/Src/stm32h5xx_hal_cortex.o
                0x080053c4                HAL_SYSTICK_GetCLKSourceConfig
 .text.HAL_MPU_Enable
                0x08005430       0x44 ./Drivers/STM32H5xx_HAL_Driver/Src/stm32h5xx_hal_cortex.o
                0x08005430                HAL_MPU_Enable
 .text.HAL_MPU_Disable
                0x08005474       0x40 ./Drivers/STM32H5xx_HAL_Driver/Src/stm32h5xx_hal_cortex.o
                0x08005474                HAL_MPU_Disable
 .text.HAL_MPU_ConfigRegion
                0x080054b4       0x1c ./Drivers/STM32H5xx_HAL_Driver/Src/stm32h5xx_hal_cortex.o
                0x080054b4                HAL_MPU_ConfigRegion
 .text.HAL_MPU_ConfigMemoryAttributes
                0x080054d0       0x1c ./Drivers/STM32H5xx_HAL_Driver/Src/stm32h5xx_hal_cortex.o
                0x080054d0                HAL_MPU_ConfigMemoryAttributes
 .text.MPU_ConfigRegion
                0x080054ec       0x6e ./Drivers/STM32H5xx_HAL_Driver/Src/stm32h5xx_hal_cortex.o
 .text.MPU_ConfigMemoryAttributes
                0x0800555a       0x6c ./Drivers/STM32H5xx_HAL_Driver/Src/stm32h5xx_hal_cortex.o
 .text.HAL_DMA_Start_IT
                0x080055c6       0xcc ./Drivers/STM32H5xx_HAL_Driver/Src/stm32h5xx_hal_dma.o
                0x080055c6                HAL_DMA_Start_IT
 .text.HAL_DMA_IRQHandler
                0x08005692      0x2c2 ./Drivers/STM32H5xx_HAL_Driver/Src/stm32h5xx_hal_dma.o
                0x08005692                HAL_DMA_IRQHandler
 .text.HAL_DMA_ConfigChannelAttributes
                0x08005954       0x78 ./Drivers/STM32H5xx_HAL_Driver/Src/stm32h5xx_hal_dma.o
                0x08005954                HAL_DMA_ConfigChannelAttributes
 .text.DMA_SetConfig
                0x080059cc       0x4a ./Drivers/STM32H5xx_HAL_Driver/Src/stm32h5xx_hal_dma.o
 *fill*         0x08005a16        0x2 
 .text.HAL_DMAEx_List_Init
                0x08005a18      0x258 ./Drivers/STM32H5xx_HAL_Driver/Src/stm32h5xx_hal_dma_ex.o
                0x08005a18                HAL_DMAEx_List_Init
 .text.HAL_DMAEx_List_Start_IT
                0x08005c70      0x134 ./Drivers/STM32H5xx_HAL_Driver/Src/stm32h5xx_hal_dma_ex.o
                0x08005c70                HAL_DMAEx_List_Start_IT
 .text.HAL_DMAEx_List_BuildNode
                0x08005da4       0x2c ./Drivers/STM32H5xx_HAL_Driver/Src/stm32h5xx_hal_dma_ex.o
                0x08005da4                HAL_DMAEx_List_BuildNode
 .text.HAL_DMAEx_List_GetNodeConfig
                0x08005dd0       0x2c ./Drivers/STM32H5xx_HAL_Driver/Src/stm32h5xx_hal_dma_ex.o
                0x08005dd0                HAL_DMAEx_List_GetNodeConfig
 .text.HAL_DMAEx_List_InsertNode
                0x08005dfc      0x192 ./Drivers/STM32H5xx_HAL_Driver/Src/stm32h5xx_hal_dma_ex.o
                0x08005dfc                HAL_DMAEx_List_InsertNode
 .text.HAL_DMAEx_List_SetCircularMode
                0x08005f8e       0xc0 ./Drivers/STM32H5xx_HAL_Driver/Src/stm32h5xx_hal_dma_ex.o
                0x08005f8e                HAL_DMAEx_List_SetCircularMode
 *fill*         0x0800604e        0x2 
 .text.HAL_DMAEx_List_LinkQ
                0x08006050      0x138 ./Drivers/STM32H5xx_HAL_Driver/Src/stm32h5xx_hal_dma_ex.o
                0x08006050                HAL_DMAEx_List_LinkQ
 .text.DMA_List_Init
                0x08006188      0x2b0 ./Drivers/STM32H5xx_HAL_Driver/Src/stm32h5xx_hal_dma_ex.o
 .text.DMA_List_BuildNode
                0x08006438      0x2c0 ./Drivers/STM32H5xx_HAL_Driver/Src/stm32h5xx_hal_dma_ex.o
 .text.DMA_List_GetNodeConfig
                0x080066f8      0x214 ./Drivers/STM32H5xx_HAL_Driver/Src/stm32h5xx_hal_dma_ex.o
 .text.DMA_List_CheckNodesBaseAddresses
                0x0800690c       0x90 ./Drivers/STM32H5xx_HAL_Driver/Src/stm32h5xx_hal_dma_ex.o
 .text.DMA_List_CheckNodesTypes
                0x0800699c       0x78 ./Drivers/STM32H5xx_HAL_Driver/Src/stm32h5xx_hal_dma_ex.o
 .text.DMA_List_GetCLLRNodeInfo
                0x08006a14       0x60 ./Drivers/STM32H5xx_HAL_Driver/Src/stm32h5xx_hal_dma_ex.o
 .text.DMA_List_FindNode
                0x08006a74      0x13e ./Drivers/STM32H5xx_HAL_Driver/Src/stm32h5xx_hal_dma_ex.o
 *fill*         0x08006bb2        0x2 
 .text.HAL_FDCAN_Init
                0x08006bb4      0x2b4 ./Drivers/STM32H5xx_HAL_Driver/Src/stm32h5xx_hal_fdcan.o
                0x08006bb4                HAL_FDCAN_Init
 .text.HAL_FDCAN_ConfigGlobalFilter
                0x08006e68       0x62 ./Drivers/STM32H5xx_HAL_Driver/Src/stm32h5xx_hal_fdcan.o
                0x08006e68                HAL_FDCAN_ConfigGlobalFilter
 .text.HAL_FDCAN_Start
                0x08006eca       0x50 ./Drivers/STM32H5xx_HAL_Driver/Src/stm32h5xx_hal_fdcan.o
                0x08006eca                HAL_FDCAN_Start
 .text.HAL_FDCAN_AddMessageToTxFifoQ
                0x08006f1a       0x88 ./Drivers/STM32H5xx_HAL_Driver/Src/stm32h5xx_hal_fdcan.o
                0x08006f1a                HAL_FDCAN_AddMessageToTxFifoQ
 *fill*         0x08006fa2        0x2 
 .text.HAL_FDCAN_GetRxMessage
                0x08006fa4      0x210 ./Drivers/STM32H5xx_HAL_Driver/Src/stm32h5xx_hal_fdcan.o
                0x08006fa4                HAL_FDCAN_GetRxMessage
 .text.HAL_FDCAN_GetRxFifoFillLevel
                0x080071b4       0x3c ./Drivers/STM32H5xx_HAL_Driver/Src/stm32h5xx_hal_fdcan.o
                0x080071b4                HAL_FDCAN_GetRxFifoFillLevel
 .text.FDCAN_CalcultateRamBlockAddresses
                0x080071f0       0xc4 ./Drivers/STM32H5xx_HAL_Driver/Src/stm32h5xx_hal_fdcan.o
 .text.FDCAN_CopyMessageToRAM
                0x080072b4       0xf8 ./Drivers/STM32H5xx_HAL_Driver/Src/stm32h5xx_hal_fdcan.o
 .text.HAL_GPIO_Init
                0x080073ac      0x2bc ./Drivers/STM32H5xx_HAL_Driver/Src/stm32h5xx_hal_gpio.o
                0x080073ac                HAL_GPIO_Init
 .text.HAL_GPIO_ReadPin
                0x08007668       0x30 ./Drivers/STM32H5xx_HAL_Driver/Src/stm32h5xx_hal_gpio.o
                0x08007668                HAL_GPIO_ReadPin
 .text.HAL_GPIO_WritePin
                0x08007698       0x30 ./Drivers/STM32H5xx_HAL_Driver/Src/stm32h5xx_hal_gpio.o
                0x08007698                HAL_GPIO_WritePin
 .text.HAL_GPIO_EXTI_IRQHandler
                0x080076c8       0x4c ./Drivers/STM32H5xx_HAL_Driver/Src/stm32h5xx_hal_gpio.o
                0x080076c8                HAL_GPIO_EXTI_IRQHandler
 .text.HAL_ICACHE_ConfigAssociativityMode
                0x08007714       0x40 ./Drivers/STM32H5xx_HAL_Driver/Src/stm32h5xx_hal_icache.o
                0x08007714                HAL_ICACHE_ConfigAssociativityMode
 .text.HAL_ICACHE_Enable
                0x08007754       0x20 ./Drivers/STM32H5xx_HAL_Driver/Src/stm32h5xx_hal_icache.o
                0x08007754                HAL_ICACHE_Enable
 .text.HAL_RCC_OscConfig
                0x08007774      0x870 ./Drivers/STM32H5xx_HAL_Driver/Src/stm32h5xx_hal_rcc.o
                0x08007774                HAL_RCC_OscConfig
 .text.HAL_RCC_ClockConfig
                0x08007fe4      0x370 ./Drivers/STM32H5xx_HAL_Driver/Src/stm32h5xx_hal_rcc.o
                0x08007fe4                HAL_RCC_ClockConfig
 .text.HAL_RCC_GetSysClockFreq
                0x08008354      0x258 ./Drivers/STM32H5xx_HAL_Driver/Src/stm32h5xx_hal_rcc.o
                0x08008354                HAL_RCC_GetSysClockFreq
 .text.HAL_RCC_GetHCLKFreq
                0x080085ac       0x38 ./Drivers/STM32H5xx_HAL_Driver/Src/stm32h5xx_hal_rcc.o
                0x080085ac                HAL_RCC_GetHCLKFreq
 .text.HAL_RCC_GetPCLK1Freq
                0x080085e4       0x2c ./Drivers/STM32H5xx_HAL_Driver/Src/stm32h5xx_hal_rcc.o
                0x080085e4                HAL_RCC_GetPCLK1Freq
 .text.HAL_RCC_GetPCLK2Freq
                0x08008610       0x2c ./Drivers/STM32H5xx_HAL_Driver/Src/stm32h5xx_hal_rcc.o
                0x08008610                HAL_RCC_GetPCLK2Freq
 .text.HAL_RCC_GetPCLK3Freq
                0x0800863c       0x2c ./Drivers/STM32H5xx_HAL_Driver/Src/stm32h5xx_hal_rcc.o
                0x0800863c                HAL_RCC_GetPCLK3Freq
 .text.HAL_RCCEx_PeriphCLKConfig
                0x08008668     0x1384 ./Drivers/STM32H5xx_HAL_Driver/Src/stm32h5xx_hal_rcc_ex.o
                0x08008668                HAL_RCCEx_PeriphCLKConfig
 .text.HAL_RCCEx_GetPLL1ClockFreq
                0x080099ec      0x2d8 ./Drivers/STM32H5xx_HAL_Driver/Src/stm32h5xx_hal_rcc_ex.o
                0x080099ec                HAL_RCCEx_GetPLL1ClockFreq
 .text.HAL_RCCEx_GetPLL2ClockFreq
                0x08009cc4      0x2d8 ./Drivers/STM32H5xx_HAL_Driver/Src/stm32h5xx_hal_rcc_ex.o
                0x08009cc4                HAL_RCCEx_GetPLL2ClockFreq
 .text.HAL_RCCEx_GetPLL3ClockFreq
                0x08009f9c      0x2d8 ./Drivers/STM32H5xx_HAL_Driver/Src/stm32h5xx_hal_rcc_ex.o
                0x08009f9c                HAL_RCCEx_GetPLL3ClockFreq
 .text.HAL_RCCEx_GetPeriphCLKFreq
                0x0800a274     0x16ac ./Drivers/STM32H5xx_HAL_Driver/Src/stm32h5xx_hal_rcc_ex.o
                0x0800a274                HAL_RCCEx_GetPeriphCLKFreq
 .text.RCCEx_PLL2_Config
                0x0800b920      0x130 ./Drivers/STM32H5xx_HAL_Driver/Src/stm32h5xx_hal_rcc_ex.o
 .text.RCCEx_PLL3_Config
                0x0800ba50      0x130 ./Drivers/STM32H5xx_HAL_Driver/Src/stm32h5xx_hal_rcc_ex.o
 .text.HAL_TIM_Base_Init
                0x0800bb80       0xae ./Drivers/STM32H5xx_HAL_Driver/Src/stm32h5xx_hal_tim.o
                0x0800bb80                HAL_TIM_Base_Init
 *fill*         0x0800bc2e        0x2 
 .text.HAL_TIM_Base_Start
                0x0800bc30      0x14c ./Drivers/STM32H5xx_HAL_Driver/Src/stm32h5xx_hal_tim.o
                0x0800bc30                HAL_TIM_Base_Start
 .text.HAL_TIM_Base_Start_IT
                0x0800bd7c      0x15c ./Drivers/STM32H5xx_HAL_Driver/Src/stm32h5xx_hal_tim.o
                0x0800bd7c                HAL_TIM_Base_Start_IT
 .text.HAL_TIM_PWM_Init
                0x0800bed8       0xae ./Drivers/STM32H5xx_HAL_Driver/Src/stm32h5xx_hal_tim.o
                0x0800bed8                HAL_TIM_PWM_Init
 *fill*         0x0800bf86        0x2 
 .text.HAL_TIM_PWM_Start
                0x0800bf88      0x288 ./Drivers/STM32H5xx_HAL_Driver/Src/stm32h5xx_hal_tim.o
                0x0800bf88                HAL_TIM_PWM_Start
 .text.HAL_TIM_IRQHandler
                0x0800c210      0x29e ./Drivers/STM32H5xx_HAL_Driver/Src/stm32h5xx_hal_tim.o
                0x0800c210                HAL_TIM_IRQHandler
 *fill*         0x0800c4ae        0x2 
 .text.HAL_TIM_PWM_ConfigChannel
                0x0800c4b0      0x228 ./Drivers/STM32H5xx_HAL_Driver/Src/stm32h5xx_hal_tim.o
                0x0800c4b0                HAL_TIM_PWM_ConfigChannel
 .text.HAL_TIM_ConfigClockSource
                0x0800c6d8      0x23c ./Drivers/STM32H5xx_HAL_Driver/Src/stm32h5xx_hal_tim.o
                0x0800c6d8                HAL_TIM_ConfigClockSource
 .text.HAL_TIM_OC_DelayElapsedCallback
                0x0800c914       0x14 ./Drivers/STM32H5xx_HAL_Driver/Src/stm32h5xx_hal_tim.o
                0x0800c914                HAL_TIM_OC_DelayElapsedCallback
 .text.HAL_TIM_IC_CaptureCallback
                0x0800c928       0x14 ./Drivers/STM32H5xx_HAL_Driver/Src/stm32h5xx_hal_tim.o
                0x0800c928                HAL_TIM_IC_CaptureCallback
 .text.HAL_TIM_PWM_PulseFinishedCallback
                0x0800c93c       0x14 ./Drivers/STM32H5xx_HAL_Driver/Src/stm32h5xx_hal_tim.o
                0x0800c93c                HAL_TIM_PWM_PulseFinishedCallback
 .text.HAL_TIM_TriggerCallback
                0x0800c950       0x14 ./Drivers/STM32H5xx_HAL_Driver/Src/stm32h5xx_hal_tim.o
                0x0800c950                HAL_TIM_TriggerCallback
 .text.TIM_Base_SetConfig
                0x0800c964      0x1cc ./Drivers/STM32H5xx_HAL_Driver/Src/stm32h5xx_hal_tim.o
                0x0800c964                TIM_Base_SetConfig
 .text.TIM_OC1_SetConfig
                0x0800cb30      0x134 ./Drivers/STM32H5xx_HAL_Driver/Src/stm32h5xx_hal_tim.o
 .text.TIM_OC2_SetConfig
                0x0800cc64      0x130 ./Drivers/STM32H5xx_HAL_Driver/Src/stm32h5xx_hal_tim.o
                0x0800cc64                TIM_OC2_SetConfig
 .text.TIM_OC3_SetConfig
                0x0800cd94      0x12c ./Drivers/STM32H5xx_HAL_Driver/Src/stm32h5xx_hal_tim.o
 .text.TIM_OC4_SetConfig
                0x0800cec0      0x130 ./Drivers/STM32H5xx_HAL_Driver/Src/stm32h5xx_hal_tim.o
 .text.TIM_OC5_SetConfig
                0x0800cff0       0xd4 ./Drivers/STM32H5xx_HAL_Driver/Src/stm32h5xx_hal_tim.o
 .text.TIM_OC6_SetConfig
                0x0800d0c4       0xd8 ./Drivers/STM32H5xx_HAL_Driver/Src/stm32h5xx_hal_tim.o
 .text.TIM_TI1_ConfigInputStage
                0x0800d19c       0x5e ./Drivers/STM32H5xx_HAL_Driver/Src/stm32h5xx_hal_tim.o
 .text.TIM_TI2_ConfigInputStage
                0x0800d1fa       0x60 ./Drivers/STM32H5xx_HAL_Driver/Src/stm32h5xx_hal_tim.o
 .text.TIM_ITRx_SetConfig
                0x0800d25a       0x3a ./Drivers/STM32H5xx_HAL_Driver/Src/stm32h5xx_hal_tim.o
 .text.TIM_ETR_SetConfig
                0x0800d294       0x40 ./Drivers/STM32H5xx_HAL_Driver/Src/stm32h5xx_hal_tim.o
                0x0800d294                TIM_ETR_SetConfig
 .text.TIM_CCxChannelCmd
                0x0800d2d4       0x4a ./Drivers/STM32H5xx_HAL_Driver/Src/stm32h5xx_hal_tim.o
                0x0800d2d4                TIM_CCxChannelCmd
 *fill*         0x0800d31e        0x2 
 .text.HAL_TIMEx_MasterConfigSynchronization
                0x0800d320      0x1a0 ./Drivers/STM32H5xx_HAL_Driver/Src/stm32h5xx_hal_tim_ex.o
                0x0800d320                HAL_TIMEx_MasterConfigSynchronization
 .text.HAL_TIMEx_ConfigBreakDeadTime
                0x0800d4c0      0x134 ./Drivers/STM32H5xx_HAL_Driver/Src/stm32h5xx_hal_tim_ex.o
                0x0800d4c0                HAL_TIMEx_ConfigBreakDeadTime
 .text.HAL_TIMEx_CommutCallback
                0x0800d5f4       0x14 ./Drivers/STM32H5xx_HAL_Driver/Src/stm32h5xx_hal_tim_ex.o
                0x0800d5f4                HAL_TIMEx_CommutCallback
 .text.HAL_TIMEx_BreakCallback
                0x0800d608       0x14 ./Drivers/STM32H5xx_HAL_Driver/Src/stm32h5xx_hal_tim_ex.o
                0x0800d608                HAL_TIMEx_BreakCallback
 .text.HAL_TIMEx_Break2Callback
                0x0800d61c       0x14 ./Drivers/STM32H5xx_HAL_Driver/Src/stm32h5xx_hal_tim_ex.o
                0x0800d61c                HAL_TIMEx_Break2Callback
 .text.HAL_TIMEx_EncoderIndexCallback
                0x0800d630       0x14 ./Drivers/STM32H5xx_HAL_Driver/Src/stm32h5xx_hal_tim_ex.o
                0x0800d630                HAL_TIMEx_EncoderIndexCallback
 .text.HAL_TIMEx_DirectionChangeCallback
                0x0800d644       0x14 ./Drivers/STM32H5xx_HAL_Driver/Src/stm32h5xx_hal_tim_ex.o
                0x0800d644                HAL_TIMEx_DirectionChangeCallback
 .text.HAL_TIMEx_IndexErrorCallback
                0x0800d658       0x14 ./Drivers/STM32H5xx_HAL_Driver/Src/stm32h5xx_hal_tim_ex.o
                0x0800d658                HAL_TIMEx_IndexErrorCallback
 .text.HAL_TIMEx_TransitionErrorCallback
                0x0800d66c       0x14 ./Drivers/STM32H5xx_HAL_Driver/Src/stm32h5xx_hal_tim_ex.o
                0x0800d66c                HAL_TIMEx_TransitionErrorCallback
 .text.HAL_UART_Init
                0x0800d680       0xa0 ./Drivers/STM32H5xx_HAL_Driver/Src/stm32h5xx_hal_uart.o
                0x0800d680                HAL_UART_Init
 .text.HAL_UART_Transmit
                0x0800d720      0x150 ./Drivers/STM32H5xx_HAL_Driver/Src/stm32h5xx_hal_uart.o
                0x0800d720                HAL_UART_Transmit
 .text.UART_SetConfig
                0x0800d870      0x35c ./Drivers/STM32H5xx_HAL_Driver/Src/stm32h5xx_hal_uart.o
                0x0800d870                UART_SetConfig
 .text.UART_AdvFeatureConfig
                0x0800dbcc      0x144 ./Drivers/STM32H5xx_HAL_Driver/Src/stm32h5xx_hal_uart.o
                0x0800dbcc                UART_AdvFeatureConfig
 .text.UART_CheckIdleState
                0x0800dd10      0x154 ./Drivers/STM32H5xx_HAL_Driver/Src/stm32h5xx_hal_uart.o
                0x0800dd10                UART_CheckIdleState
 .text.UART_WaitOnFlagUntilTimeout
                0x0800de64       0xda ./Drivers/STM32H5xx_HAL_Driver/Src/stm32h5xx_hal_uart.o
                0x0800de64                UART_WaitOnFlagUntilTimeout
 .text.UART_EndRxTransfer
                0x0800df3e       0xcc ./Drivers/STM32H5xx_HAL_Driver/Src/stm32h5xx_hal_uart.o
 .text.HAL_UARTEx_DisableFifoMode
                0x0800e00a       0x72 ./Drivers/STM32H5xx_HAL_Driver/Src/stm32h5xx_hal_uart_ex.o
                0x0800e00a                HAL_UARTEx_DisableFifoMode
 .text.HAL_UARTEx_SetTxFifoThreshold
                0x0800e07c       0x7c ./Drivers/STM32H5xx_HAL_Driver/Src/stm32h5xx_hal_uart_ex.o
                0x0800e07c                HAL_UARTEx_SetTxFifoThreshold
 .text.HAL_UARTEx_SetRxFifoThreshold
                0x0800e0f8       0x7c ./Drivers/STM32H5xx_HAL_Driver/Src/stm32h5xx_hal_uart_ex.o
                0x0800e0f8                HAL_UARTEx_SetRxFifoThreshold
 .text.UARTEx_SetNbDataToProcess
                0x0800e174       0x9c ./Drivers/STM32H5xx_HAL_Driver/Src/stm32h5xx_hal_uart_ex.o
 .text._vsprintf_r
                0x0800e210       0x2c /opt/st/stm32cubeide_2.1.1/plugins/com.st.stm32cube.ide.mcu.externaltools.gnu-tools-for-stm32.14.3.rel1.linux64_1.0.100.202602081740/tools/bin/../lib/gcc/arm-none-eabi/14.3.1/../../../../arm-none-eabi/lib/thumb/v8-m.main+fp/hard/libc_nano.a(libc_a-vsprintf.o)
                0x0800e210                _vsiprintf_r
                0x0800e210                _vsprintf_r
 .text.vsprintf
                0x0800e23c       0x14 /opt/st/stm32cubeide_2.1.1/plugins/com.st.stm32cube.ide.mcu.externaltools.gnu-tools-for-stm32.14.3.rel1.linux64_1.0.100.202602081740/tools/bin/../lib/gcc/arm-none-eabi/14.3.1/../../../../arm-none-eabi/lib/thumb/v8-m.main+fp/hard/libc_nano.a(libc_a-vsprintf.o)
                0x0800e23c                vsprintf
                0x0800e23c                vsiprintf
 .text.memset   0x0800e250       0x10 /opt/st/stm32cubeide_2.1.1/plugins/com.st.stm32cube.ide.mcu.externaltools.gnu-tools-for-stm32.14.3.rel1.linux64_1.0.100.202602081740/tools/bin/../lib/gcc/arm-none-eabi/14.3.1/../../../../arm-none-eabi/lib/thumb/v8-m.main+fp/hard/libc_nano.a(libc_a-memset.o)
                0x0800e250                memset
 .text.__errno  0x0800e260        0xc /opt/st/stm32cubeide_2.1.1/plugins/com.st.stm32cube.ide.mcu.externaltools.gnu-tools-for-stm32.14.3.rel1.linux64_1.0.100.202602081740/tools/bin/../lib/gcc/arm-none-eabi/14.3.1/../../../../arm-none-eabi/lib/thumb/v8-m.main+fp/hard/libc_nano.a(libc_a-errno.o)
                0x0800e260                __errno
 .text.__libc_init_array
                0x0800e26c       0x48 /opt/st/stm32cubeide_2.1.1/plugins/com.st.stm32cube.ide.mcu.externaltools.gnu-tools-for-stm32.14.3.rel1.linux64_1.0.100.202602081740/tools/bin/../lib/gcc/arm-none-eabi/14.3.1/../../../../arm-none-eabi/lib/thumb/v8-m.main+fp/hard/libc_nano.a(libc_a-init.o)
                0x0800e26c                __libc_init_array
 .text.__retarget_lock_acquire_recursive
                0x0800e2b4        0x2 /opt/st/stm32cubeide_2.1.1/plugins/com.st.stm32cube.ide.mcu.externaltools.gnu-tools-for-stm32.14.3.rel1.linux64_1.0.100.202602081740/tools/bin/../lib/gcc/arm-none-eabi/14.3.1/../../../../arm-none-eabi/lib/thumb/v8-m.main+fp/hard/libc_nano.a(libc_a-lock.o)
                0x0800e2b4                __retarget_lock_acquire_recursive
 .text.__retarget_lock_release_recursive
                0x0800e2b6        0x2 /opt/st/stm32cubeide_2.1.1/plugins/com.st.stm32cube.ide.mcu.externaltools.gnu-tools-for-stm32.14.3.rel1.linux64_1.0.100.202602081740/tools/bin/../lib/gcc/arm-none-eabi/14.3.1/../../../../arm-none-eabi/lib/thumb/v8-m.main+fp/hard/libc_nano.a(libc_a-lock.o)
                0x0800e2b6                __retarget_lock_release_recursive
 .text._free_r  0x0800e2b8       0x94 /opt/st/stm32cubeide_2.1.1/plugins/com.st.stm32cube.ide.mcu.externaltools.gnu-tools-for-stm32.14.3.rel1.linux64_1.0.100.202602081740/tools/bin/../lib/gcc/arm-none-eabi/14.3.1/../../../../arm-none-eabi/lib/thumb/v8-m.main+fp/hard/libc_nano.a(libc_a-freer.o)
                0x0800e2b8                _free_r
 .text.sbrk_aligned
                0x0800e34c       0x44 /opt/st/stm32cubeide_2.1.1/plugins/com.st.stm32cube.ide.mcu.externaltools.gnu-tools-for-stm32.14.3.rel1.linux64_1.0.100.202602081740/tools/bin/../lib/gcc/arm-none-eabi/14.3.1/../../../../arm-none-eabi/lib/thumb/v8-m.main+fp/hard/libc_nano.a(libc_a-mallocr.o)
 .text._malloc_r
                0x0800e390      0x100 /opt/st/stm32cubeide_2.1.1/plugins/com.st.stm32cube.ide.mcu.externaltools.gnu-tools-for-stm32.14.3.rel1.linux64_1.0.100.202602081740/tools/bin/../lib/gcc/arm-none-eabi/14.3.1/../../../../arm-none-eabi/lib/thumb/v8-m.main+fp/hard/libc_nano.a(libc_a-mallocr.o)
                0x0800e390                _malloc_r
 .text.__malloc_lock
                0x0800e490        0xc /opt/st/stm32cubeide_2.1.1/plugins/com.st.stm32cube.ide.mcu.externaltools.gnu-tools-for-stm32.14.3.rel1.linux64_1.0.100.202602081740/tools/bin/../lib/gcc/arm-none-eabi/14.3.1/../../../../arm-none-eabi/lib/thumb/v8-m.main+fp/hard/libc_nano.a(libc_a-mlock.o)
                0x0800e490                __malloc_lock
 .text.__malloc_unlock
                0x0800e49c        0xc /opt/st/stm32cubeide_2.1.1/plugins/com.st.stm32cube.ide.mcu.externaltools.gnu-tools-for-stm32.14.3.rel1.linux64_1.0.100.202602081740/tools/bin/../lib/gcc/arm-none-eabi/14.3.1/../../../../arm-none-eabi/lib/thumb/v8-m.main+fp/hard/libc_nano.a(libc_a-mlock.o)
                0x0800e49c                __malloc_unlock
 .text.__ssputs_r
                0x0800e4a8       0xc0 /opt/st/stm32cubeide_2.1.1/plugins/com.st.stm32cube.ide.mcu.externaltools.gnu-tools-for-stm32.14.3.rel1.linux64_1.0.100.202602081740/tools/bin/../lib/gcc/arm-none-eabi/14.3.1/../../../../arm-none-eabi/lib/thumb/v8-m.main+fp/hard/libc_nano.a(libc_a-nano-svfprintf.o)
                0x0800e4a8                __ssputs_r
 .text._svfprintf_r
                0x0800e568      0x1f0 /opt/st/stm32cubeide_2.1.1/plugins/com.st.stm32cube.ide.mcu.externaltools.gnu-tools-for-stm32.14.3.rel1.linux64_1.0.100.202602081740/tools/bin/../lib/gcc/arm-none-eabi/14.3.1/../../../../arm-none-eabi/lib/thumb/v8-m.main+fp/hard/libc_nano.a(libc_a-nano-svfprintf.o)
                0x0800e568                _svfprintf_r
                0x0800e568                _svfiprintf_r
 .text._printf_common
                0x0800e758       0xe4 /opt/st/stm32cubeide_2.1.1/plugins/com.st.stm32cube.ide.mcu.externaltools.gnu-tools-for-stm32.14.3.rel1.linux64_1.0.100.202602081740/tools/bin/../lib/gcc/arm-none-eabi/14.3.1/../../../../arm-none-eabi/lib/thumb/v8-m.main+fp/hard/libc_nano.a(libc_a-nano-vfprintf_i.o)
                0x0800e758                _printf_common
 .text._printf_i
                0x0800e83c      0x24c /opt/st/stm32cubeide_2.1.1/plugins/com.st.stm32cube.ide.mcu.externaltools.gnu-tools-for-stm32.14.3.rel1.linux64_1.0.100.202602081740/tools/bin/../lib/gcc/arm-none-eabi/14.3.1/../../../../arm-none-eabi/lib/thumb/v8-m.main+fp/hard/libc_nano.a(libc_a-nano-vfprintf_i.o)
                0x0800e83c                _printf_i
 .text.memmove  0x0800ea88       0x32 /opt/st/stm32cubeide_2.1.1/plugins/com.st.stm32cube.ide.mcu.externaltools.gnu-tools-for-stm32.14.3.rel1.linux64_1.0.100.202602081740/tools/bin/../lib/gcc/arm-none-eabi/14.3.1/../../../../arm-none-eabi/lib/thumb/v8-m.main+fp/hard/libc_nano.a(libc_a-memmove.o)
                0x0800ea88                memmove
 *fill*         0x0800eaba        0x2 
 .text._sbrk_r  0x0800eabc       0x20 /opt/st/stm32cubeide_2.1.1/plugins/com.st.stm32cube.ide.mcu.externaltools.gnu-tools-for-stm32.14.3.rel1.linux64_1.0.100.202602081740/tools/bin/../lib/gcc/arm-none-eabi/14.3.1/../../../../arm-none-eabi/lib/thumb/v8-m.main+fp/hard/libc_nano.a(libc_a-sbrkr.o)
                0x0800eabc                _sbrk_r
 .text.memchr   0x0800eadc       0x1c /opt/st/stm32cubeide_2.1.1/plugins/com.st.stm32cube.ide.mcu.externaltools.gnu-tools-for-stm32.14.3.rel1.linux64_1.0.100.202602081740/tools/bin/../lib/gcc/arm-none-eabi/14.3.1/../../../../arm-none-eabi/lib/thumb/v8-m.main+fp/hard/libc_nano.a(libc_a-memchr-stub.o)
                0x0800eadc                memchr
 .text.memcpy   0x0800eaf8       0x1a /opt/st/stm32cubeide_2.1.1/plugins/com.st.stm32cube.ide.mcu.externaltools.gnu-tools-for-stm32.14.3.rel1.linux64_1.0.100.202602081740/tools/bin/../lib/gcc/arm-none-eabi/14.3.1/../../../../arm-none-eabi/lib/thumb/v8-m.main+fp/hard/libc_nano.a(libc_a-memcpy-stub.o)
                0x0800eaf8                memcpy
 .text._realloc_r
                0x0800eb12       0x5c /opt/st/stm32cubeide_2.1.1/plugins/com.st.stm32cube.ide.mcu.externaltools.gnu-tools-for-stm32.14.3.rel1.linux64_1.0.100.202602081740/tools/bin/../lib/gcc/arm-none-eabi/14.3.1/../../../../arm-none-eabi/lib/thumb/v8-m.main+fp/hard/libc_nano.a(libc_a-reallocr.o)
                0x0800eb12                _realloc_r
 .text._malloc_usable_size_r
                0x0800eb6e       0x10 /opt/st/stm32cubeide_2.1.1/plugins/com.st.stm32cube.ide.mcu.externaltools.gnu-tools-for-stm32.14.3.rel1.linux64_1.0.100.202602081740/tools/bin/../lib/gcc/arm-none-eabi/14.3.1/../../../../arm-none-eabi/lib/thumb/v8-m.main+fp/hard/libc_nano.a(libc_a-msizer.o)
                0x0800eb6e                _malloc_usable_size_r
 *(.glue_7)
 .glue_7        0x0800eb7e        0x0 linker stubs
 *(.glue_7t)
 .glue_7t       0x0800eb7e        0x0 linker stubs
 *(.eh_frame)
 *fill*         0x0800eb7e        0x2 
 .eh_frame      0x0800eb80        0x0 /opt/st/stm32cubeide_2.1.1/plugins/com.st.stm32cube.ide.mcu.externaltools.gnu-tools-for-stm32.14.3.rel1.linux64_1.0.100.202602081740/tools/bin/../lib/gcc/arm-none-eabi/14.3.1/thumb/v8-m.main+fp/hard/crtbegin.o
 *(.init)
 .init          0x0800eb80        0x4 /opt/st/stm32cubeide_2.1.1/plugins/com.st.stm32cube.ide.mcu.externaltools.gnu-tools-for-stm32.14.3.rel1.linux64_1.0.100.202602081740/tools/bin/../lib/gcc/arm-none-eabi/14.3.1/thumb/v8-m.main+fp/hard/crti.o
                0x0800eb80                _init
 .init          0x0800eb84        0x8 /opt/st/stm32cubeide_2.1.1/plugins/com.st.stm32cube.ide.mcu.externaltools.gnu-tools-for-stm32.14.3.rel1.linux64_1.0.100.202602081740/tools/bin/../lib/gcc/arm-none-eabi/14.3.1/thumb/v8-m.main+fp/hard/crtn.o
 *(.fini)
 .fini          0x0800eb8c        0x4 /opt/st/stm32cubeide_2.1.1/plugins/com.st.stm32cube.ide.mcu.externaltools.gnu-tools-for-stm32.14.3.rel1.linux64_1.0.100.202602081740/tools/bin/../lib/gcc/arm-none-eabi/14.3.1/thumb/v8-m.main+fp/hard/crti.o
                0x0800eb8c                _fini
 .fini          0x0800eb90        0x8 /opt/st/stm32cubeide_2.1.1/plugins/com.st.stm32cube.ide.mcu.externaltools.gnu-tools-for-stm32.14.3.rel1.linux64_1.0.100.202602081740/tools/bin/../lib/gcc/arm-none-eabi/14.3.1/thumb/v8-m.main+fp/hard/crtn.o
                0x0800eb98                        . = ALIGN (0x4)
                0x0800eb98                        _etext = .

.vfp11_veneer   0x0800eb98        0x0
 .vfp11_veneer  0x0800eb98        0x0 linker stubs

.v4_bx          0x0800eb98        0x0
 .v4_bx         0x0800eb98        0x0 linker stubs

.iplt           0x0800eb98        0x0
 .iplt          0x0800eb98        0x0 /opt/st/stm32cubeide_2.1.1/plugins/com.st.stm32cube.ide.mcu.externaltools.gnu-tools-for-stm32.14.3.rel1.linux64_1.0.100.202602081740/tools/bin/../lib/gcc/arm-none-eabi/14.3.1/thumb/v8-m.main+fp/hard/crtbegin.o

.rodata         0x0800eb98      0x19c
                0x0800eb98                        . = ALIGN (0x4)
 *(.rodata)
 .rodata        0x0800eb98        0x2 ./Core/Src/COMUNICATION_PROTOCALS/uart.o
 *fill*         0x0800eb9a        0x2 
 .rodata        0x0800eb9c       0x77 ./Core/Src/CONTROL/button.o
 *fill*         0x0800ec13        0x1 
 .rodata        0x0800ec14       0x7f ./Core/Src/CONTROL/print.o
 *fill*         0x0800ec93        0x1 
 .rodata        0x0800ec94       0x19 ./Core/Src/main.o
 *(.rodata*)
 *fill*         0x0800ecad        0x3 
 .rodata.AHBPrescTable
                0x0800ecb0       0x10 ./Core/Src/system_stm32h5xx.o
                0x0800ecb0                AHBPrescTable
 .rodata.APBPrescTable
                0x0800ecc0        0x8 ./Core/Src/system_stm32h5xx.o
                0x0800ecc0                APBPrescTable
 .rodata.DLCtoBytes
                0x0800ecc8       0x10 ./Drivers/STM32H5xx_HAL_Driver/Src/stm32h5xx_hal_fdcan.o
 .rodata.UARTPrescTable
                0x0800ecd8       0x18 ./Drivers/STM32H5xx_HAL_Driver/Src/stm32h5xx_hal_uart.o
                0x0800ecd8                UARTPrescTable
 .rodata.numerator.1
                0x0800ecf0        0x8 ./Drivers/STM32H5xx_HAL_Driver/Src/stm32h5xx_hal_uart_ex.o
 .rodata.denominator.0
                0x0800ecf8        0x8 ./Drivers/STM32H5xx_HAL_Driver/Src/stm32h5xx_hal_uart_ex.o
 .rodata._svfprintf_r.str1.1
                0x0800ed00       0x33 /opt/st/stm32cubeide_2.1.1/plugins/com.st.stm32cube.ide.mcu.externaltools.gnu-tools-for-stm32.14.3.rel1.linux64_1.0.100.202602081740/tools/bin/../lib/gcc/arm-none-eabi/14.3.1/../../../../arm-none-eabi/lib/thumb/v8-m.main+fp/hard/libc_nano.a(libc_a-nano-svfprintf.o)
                                 0x11 (size before relaxing)
 .rodata._printf_i.str1.1
                0x0800ed33       0x22 /opt/st/stm32cubeide_2.1.1/plugins/com.st.stm32cube.ide.mcu.externaltools.gnu-tools-for-stm32.14.3.rel1.linux64_1.0.100.202602081740/tools/bin/../lib/gcc/arm-none-eabi/14.3.1/../../../../arm-none-eabi/lib/thumb/v8-m.main+fp/hard/libc_nano.a(libc_a-nano-vfprintf_i.o)
                0x0800ed58                        . = ALIGN (0x4)
 *fill*         0x0800ed33        0x1 

.ARM.extab      0x0800ed34        0x0
                0x0800ed34                        . = ALIGN (0x4)
 *(.ARM.extab* .gnu.linkonce.armextab.*)
                0x0800ed34                        . = ALIGN (0x4)

.ARM            0x0800ed34        0x8
                0x0800ed34                        . = ALIGN (0x4)
                0x0800ed34                        __exidx_start = .
 *(.ARM.exidx*)
 .ARM.exidx     0x0800ed34        0x8 /opt/st/stm32cubeide_2.1.1/plugins/com.st.stm32cube.ide.mcu.externaltools.gnu-tools-for-stm32.14.3.rel1.linux64_1.0.100.202602081740/tools/bin/../lib/gcc/arm-none-eabi/14.3.1/../../../../arm-none-eabi/lib/thumb/v8-m.main+fp/hard/libc_nano.a(libc_a-strlen.o)
 .ARM.exidx     0x0800ed3c        0x0 /opt/st/stm32cubeide_2.1.1/plugins/com.st.stm32cube.ide.mcu.externaltools.gnu-tools-for-stm32.14.3.rel1.linux64_1.0.100.202602081740/tools/bin/../lib/gcc/arm-none-eabi/14.3.1/thumb/v8-m.main+fp/hard/libgcc.a(_udivmoddi4.o)
                                  0x8 (size before relaxing)
                0x0800ed3c                        __exidx_end = .
                0x0800ed3c                        . = ALIGN (0x4)

.preinit_array  0x0800ed3c        0x0
                0x0800ed3c                        . = ALIGN (0x4)
                0x0800ed3c                        PROVIDE (__preinit_array_start = .)
 *(.preinit_array*)
                0x0800ed3c                        PROVIDE (__preinit_array_end = .)
                0x0800ed3c                        . = ALIGN (0x4)

.init_array     0x0800ed3c        0x4
                0x0800ed3c                        . = ALIGN (0x4)
                0x0800ed3c                        PROVIDE (__init_array_start = .)
 *(SORT_BY_NAME(.init_array.*))
 *(.init_array*)
 .init_array    0x0800ed3c        0x4 /opt/st/stm32cubeide_2.1.1/plugins/com.st.stm32cube.ide.mcu.externaltools.gnu-tools-for-stm32.14.3.rel1.linux64_1.0.100.202602081740/tools/bin/../lib/gcc/arm-none-eabi/14.3.1/thumb/v8-m.main+fp/hard/crtbegin.o
                0x0800ed40                        PROVIDE (__init_array_end = .)
                0x0800ed40                        . = ALIGN (0x4)

.fini_array     0x0800ed40        0x4
                0x0800ed40                        . = ALIGN (0x4)
                [!provide]                        PROVIDE (__fini_array_start = .)
 *(SORT_BY_NAME(.fini_array.*))
 *(.fini_array*)
 .fini_array    0x0800ed40        0x4 /opt/st/stm32cubeide_2.1.1/plugins/com.st.stm32cube.ide.mcu.externaltools.gnu-tools-for-stm32.14.3.rel1.linux64_1.0.100.202602081740/tools/bin/../lib/gcc/arm-none-eabi/14.3.1/thumb/v8-m.main+fp/hard/crtbegin.o
                [!provide]                        PROVIDE (__fini_array_end = .)
                0x0800ed44                        . = ALIGN (0x4)
                0x0800ed44                        _sidata = LOADADDR (.data)

.rel.dyn        0x0800ed44        0x0
 .rel.iplt      0x0800ed44        0x0 /opt/st/stm32cubeide_2.1.1/plugins/com.st.stm32cube.ide.mcu.externaltools.gnu-tools-for-stm32.14.3.rel1.linux64_1.0.100.202602081740/tools/bin/../lib/gcc/arm-none-eabi/14.3.1/thumb/v8-m.main+fp/hard/crtbegin.o

.data           0x20000000       0x74 load address 0x0800ed44
                0x20000000                        . = ALIGN (0x4)
                0x20000000                        _sdata = .
 *(.data)
 *(.data*)
 .data.Alarm    0x20000000        0x1 ./Core/Src/CONTROL/alarms.o
                0x20000000                Alarm
 *fill*         0x20000001        0x3 
 .data.Alarm_Entry
                0x20000004        0x4 ./Core/Src/CONTROL/alarms.o
                0x20000004                Alarm_Entry
 .data.ResistorContactorStatus
                0x20000008        0x1 ./Core/Src/main.o
                0x20000008                ResistorContactorStatus
 .data.MainContactorStatus
                0x20000009        0x1 ./Core/Src/main.o
                0x20000009                MainContactorStatus
 *fill*         0x2000000a        0x2 
 .data.purgas   0x2000000c        0x4 ./Core/Src/main.o
                0x2000000c                purgas
 .data.Entry    0x20000010        0x4 ./Core/Src/main.o
                0x20000010                Entry
 .data.Delay_Restart
                0x20000014        0x4 ./Core/Src/main.o
                0x20000014                Delay_Restart
 .data.SystemCoreClock
                0x20000018        0x4 ./Core/Src/system_stm32h5xx.o
                0x20000018                SystemCoreClock
 .data.uwTickPrio
                0x2000001c        0x4 ./Drivers/STM32H5xx_HAL_Driver/Src/stm32h5xx_hal.o
                0x2000001c                uwTickPrio
 .data.uwTickFreq
                0x20000020        0x1 ./Drivers/STM32H5xx_HAL_Driver/Src/stm32h5xx_hal.o
                0x20000020                uwTickFreq
 *fill*         0x20000021        0x3 
 .data._impure_ptr
                0x20000024        0x4 /opt/st/stm32cubeide_2.1.1/plugins/com.st.stm32cube.ide.mcu.externaltools.gnu-tools-for-stm32.14.3.rel1.linux64_1.0.100.202602081740/tools/bin/../lib/gcc/arm-none-eabi/14.3.1/../../../../arm-none-eabi/lib/thumb/v8-m.main+fp/hard/libc_nano.a(libc_a-impure.o)
                0x20000024                _impure_ptr
 .data._impure_data
                0x20000028       0x4c /opt/st/stm32cubeide_2.1.1/plugins/com.st.stm32cube.ide.mcu.externaltools.gnu-tools-for-stm32.14.3.rel1.linux64_1.0.100.202602081740/tools/bin/../lib/gcc/arm-none-eabi/14.3.1/../../../../arm-none-eabi/lib/thumb/v8-m.main+fp/hard/libc_nano.a(libc_a-impure.o)
                0x20000028                _impure_data
 *(.RamFunc)
 *(.RamFunc*)
                0x20000074                        . = ALIGN (0x4)
                0x20000074                        _edata = .

.igot.plt       0x20000074        0x0 load address 0x0800edb8
 .igot.plt      0x20000074        0x0 /opt/st/stm32cubeide_2.1.1/plugins/com.st.stm32cube.ide.mcu.externaltools.gnu-tools-for-stm32.14.3.rel1.linux64_1.0.100.202602081740/tools/bin/../lib/gcc/arm-none-eabi/14.3.1/thumb/v8-m.main+fp/hard/crtbegin.o
                0x20000074                        . = ALIGN (0x4)

.bss            0x20000074      0x91c load address 0x0800edb8
                0x20000074                        _sbss = .
                0x20000074                        __bss_start__ = _sbss
 *(.bss)
 .bss           0x20000074       0x1c /opt/st/stm32cubeide_2.1.1/plugins/com.st.stm32cube.ide.mcu.externaltools.gnu-tools-for-stm32.14.3.rel1.linux64_1.0.100.202602081740/tools/bin/../lib/gcc/arm-none-eabi/14.3.1/thumb/v8-m.main+fp/hard/crtbegin.o
 *(.bss*)
 .bss.fault_start_time
                0x20000090        0x4 ./Core/Src/CONTROL/alarms.o
 .bss.Current_To_Voltage
                0x20000094        0x4 ./Core/Src/CONTROL/alarms.o
                0x20000094                Current_To_Voltage
 .bss.fault     0x20000098        0x4 ./Core/Src/CONTROL/alarms.o
                0x20000098                fault
 .bss.last_reading
                0x2000009c        0x4 ./Core/Src/CONTROL/alarms.o
                0x2000009c                last_reading
 .bss.Topt      0x200000a0        0x4 ./Core/Src/CONTROL/auto_control.o
                0x200000a0                Topt
 .bss.PurgeActive
                0x200000a4        0x4 ./Core/Src/CONTROL/auto_control.o
                0x200000a4                PurgeActive
 .bss.inteiro   0x200000a8        0x4 ./Core/Src/CONTROL/print.o
                0x200000a8                inteiro
 .bss.decimal   0x200000ac        0x4 ./Core/Src/CONTROL/print.o
                0x200000ac                decimal
 .bss.startuppurge_start_time
                0x200000b0        0x4 ./Core/Src/CONTROL/state.o
                0x200000b0                startuppurge_start_time
 .bss.hadc1     0x200000b4       0x68 ./Core/Src/main.o
                0x200000b4                hadc1
 .bss.hadc2     0x2000011c       0x68 ./Core/Src/main.o
                0x2000011c                hadc2
 .bss.Node_GPDMA1_Channel0
                0x20000184       0x24 ./Core/Src/main.o
                0x20000184                Node_GPDMA1_Channel0
 .bss.List_GPDMA1_Channel0
                0x200001a8       0x18 ./Core/Src/main.o
                0x200001a8                List_GPDMA1_Channel0
 .bss.handle_GPDMA1_Channel0
                0x200001c0       0x78 ./Core/Src/main.o
                0x200001c0                handle_GPDMA1_Channel0
 .bss.Node_GPDMA2_Channel0
                0x20000238       0x24 ./Core/Src/main.o
                0x20000238                Node_GPDMA2_Channel0
 .bss.List_GPDMA2_Channel0
                0x2000025c       0x18 ./Core/Src/main.o
                0x2000025c                List_GPDMA2_Channel0
 .bss.handle_GPDMA2_Channel0
                0x20000274       0x78 ./Core/Src/main.o
                0x20000274                handle_GPDMA2_Channel0
 .bss.hfdcan2   0x200002ec       0x64 ./Core/Src/main.o
                0x200002ec                hfdcan2
 .bss.CHECK     0x20000350       0x24 ./Core/Src/main.o
                0x20000350                CHECK
 .bss.ERROR_CAN
                0x20000374       0x24 ./Core/Src/main.o
                0x20000374                ERROR_CAN
 .bss.RxHeader  0x20000398       0x28 ./Core/Src/main.o
                0x20000398                RxHeader
 .bss.huart2    0x200003c0       0x94 ./Core/Src/main.o
                0x200003c0                huart2
 .bss.htim1     0x20000454       0x4c ./Core/Src/main.o
                0x20000454                htim1
 .bss.htim2     0x200004a0       0x4c ./Core/Src/main.o
                0x200004a0                htim2
 .bss.htim3     0x200004ec       0x4c ./Core/Src/main.o
                0x200004ec                htim3
 .bss.htim4     0x20000538       0x4c ./Core/Src/main.o
                0x20000538                htim4
 .bss.htim6     0x20000584       0x4c ./Core/Src/main.o
                0x20000584                htim6
 .bss.htim12    0x200005d0       0x4c ./Core/Src/main.o
                0x200005d0                htim12
 .bss.ADC_VC    0x2000061c       0xc8 ./Core/Src/main.o
                0x2000061c                ADC_VC
 .bss.ADC_TP    0x200006e4       0xc8 ./Core/Src/main.o
                0x200006e4                ADC_TP
 .bss.DATA      0x200007ac        0x8 ./Core/Src/main.o
                0x200007ac                DATA
 .bss.ERRO_C    0x200007b4        0x8 ./Core/Src/main.o
                0x200007b4                ERRO_C
 .bss.RxData    0x200007bc        0x8 ./Core/Src/main.o
                0x200007bc                RxData
 .bss.PurgeValveStatus
                0x200007c4        0x1 ./Core/Src/main.o
                0x200007c4                PurgeValveStatus
 .bss.SupplyValveStatus
                0x200007c5        0x1 ./Core/Src/main.o
                0x200007c5                SupplyValveStatus
 .bss.FcActualState
                0x200007c6        0x1 ./Core/Src/main.o
                0x200007c6                FcActualState
 *fill*         0x200007c7        0x1 
 .bss.Voltage   0x200007c8        0x4 ./Core/Src/main.o
                0x200007c8                Voltage
 .bss.Pressure  0x200007cc        0x4 ./Core/Src/main.o
                0x200007cc                Pressure
 .bss.Temp      0x200007d0        0x4 ./Core/Src/main.o
                0x200007d0                Temp
 .bss.Current   0x200007d4        0x4 ./Core/Src/main.o
                0x200007d4                Current
 .bss.Fan_power
                0x200007d8        0x4 ./Core/Src/main.o
                0x200007d8                Fan_power
 .bss.PreviousFanCmd
                0x200007dc        0x4 ./Core/Src/main.o
                0x200007dc                PreviousFanCmd
 .bss.last_H2_calc
                0x200007e0        0x4 ./Core/Src/main.o
                0x200007e0                last_H2_calc
 .bss.H2_consumed
                0x200007e4        0x4 ./Core/Src/main.o
                0x200007e4                H2_consumed
 .bss.H2_reacted
                0x200007e8        0x4 ./Core/Src/main.o
                0x200007e8                H2_reacted
 .bss.delta_t   0x200007ec        0x4 ./Core/Src/main.o
                0x200007ec                delta_t
 .bss.amp_segundo
                0x200007f0        0x4 ./Core/Src/main.o
                0x200007f0                amp_segundo
 .bss.Time      0x200007f4        0x4 ./Core/Src/main.o
                0x200007f4                Time
 .bss.fanspoolup_start_time
                0x200007f8        0x4 ./Core/Src/main.o
                0x200007f8                fanspoolup_start_time
 .bss.warmup_start_time
                0x200007fc        0x4 ./Core/Src/main.o
                0x200007fc                warmup_start_time
 .bss.shutdown_start_time
                0x20000800        0x4 ./Core/Src/main.o
                0x20000800                shutdown_start_time
 .bss.PurgeLastCallTime
                0x20000804        0x4 ./Core/Src/main.o
                0x20000804                PurgeLastCallTime
 .bss.PurgeStartTime
                0x20000808        0x4 ./Core/Src/main.o
                0x20000808                PurgeStartTime
 .bss.FanLastCallTime
                0x2000080c        0x4 ./Core/Src/main.o
                0x2000080c                FanLastCallTime
 .bss.LastITerm
                0x20000810        0x4 ./Core/Src/main.o
                0x20000810                LastITerm
 .bss.LastTempDiff
                0x20000814        0x4 ./Core/Src/main.o
                0x20000814                LastTempDiff
 .bss.ForceSupplyActive
                0x20000818        0x1 ./Core/Src/main.o
                0x20000818                ForceSupplyActive
 .bss.ForcePurgeActive
                0x20000819        0x1 ./Core/Src/main.o
                0x20000819                ForcePurgeActive
 *fill*         0x2000081a        0x2 
 .bss.ForceSupplyOpenTime
                0x2000081c        0x4 ./Core/Src/main.o
                0x2000081c                ForceSupplyOpenTime
 .bss.ForcePurgeOpenTime
                0x20000820        0x4 ./Core/Src/main.o
                0x20000820                ForcePurgeOpenTime
 .bss.Start     0x20000824        0x4 ./Core/Src/main.o
                0x20000824                Start
 .bss.Delay_S   0x20000828        0x4 ./Core/Src/main.o
                0x20000828                Delay_S
 .bss.Delay_P   0x2000082c        0x4 ./Core/Src/main.o
                0x2000082c                Delay_P
 .bss.flag_5ms  0x20000830        0x4 ./Core/Src/main.o
                0x20000830                flag_5ms
 .bss.flag_25ms
                0x20000834        0x4 ./Core/Src/main.o
                0x20000834                flag_25ms
 .bss.flag_150ms
                0x20000838        0x4 ./Core/Src/main.o
                0x20000838                flag_150ms
 .bss.HAL_RCC_ADC_CLK_ENABLED
                0x2000083c        0x4 ./Core/Src/stm32h5xx_hal_msp.o
 .bss.__sbrk_heap_end
                0x20000840        0x4 ./Core/Src/sysmem.o
 .bss.uwTick    0x20000844        0x4 ./Drivers/STM32H5xx_HAL_Driver/Src/stm32h5xx_hal.o
                0x20000844                uwTick
 .bss.__sf      0x20000848      0x138 /opt/st/stm32cubeide_2.1.1/plugins/com.st.stm32cube.ide.mcu.externaltools.gnu-tools-for-stm32.14.3.rel1.linux64_1.0.100.202602081740/tools/bin/../lib/gcc/arm-none-eabi/14.3.1/../../../../arm-none-eabi/lib/thumb/v8-m.main+fp/hard/libc_nano.a(libc_a-findfp.o)
                0x20000848                __sf
 .bss.errno     0x20000980        0x4 /opt/st/stm32cubeide_2.1.1/plugins/com.st.stm32cube.ide.mcu.externaltools.gnu-tools-for-stm32.14.3.rel1.linux64_1.0.100.202602081740/tools/bin/../lib/gcc/arm-none-eabi/14.3.1/../../../../arm-none-eabi/lib/thumb/v8-m.main+fp/hard/libc_nano.a(libc_a-reent.o)
                0x20000980                errno
 .bss.__lock___malloc_recursive_mutex
                0x20000984        0x1 /opt/st/stm32cubeide_2.1.1/plugins/com.st.stm32cube.ide.mcu.externaltools.gnu-tools-for-stm32.14.3.rel1.linux64_1.0.100.202602081740/tools/bin/../lib/gcc/arm-none-eabi/14.3.1/../../../../arm-none-eabi/lib/thumb/v8-m.main+fp/hard/libc_nano.a(libc_a-lock.o)
                0x20000984                __lock___malloc_recursive_mutex
 *fill*         0x20000985        0x3 
 .bss.__malloc_sbrk_start
                0x20000988        0x4 /opt/st/stm32cubeide_2.1.1/plugins/com.st.stm32cube.ide.mcu.externaltools.gnu-tools-for-stm32.14.3.rel1.linux64_1.0.100.202602081740/tools/bin/../lib/gcc/arm-none-eabi/14.3.1/../../../../arm-none-eabi/lib/thumb/v8-m.main+fp/hard/libc_nano.a(libc_a-mallocr.o)
                0x20000988                __malloc_sbrk_start
 .bss.__malloc_free_list
                0x2000098c        0x4 /opt/st/stm32cubeide_2.1.1/plugins/com.st.stm32cube.ide.mcu.externaltools.gnu-tools-for-stm32.14.3.rel1.linux64_1.0.100.202602081740/tools/bin/../lib/gcc/arm-none-eabi/14.3.1/../../../../arm-none-eabi/lib/thumb/v8-m.main+fp/hard/libc_nano.a(libc_a-mallocr.o)
                0x2000098c                __malloc_free_list
 *(COMMON)
                0x20000990                        . = ALIGN (0x4)
                0x20000990                        _ebss = .
                0x20000990                        __bss_end__ = _ebss

._user_heap_stack
                0x20000990      0x600 load address 0x0800edb8
                0x20000990                        . = ALIGN (0x8)
                [!provide]                        PROVIDE (end = .)
                0x20000990                        PROVIDE (_end = .)
                0x20000b90                        . = (. + _Min_Heap_Size)
 *fill*         0x20000990      0x200 
                0x20000f90                        . = (. + _Min_Stack_Size)
 *fill*         0x20000b90      0x400 
                0x20000f90                        . = ALIGN (0x8)

/DISCARD/
 libc.a(*)
 libm.a(*)
 libgcc.a(*)

.ARM.attributes
                0x00000000       0x36
 *(.ARM.attributes)
 .ARM.attributes
                0x00000000       0x26 /opt/st/stm32cubeide_2.1.1/plugins/com.st.stm32cube.ide.mcu.externaltools.gnu-tools-for-stm32.14.3.rel1.linux64_1.0.100.202602081740/tools/bin/../lib/gcc/arm-none-eabi/14.3.1/thumb/v8-m.main+fp/hard/crti.o
 .ARM.attributes
                0x00000026       0x38 /opt/st/stm32cubeide_2.1.1/plugins/com.st.stm32cube.ide.mcu.externaltools.gnu-tools-for-stm32.14.3.rel1.linux64_1.0.100.202602081740/tools/bin/../lib/gcc/arm-none-eabi/14.3.1/thumb/v8-m.main+fp/hard/crtbegin.o
 .ARM.attributes
                0x0000005e       0x3a ./Core/Src/CMD/contactor.o
 .ARM.attributes
                0x00000098       0x3a ./Core/Src/CMD/fan.o
 .ARM.attributes
                0x000000d2       0x3a ./Core/Src/CMD/valve.o
 .ARM.attributes
                0x0000010c       0x3a ./Core/Src/COMUNICATION_PROTOCALS/can.o
 .ARM.attributes
                0x00000146       0x3a ./Core/Src/COMUNICATION_PROTOCALS/uart.o
 .ARM.attributes
                0x00000180       0x3a ./Core/Src/CONTROL/alarms.o
 .ARM.attributes
                0x000001ba       0x3a ./Core/Src/CONTROL/auto_control.o
 .ARM.attributes
                0x000001f4       0x3a ./Core/Src/CONTROL/button.o
 .ARM.attributes
                0x0000022e       0x3a ./Core/Src/CONTROL/print.o
 .ARM.attributes
                0x00000268       0x3a ./Core/Src/CONTROL/state.o
 .ARM.attributes
                0x000002a2       0x3a ./Core/Src/main.o
 .ARM.attributes
                0x000002dc       0x3a ./Core/Src/stm32h5xx_hal_msp.o
 .ARM.attributes
                0x00000316       0x3a ./Core/Src/stm32h5xx_it.o
 .ARM.attributes
                0x00000350       0x3a ./Core/Src/sysmem.o
 .ARM.attributes
                0x0000038a       0x3a ./Core/Src/system_stm32h5xx.o
 .ARM.attributes
                0x000003c4       0x24 ./Core/Startup/startup_stm32h533retx.o
 .ARM.attributes
                0x000003e8       0x3a ./Drivers/STM32H5xx_HAL_Driver/Src/stm32h5xx_hal.o
 .ARM.attributes
                0x00000422       0x3a ./Drivers/STM32H5xx_HAL_Driver/Src/stm32h5xx_hal_adc.o
 .ARM.attributes
                0x0000045c       0x3a ./Drivers/STM32H5xx_HAL_Driver/Src/stm32h5xx_hal_cortex.o
 .ARM.attributes
                0x00000496       0x3a ./Drivers/STM32H5xx_HAL_Driver/Src/stm32h5xx_hal_dma.o
 .ARM.attributes
                0x000004d0       0x3a ./Drivers/STM32H5xx_HAL_Driver/Src/stm32h5xx_hal_dma_ex.o
 .ARM.attributes
                0x0000050a       0x3a ./Drivers/STM32H5xx_HAL_Driver/Src/stm32h5xx_hal_fdcan.o
 .ARM.attributes
                0x00000544       0x3a ./Drivers/STM32H5xx_HAL_Driver/Src/stm32h5xx_hal_gpio.o
 .ARM.attributes
                0x0000057e       0x3a ./Drivers/STM32H5xx_HAL_Driver/Src/stm32h5xx_hal_icache.o
 .ARM.attributes
                0x000005b8       0x3a ./Drivers/STM32H5xx_HAL_Driver/Src/stm32h5xx_hal_rcc.o
 .ARM.attributes
                0x000005f2       0x3a ./Drivers/STM32H5xx_HAL_Driver/Src/stm32h5xx_hal_rcc_ex.o
 .ARM.attributes
                0x0000062c       0x3a ./Drivers/STM32H5xx_HAL_Driver/Src/stm32h5xx_hal_tim.o
 .ARM.attributes
                0x00000666       0x3a ./Drivers/STM32H5xx_HAL_Driver/Src/stm32h5xx_hal_tim_ex.o
 .ARM.attributes
                0x000006a0       0x3a ./Drivers/STM32H5xx_HAL_Driver/Src/stm32h5xx_hal_uart.o
 .ARM.attributes
                0x000006da       0x3a ./Drivers/STM32H5xx_HAL_Driver/Src/stm32h5xx_hal_uart_ex.o
 .ARM.attributes
                0x00000714       0x38 /opt/st/stm32cubeide_2.1.1/plugins/com.st.stm32cube.ide.mcu.externaltools.gnu-tools-for-stm32.14.3.rel1.linux64_1.0.100.202602081740/tools/bin/../lib/gcc/arm-none-eabi/14.3.1/../../../../arm-none-eabi/lib/thumb/v8-m.main+fp/hard/libc_nano.a(libc_a-findfp.o)
 .ARM.attributes
                0x0000074c       0x38 /opt/st/stm32cubeide_2.1.1/plugins/com.st.stm32cube.ide.mcu.externaltools.gnu-tools-for-stm32.14.3.rel1.linux64_1.0.100.202602081740/tools/bin/../lib/gcc/arm-none-eabi/14.3.1/../../../../arm-none-eabi/lib/thumb/v8-m.main+fp/hard/libc_nano.a(libc_a-vsprintf.o)
 .ARM.attributes
                0x00000784       0x38 /opt/st/stm32cubeide_2.1.1/plugins/com.st.stm32cube.ide.mcu.externaltools.gnu-tools-for-stm32.14.3.rel1.linux64_1.0.100.202602081740/tools/bin/../lib/gcc/arm-none-eabi/14.3.1/../../../../arm-none-eabi/lib/thumb/v8-m.main+fp/hard/libc_nano.a(libc_a-memset.o)
 .ARM.attributes
                0x000007bc       0x38 /opt/st/stm32cubeide_2.1.1/plugins/com.st.stm32cube.ide.mcu.externaltools.gnu-tools-for-stm32.14.3.rel1.linux64_1.0.100.202602081740/tools/bin/../lib/gcc/arm-none-eabi/14.3.1/../../../../arm-none-eabi/lib/thumb/v8-m.main+fp/hard/libc_nano.a(libc_a-reent.o)
 .ARM.attributes
                0x000007f4       0x38 /opt/st/stm32cubeide_2.1.1/plugins/com.st.stm32cube.ide.mcu.externaltools.gnu-tools-for-stm32.14.3.rel1.linux64_1.0.100.202602081740/tools/bin/../lib/gcc/arm-none-eabi/14.3.1/../../../../arm-none-eabi/lib/thumb/v8-m.main+fp/hard/libc_nano.a(libc_a-impure.o)
 .ARM.attributes
                0x0000082c       0x38 /opt/st/stm32cubeide_2.1.1/plugins/com.st.stm32cube.ide.mcu.externaltools.gnu-tools-for-stm32.14.3.rel1.linux64_1.0.100.202602081740/tools/bin/../lib/gcc/arm-none-eabi/14.3.1/../../../../arm-none-eabi/lib/thumb/v8-m.main+fp/hard/libc_nano.a(libc_a-errno.o)
 .ARM.attributes
                0x00000864       0x38 /opt/st/stm32cubeide_2.1.1/plugins/com.st.stm32cube.ide.mcu.externaltools.gnu-tools-for-stm32.14.3.rel1.linux64_1.0.100.202602081740/tools/bin/../lib/gcc/arm-none-eabi/14.3.1/../../../../arm-none-eabi/lib/thumb/v8-m.main+fp/hard/libc_nano.a(libc_a-init.o)
 .ARM.attributes
                0x0000089c       0x38 /opt/st/stm32cubeide_2.1.1/plugins/com.st.stm32cube.ide.mcu.externaltools.gnu-tools-for-stm32.14.3.rel1.linux64_1.0.100.202602081740/tools/bin/../lib/gcc/arm-none-eabi/14.3.1/../../../../arm-none-eabi/lib/thumb/v8-m.main+fp/hard/libc_nano.a(libc_a-lock.o)
 .ARM.attributes
                0x000008d4       0x24 /opt/st/stm32cubeide_2.1.1/plugins/com.st.stm32cube.ide.mcu.externaltools.gnu-tools-for-stm32.14.3.rel1.linux64_1.0.100.202602081740/tools/bin/../lib/gcc/arm-none-eabi/14.3.1/../../../../arm-none-eabi/lib/thumb/v8-m.main+fp/hard/libc_nano.a(libc_a-strlen.o)
 .ARM.attributes
                0x000008f8       0x38 /opt/st/stm32cubeide_2.1.1/plugins/com.st.stm32cube.ide.mcu.externaltools.gnu-tools-for-stm32.14.3.rel1.linux64_1.0.100.202602081740/tools/bin/../lib/gcc/arm-none-eabi/14.3.1/../../../../arm-none-eabi/lib/thumb/v8-m.main+fp/hard/libc_nano.a(libc_a-freer.o)
 .ARM.attributes
                0x00000930       0x38 /opt/st/stm32cubeide_2.1.1/plugins/com.st.stm32cube.ide.mcu.externaltools.gnu-tools-for-stm32.14.3.rel1.linux64_1.0.100.202602081740/tools/bin/../lib/gcc/arm-none-eabi/14.3.1/../../../../arm-none-eabi/lib/thumb/v8-m.main+fp/hard/libc_nano.a(libc_a-mallocr.o)
 .ARM.attributes
                0x00000968       0x38 /opt/st/stm32cubeide_2.1.1/plugins/com.st.stm32cube.ide.mcu.externaltools.gnu-tools-for-stm32.14.3.rel1.linux64_1.0.100.202602081740/tools/bin/../lib/gcc/arm-none-eabi/14.3.1/../../../../arm-none-eabi/lib/thumb/v8-m.main+fp/hard/libc_nano.a(libc_a-mlock.o)
 .ARM.attributes
                0x000009a0       0x38 /opt/st/stm32cubeide_2.1.1/plugins/com.st.stm32cube.ide.mcu.externaltools.gnu-tools-for-stm32.14.3.rel1.linux64_1.0.100.202602081740/tools/bin/../lib/gcc/arm-none-eabi/14.3.1/../../../../arm-none-eabi/lib/thumb/v8-m.main+fp/hard/libc_nano.a(libc_a-nano-svfprintf.o)
 .ARM.attributes
                0x000009d8       0x38 /opt/st/stm32cubeide_2.1.1/plugins/com.st.stm32cube.ide.mcu.externaltools.gnu-tools-for-stm32.14.3.rel1.linux64_1.0.100.202602081740/tools/bin/../lib/gcc/arm-none-eabi/14.3.1/../../../../arm-none-eabi/lib/thumb/v8-m.main+fp/hard/libc_nano.a(libc_a-nano-vfprintf_i.o)
 .ARM.attributes
                0x00000a10       0x38 /opt/st/stm32cubeide_2.1.1/plugins/com.st.stm32cube.ide.mcu.externaltools.gnu-tools-for-stm32.14.3.rel1.linux64_1.0.100.202602081740/tools/bin/../lib/gcc/arm-none-eabi/14.3.1/../../../../arm-none-eabi/lib/thumb/v8-m.main+fp/hard/libc_nano.a(libc_a-memmove.o)
 .ARM.attributes
                0x00000a48       0x38 /opt/st/stm32cubeide_2.1.1/plugins/com.st.stm32cube.ide.mcu.externaltools.gnu-tools-for-stm32.14.3.rel1.linux64_1.0.100.202602081740/tools/bin/../lib/gcc/arm-none-eabi/14.3.1/../../../../arm-none-eabi/lib/thumb/v8-m.main+fp/hard/libc_nano.a(libc_a-sbrkr.o)
 .ARM.attributes
                0x00000a80       0x38 /opt/st/stm32cubeide_2.1.1/plugins/com.st.stm32cube.ide.mcu.externaltools.gnu-tools-for-stm32.14.3.rel1.linux64_1.0.100.202602081740/tools/bin/../lib/gcc/arm-none-eabi/14.3.1/../../../../arm-none-eabi/lib/thumb/v8-m.main+fp/hard/libc_nano.a(libc_a-memchr-stub.o)
 .ARM.attributes
                0x00000ab8       0x38 /opt/st/stm32cubeide_2.1.1/plugins/com.st.stm32cube.ide.mcu.externaltools.gnu-tools-for-stm32.14.3.rel1.linux64_1.0.100.202602081740/tools/bin/../lib/gcc/arm-none-eabi/14.3.1/../../../../arm-none-eabi/lib/thumb/v8-m.main+fp/hard/libc_nano.a(libc_a-memcpy-stub.o)
 .ARM.attributes
                0x00000af0       0x38 /opt/st/stm32cubeide_2.1.1/plugins/com.st.stm32cube.ide.mcu.externaltools.gnu-tools-for-stm32.14.3.rel1.linux64_1.0.100.202602081740/tools/bin/../lib/gcc/arm-none-eabi/14.3.1/../../../../arm-none-eabi/lib/thumb/v8-m.main+fp/hard/libc_nano.a(libc_a-reallocr.o)
 .ARM.attributes
                0x00000b28       0x38 /opt/st/stm32cubeide_2.1.1/plugins/com.st.stm32cube.ide.mcu.externaltools.gnu-tools-for-stm32.14.3.rel1.linux64_1.0.100.202602081740/tools/bin/../lib/gcc/arm-none-eabi/14.3.1/../../../../arm-none-eabi/lib/thumb/v8-m.main+fp/hard/libc_nano.a(libc_a-msizer.o)
 .ARM.attributes
                0x00000b60       0x26 /opt/st/stm32cubeide_2.1.1/plugins/com.st.stm32cube.ide.mcu.externaltools.gnu-tools-for-stm32.14.3.rel1.linux64_1.0.100.202602081740/tools/bin/../lib/gcc/arm-none-eabi/14.3.1/thumb/v8-m.main+fp/hard/libgcc.a(_arm_muldf3.o)
 .ARM.attributes
                0x00000b86       0x26 /opt/st/stm32cubeide_2.1.1/plugins/com.st.stm32cube.ide.mcu.externaltools.gnu-tools-for-stm32.14.3.rel1.linux64_1.0.100.202602081740/tools/bin/../lib/gcc/arm-none-eabi/14.3.1/thumb/v8-m.main+fp/hard/libgcc.a(_arm_addsubdf3.o)
 .ARM.attributes
                0x00000bac       0x26 /opt/st/stm32cubeide_2.1.1/plugins/com.st.stm32cube.ide.mcu.externaltools.gnu-tools-for-stm32.14.3.rel1.linux64_1.0.100.202602081740/tools/bin/../lib/gcc/arm-none-eabi/14.3.1/thumb/v8-m.main+fp/hard/libgcc.a(_arm_cmpdf2.o)
 .ARM.attributes
                0x00000bd2       0x26 /opt/st/stm32cubeide_2.1.1/plugins/com.st.stm32cube.ide.mcu.externaltools.gnu-tools-for-stm32.14.3.rel1.linux64_1.0.100.202602081740/tools/bin/../lib/gcc/arm-none-eabi/14.3.1/thumb/v8-m.main+fp/hard/libgcc.a(_arm_truncdfsf2.o)
 .ARM.attributes
                0x00000bf8       0x26 /opt/st/stm32cubeide_2.1.1/plugins/com.st.stm32cube.ide.mcu.externaltools.gnu-tools-for-stm32.14.3.rel1.linux64_1.0.100.202602081740/tools/bin/../lib/gcc/arm-none-eabi/14.3.1/thumb/v8-m.main+fp/hard/libgcc.a(_aeabi_uldivmod.o)
 .ARM.attributes
                0x00000c1e       0x38 /opt/st/stm32cubeide_2.1.1/plugins/com.st.stm32cube.ide.mcu.externaltools.gnu-tools-for-stm32.14.3.rel1.linux64_1.0.100.202602081740/tools/bin/../lib/gcc/arm-none-eabi/14.3.1/thumb/v8-m.main+fp/hard/libgcc.a(_udivmoddi4.o)
 .ARM.attributes
                0x00000c56       0x26 /opt/st/stm32cubeide_2.1.1/plugins/com.st.stm32cube.ide.mcu.externaltools.gnu-tools-for-stm32.14.3.rel1.linux64_1.0.100.202602081740/tools/bin/../lib/gcc/arm-none-eabi/14.3.1/thumb/v8-m.main+fp/hard/libgcc.a(_dvmd_tls.o)
 .ARM.attributes