../Core/Src/CONTROL/state.c:19:6:Run_State_Machine	8	static
../Core/Src/CONTROL/state.c:53:6:FC_StandBy_State	8	static
../Core/Src/CONTROL/state.c:64:6:FC_StartUp_FanSpoolUp_State	8	static
../Core/Src/CONTROL/state.c:82:6:FC_StartUp_StartUpPurge_State	8	static
../Core/Src/CONTROL/state.c:100:6:FC_WarmUp	8	static
../Core/Src/CONTROL/state.c:118:6:FC_StartUp_End_State	8	static
../Core/Src/CONTROL/state.c:132:6:FC_Run_State	8	static
../Core/Src/CONTROL/state.c:151:6:FC_Shutdown_State	8	static
../Core/Src/CONTROL/state.c:169:6:FC_Alarm_State	8	static
