../Core/Src/CONTROL/state.c:20:6:Run_State_Machine	8	static
../Core/Src/CONTROL/state.c:56:6:FC_StandBy_State	8	static
../Core/Src/CONTROL/state.c:70:6:FC_StartUp_FanSpoolUp_State	8	static
../Core/Src/CONTROL/state.c:94:6:FC_StartUp_StartUpPurge_State	8	static
../Core/Src/CONTROL/state.c:118:6:FC_WarmUp	8	static
../Core/Src/CONTROL/state.c:142:6:FC_StartUp_End_State	8	static
../Core/Src/CONTROL/state.c:161:6:FC_Run_State	8	static
../Core/Src/CONTROL/state.c:186:6:FC_Shutdown_State	8	static
../Core/Src/CONTROL/state.c:211:6:FC_Alarm_State	8	static
