../Core/Src/main.c:140:5:main	8	static
../Core/Src/main.c:220:6:Receive_CAN_Message	8	static
../Core/Src/main.c:250:6:HAL_ADC_ConvHalfCpltCallback	40	static
../Core/Src/main.c:297:6:HAL_ADC_ConvCpltCallback	40	static
../Core/Src/main.c:345:6:HAL_GPIO_EXTI_Rising_Callback	16	static
../Core/Src/main.c:383:6:HAL_GPIO_EXTI_Falling_Callback	16	static
../Core/Src/main.c:398:6:HAL_TIM_PeriodElapsedCallback	16	static
../Core/Src/main.c:417:6:SystemClock_Config	120	static
../Core/Src/main.c:468:13:MX_ADC1_Init	40	static
../Core/Src/main.c:521:13:MX_ADC2_Init	40	static
../Core/Src/main.c:571:13:MX_FDCAN2_Init	8	static
../Core/Src/main.c:600:13:MX_GPDMA1_Init	16	static
../Core/Src/main.c:608:13:MX_GPDMA2_Init	16	static
../Core/Src/main.c:619:13:MX_ICACHE_Init	8	static
../Core/Src/main.c:635:13:MX_TIM1_Init	104	static
../Core/Src/main.c:697:13:MX_TIM2_Init	24	static
../Core/Src/main.c:724:13:MX_TIM3_Init	40	static
../Core/Src/main.c:757:13:MX_TIM4_Init	40	static
../Core/Src/main.c:790:13:MX_TIM6_Init	24	static
../Core/Src/main.c:817:13:MX_TIM12_Init	24	static
../Core/Src/main.c:842:13:MX_USART2_UART_Init	8	static
../Core/Src/main.c:876:13:MX_USART6_UART_Init	4	static
../Core/Src/main.c:895:13:MX_GPIO_Init	48	static
../Core/Src/main.c:950:6:EXTI0_IRQHandler	8	static
../Core/Src/main.c:955:6:EXTI1_IRQHandler	8	static
../Core/Src/main.c:960:6:EXTI2_IRQHandler	8	static
../Core/Src/main.c:968:6:MPU_Config	32	static
../Core/Src/main.c:998:6:Error_Handler	4	static,ignoring_inline_asm
