../Core/Src/main.c:140:5:main	8	static
../Core/Src/main.c:221:6:Receive_CAN_Message	8	static
../Core/Src/main.c:251:6:HAL_ADC_ConvHalfCpltCallback	40	static
../Core/Src/main.c:298:6:HAL_ADC_ConvCpltCallback	40	static
../Core/Src/main.c:346:6:HAL_GPIO_EXTI_Rising_Callback	16	static
../Core/Src/main.c:384:6:HAL_GPIO_EXTI_Falling_Callback	16	static
../Core/Src/main.c:399:6:HAL_TIM_PeriodElapsedCallback	16	static
../Core/Src/main.c:418:6:SystemClock_Config	120	static
../Core/Src/main.c:469:13:MX_ADC1_Init	40	static
../Core/Src/main.c:522:13:MX_ADC2_Init	40	static
../Core/Src/main.c:572:13:MX_FDCAN2_Init	8	static
../Core/Src/main.c:601:13:MX_GPDMA1_Init	16	static
../Core/Src/main.c:609:13:MX_GPDMA2_Init	16	static
../Core/Src/main.c:620:13:MX_ICACHE_Init	8	static
../Core/Src/main.c:636:13:MX_TIM1_Init	104	static
../Core/Src/main.c:698:13:MX_TIM2_Init	24	static
../Core/Src/main.c:725:13:MX_TIM3_Init	40	static
../Core/Src/main.c:758:13:MX_TIM4_Init	40	static
../Core/Src/main.c:791:13:MX_TIM6_Init	24	static
../Core/Src/main.c:818:13:MX_TIM12_Init	24	static
../Core/Src/main.c:843:13:MX_USART2_UART_Init	8	static
../Core/Src/main.c:877:13:MX_USART6_UART_Init	4	static
../Core/Src/main.c:896:13:MX_GPIO_Init	48	static
../Core/Src/main.c:951:6:EXTI0_IRQHandler	8	static
../Core/Src/main.c:956:6:EXTI1_IRQHandler	8	static
../Core/Src/main.c:961:6:EXTI2_IRQHandler	8	static
../Core/Src/main.c:969:6:MPU_Config	32	static
../Core/Src/main.c:999:6:Error_Handler	4	static,ignoring_inline_asm
