../Core/Src/main.c:138:5:main	8	static
../Core/Src/main.c:218:6:Receive_CAN_Message	8	static
../Core/Src/main.c:248:6:HAL_ADC_ConvHalfCpltCallback	40	static
../Core/Src/main.c:295:6:HAL_ADC_ConvCpltCallback	40	static
../Core/Src/main.c:343:6:HAL_GPIO_EXTI_Rising_Callback	16	static
../Core/Src/main.c:381:6:HAL_GPIO_EXTI_Falling_Callback	16	static
../Core/Src/main.c:396:6:HAL_TIM_PeriodElapsedCallback	16	static
../Core/Src/main.c:415:6:SystemClock_Config	120	static
../Core/Src/main.c:466:13:MX_ADC1_Init	40	static
../Core/Src/main.c:519:13:MX_ADC2_Init	40	static
../Core/Src/main.c:569:13:MX_FDCAN2_Init	8	static
../Core/Src/main.c:598:13:MX_GPDMA1_Init	16	static
../Core/Src/main.c:606:13:MX_GPDMA2_Init	16	static
../Core/Src/main.c:617:13:MX_ICACHE_Init	8	static
../Core/Src/main.c:633:13:MX_TIM1_Init	104	static
../Core/Src/main.c:695:13:MX_TIM2_Init	24	static
../Core/Src/main.c:722:13:MX_TIM3_Init	40	static
../Core/Src/main.c:755:13:MX_TIM4_Init	40	static
../Core/Src/main.c:788:13:MX_TIM6_Init	24	static
../Core/Src/main.c:815:13:MX_TIM12_Init	24	static
../Core/Src/main.c:840:13:MX_USART2_UART_Init	8	static
../Core/Src/main.c:874:13:MX_USART6_UART_Init	4	static
../Core/Src/main.c:893:13:MX_GPIO_Init	48	static
../Core/Src/main.c:948:6:EXTI0_IRQHandler	8	static
../Core/Src/main.c:953:6:EXTI1_IRQHandler	8	static
../Core/Src/main.c:958:6:EXTI2_IRQHandler	8	static
../Core/Src/main.c:966:6:MPU_Config	32	static
../Core/Src/main.c:996:6:Error_Handler	4	static,ignoring_inline_asm
