../Core/Src/main.c:102:5:main	8	static,ignoring_inline_asm
../Core/Src/main.c:161:8:HAL_ADC_ConvHalfCpltCallback	40	static
../Core/Src/main.c:201:8:HAL_ADC_ConvCpltCallback	40	static
../Core/Src/main.c:240:8:HAL_GPIO_EXTI_Rising_Callback	16	static
../Core/Src/main.c:271:8:HAL_GPIO_EXTI_Falling_Callback	16	static
../Core/Src/main.c:283:8:HAL_TIM_PeriodElapsedCallback	16	static
../Core/Src/main.c:303:6:SystemClock_Config	120	static
../Core/Src/main.c:363:13:MX_ADC1_Init	40	static
../Core/Src/main.c:431:13:MX_ADC2_Init	40	static
../Core/Src/main.c:499:13:MX_FDCAN2_Init	8	static
../Core/Src/main.c:542:13:MX_GPDMA1_Init	16	static
../Core/Src/main.c:570:13:MX_GPDMA2_Init	16	static
../Core/Src/main.c:598:13:MX_ICACHE_Init	8	static
../Core/Src/main.c:630:13:MX_TIM1_Init	104	static
../Core/Src/main.c:702:13:MX_TIM3_Init	40	static
../Core/Src/main.c:747:13:MX_TIM4_Init	40	static
../Core/Src/main.c:792:13:MX_TIM12_Init	24	static
../Core/Src/main.c:830:13:MX_USART1_UART_Init	8	static
../Core/Src/main.c:878:13:MX_GPIO_Init	48	static
../Core/Src/main.c:951:6:MPU_Config	32	static
../Core/Src/main.c:987:6:Error_Handler	4	static,ignoring_inline_asm
